=~=~=~=~=~=~=~=~=~=~=~= PuTTY log 2025.11.08 12:21:30 =~=~=~=~=~=~=~=~=~=~=~=
87 Dstance: 3.34
3149 Time: 97 Distance: 3.34
3150 Time: 97 Distance: 3.34
3151 Time: 97 Distance: 3.34
3152 Time: 97 ime: 97 Distance: 3.34
3149 Time: 97 Distance: 3.34
3150 Time: 97 Distance: 3.34
3151 Time: 97 Distance: 3.34
3152 Time: 97 Bat dau doc AHT20...
Nhiet do: 25.53 *C  |  Do am: 95.05 %
1 Time: 97 Distance: 3.34
2 Time: 94 Distance: 3.24
3 Time: 97 Distance: 3.34
4 Time: 97 Distance: 3.34
5 Time: 97 Distance: 3.34
6 Time: 97 Distance: 3.34
7 Time: 97 Distance: 3.34
8 Time: 97 Distance: 3.34
9 Time: 94 Distance: 3.24
10 Time: 97 Distance: 3.34
11 Time: 97 Distance: 3.34
12 Time: 97 Distance: 3.34
13 Time: 97 Distance: 3.34
14 Time: 97 Distance: 3.34
15 Time: 97 Distance: 3.34
16 Time: 94 Distance: 3.24
17 Time: 97 Distance: 3.34
18 Time: 97 Distance: 3.34
19 Time: 97 Distance: 3.34
20 Time: 97 Distance: 3.34
21 Time: 97 Distance: 3.34
22 Time: 97 Distance: 3.34
23 Time: 94 Distance: 3.24
24 Time: 97 Distance: 3.34
25 Time: 94 Distance: 3.24
26 Time: 97 Distance: 3.34
27 Time: 97 Distance: 3.34
28 Time: 97 Distance: 3.34
29 Time: 97 Distance: 3.34
30 Time: 97 Distance: 3.34
31 Time: 97 Distance: 3.34
32 Time: 94 Distance: 3.24
33 Time: 97 Distance: 3.34
34 Time: 97 Distance: 3.34
35 Time: 97 Distance: 3.34
36 Time: 97 Distance: 3.34
37 Time: 97 Distance: 3.34
38 Time: 97 Distance: 3.34
39 Time: 94 Distance: 3.24
40 Time: 97 Distance: 3.34
41 Time: 94 Distance: 3.24
42 Time: 97 Distance: 3.34
43 Time: 97 Distance: 3.34
44 Time: 97 Distance: 3.34
45 Time: 97 Distance: 3.34
46 Time: 97 Distance: 3.34
47 Time: 97 Distance: 3.34
48 Time: 94 Distance: 3.24
49 Time: 97 Distance: 3.34
50 Time: 97 Distance: 3.34
51 Time: 97 Distance: 3.34
52 Time: 97 Distance: 3.34
53 Time: 97 Distance: 3.34
54 Time: 97 Distance: 3.34
55 Time: 94 Distance: 3.24
56 Time: 97 Distance: 3.34
57 Time: 94 Distance: 3.24
58 Time: 97 Distance: 3.34
59 Time: 97 Distance: 3.34
60 Time: 97 Distance: 3.34
61 Time: 97 Distance: 3.34
62 Time: 97 Distance: 3.34
63 Time: 97 Distance: 3.34
64 Time: 94 Distance: 3.24
65 Time: 97 Distance: 3.34
66 Time: 97 Distance: 3.34
67 Time: 97 Distance: 3.34
68 Time: 97 Distance: 3.34
69 Time: 97 Distance: 3.34
70 Time: 97 Distance: 3.34
71 Time: 94 Distance: 3.24
72 Time: 97 Distance: 3.34
73 Time: 94 Distance: 3.24
74 Time: 97 Distance: 3.34
75 Time: 97 Distance: 3.34
76 Time: 97 Distance: 3.34
77 Time: 97 Distance: 3.34
78 Time: 97 Distance: 3.34
79 Time: 97 Distance: 3.34
80 Time: 94 Distance: 3.24
81 Time: 97 Distance: 3.34
82 Time: 97 Distance: 3.34
83 Time: 97 Distance: 3.34
84 Time: 97 Distance: 3.34
85 Time: 97 Distance: 3.34
86 Time: 97 Distance: 3.34
87 Time: 94 Distance: 3.24
88 Time: 97 Distance: 3.34
89 Time: 94 Distance: 3.24
90 Time: 97 Distance: 3.34
91 Time: 97 Distance: 3.34
92 Time: 97 Distance: 3.34
93 Time: 97 Distance: 3.34
94 Time: 97 Distance: 3.34
95 Time: 97 Distance: 3.34
96 Time: 94 Distance: 3.24
97 Time: 97 Distance: 3.34
98 Time: 97 Distance: 3.34
99 Time: 97 Distance: 3.34
100 Time: 97 Distance: 3.34
101 Time: 97 Distance: 3.34
102 Time: 97 Distance: 3.34
103 Time: 97 Distance: 3.34
104 Time: 97 Distance: 3.34
105 Time: 94 Distance: 3.24
106 Time: 97 Distance: 3.34
107 Time: 94 Distance: 3.24
108 Time: 97 Distance: 3.34
109 Time: 97 Distance: 3.34
110 Time: 97 Distance: 3.34
111 Time: 97 Distance: 3.34
112 Time: 97 Distance: 3.34
113 Time: 97 Distance: 3.34
114 Time: 94 Distance: 3.24
115 Time: 97 Distance: 3.34
116 Time: 94 Distance: 3.24
117 Time: 97 Distance: 3.34
118 Time: 97 Distance: 3.34
119 Time: 97 Distance: 3.34
120 Time: 97 Distance: 3.34
121 Time: 97 Distance: 3.34
122 Time: 97 Distance: 3.34
123 Time: 97 Distance: 3.34
124 Time: 97 Distance: 3.34
125 Time: 94 Distance: 3.24
126 Time: 97 Distance: 3.34
127 Time: 94 Distance: 3.24
128 Time: 97 Distance: 3.34
129 Time: 97 Distance: 3.34
130 Time: 97 Distance: 3.34
131 Time: 97 Distance: 3.34
132 Time: 97 Distance: 3.34
133 Time: 97 Distance: 3.34
134 Time: 97 Distance: 3.34
135 Time: 97 Distance: 3.34
136 Time: 94 Distance: 3.24
137 Time: 97 Distance: 3.34
138 Time: 94 Distance: 3.24
139 Time: 97 Distance: 3.34
140 Time: 97 Distance: 3.34
141 Time: 97 Distance: 3.34
142 Time: 97 Distance: 3.34
143 Time: 97 Distance: 3.34
144 Time: 97 Distance: 3.34
145 Time: 97 Distance: 3.34
146 Time: 97 Distance: 3.34
147 Time: 94 Distance: 3.24
148 Time: 97 Distance: 3.34
149 Time: 94 Distance: 3.24
150 Time: 97 Distance: 3.34
151 Time: 97 Distance: 3.34
152 Time: 97 Distance: 3.34
153 Time: 97 Distance: 3.34
154 Time: 97 Distance: 3.34
155 Time: 97 Distance: 3.34
156 Time: 97 Distance: 3.34
157 Time: 97 Distance: 3.34
158 Time: 94 Distance: 3.24
159 Time: 97 Distance: 3.34
160 Time: 94 Distance: 3.24
161 Time: 97 Distance: 3.34
162 Time: 97 Distance: 3.34
163 Time: 97 Distance: 3.34
164 Time: 97 Distance: 3.34
165 Time: 97 Distance: 3.34
166 Time: 97 Distance: 3.34
167 Time: 97 Distance: 3.34
168 Time: 97 Distance: 3.34
169 Time: 94 Distance: 3.24
170 Time: 97 Distance: 3.34
171 Time: 94 Distance: 3.24
172 Time: 97 Distance: 3.34
173 Time: 97 Distance: 3.34
174 Time: 97 Distance: 3.34
175 Time: 97 Distance: 3.34
176 Time: 97 Distance: 3.34
177 Time: 97 Distance: 3.34
178 Time: 94 Distance: 3.24
179 Time: 97 Distance: 3.34
180 Time: 94 Distance: 3.24
181 Time: 97 Distance: 3.34
182 Time: 97 Distance: 3.34
183 Time: 97 Distance: 3.34
184 Time: 97 Distance: 3.34
185 Time: 97 Distance: 3.34
186 Time: 97 Distance: 3.34
187 Time: 97 Distance: 3.34
188 Time: 97 Distance: 3.34
189 Time: 94 Distance: 3.24
190 Time: 97 Distance: 3.34
191 Time: 94 Distance: 3.24
192 Time: 97 Distance: 3.34
193 Time: 97 Distance: 3.34
194 Time: 97 Distance: 3.34
195 Time: 97 Distance: 3.34
196 Time: 97 Distance: 3.34
197 Time: 97 Distance: 3.34
198 Time: 97 Distance: 3.34
199 Time: 97 Distance: 3.34
200 Time: 94 Distance: 3.24
201 Time: 97 Distance: 3.34
202 Time: 94 Distance: 3.24
203 Time: 97 Distance: 3.34
204 Time: 97 Distance: 3.34
205 Time: 97 Distance: 3.34
206 Time: 97 Distance: 3.34
207 Time: 97 Distance: 3.34
208 Time: 97 Distance: 3.34
209 Time: 97 Distance: 3.34
210 Time: 97 Distance: 3.34
211 Time: 94 Distance: 3.24
212 Time: 97 Distance: 3.34
213 Time: 94 Distance: 3.24
214 Time: 97 Distance: 3.34
215 Time: 97 Distance: 3.34
216 Time: 97 Distance: 3.34
217 Time: 97 Distance: 3.34
218 Time: 97 Distance: 3.34
219 Time: 97 Distance: 3.34
220 Time: 97 Distance: 3.34
221 Time: 97 Distance: 3.34
222 Time: 94 Distance: 3.24
223 Time: 97 Distance: 3.34
224 Time: 94 Distance: 3.24
225 Time: 97 Distance: 3.34
226 Time: 97 Distance: 3.34
227 Time: 97 Distance: 3.34
228 Time: 97 Distance: 3.34
229 Time: 97 Distance: 3.34
230 Time: 97 Distance: 3.34
231 Time: 97 Distance: 3.34
232 Time: 97 Distance: 3.34
233 Time: 94 Distance: 3.24
234 Time: 97 Distance: 3.34
235 Time: 94 Distance: 3.24
236 Time: 97 Distance: 3.34
237 Time: 97 Distance: 3.34
238 Time: 97 Distance: 3.34
239 Time: 97 Distance: 3.34
240 Time: 97 Distance: 3.34
241 Time: 97 Distance: 3.34
242 Time: 94 Distance: 3.24
243 Time: 97 Distance: 3.34
244 Time: 94 Distance: 3.24
245 Time: 97 Distance: 3.34
246 Time: 97 Distance: 3.34
247 Time: 97 Distance: 3.34
248 Time: 97 Distance: 3.34
249 Time: 97 Distance: 3.34
250 Time: 97 Distance: 3.34
251 Time: 97 Distance: 3.34
252 Time: 97 Distance: 3.34
253 Time: 94 Distance: 3.24
254 Time: 97 Distance: 3.34
255 Time: 94 Distance: 3.24
256 Time: 97 Distance: 3.34
257 Time: 97 Distance: 3.34
258 Time: 97 Distance: 3.34
259 Time: 97 Distance: 3.34
260 Time: 97 Distance: 3.34
261 Time: 97 Distance: 3.34
262 Time: 97 Distance: 3.34
263 Time: 97 Distance: 3.34
264 Time: 94 Distance: 3.24
265 Time: 97 Distance: 3.34
266 Time: 94 Distance: 3.24
267 Time: 97 Distance: 3.34
268 Time: 97 Distance: 3.34
269 Time: 97 Distance: 3.34
270 Time: 97 Distance: 3.34
271 Time: 97 Distance: 3.34
272 Time: 97 Distance: 3.34
273 Time: 97 Distance: 3.34
274 Time: 97 Distance: 3.34
275 Time: 94 Distance: 3.24
276 Time: 97 Distance: 3.34
277 Time: 94 Distance: 3.24
278 Time: 97 Distance: 3.34
279 Time: 97 Distance: 3.34
280 Time: 97 Distance: 3.34
281 Time: 97 Distance: 3.34
282 Time: 97 Distance: 3.34
283 Time: 97 Distance: 3.34
284 Time: 97 Distance: 3.34
285 Time: 97 Distance: 3.34
286 Time: 94 Distance: 3.24
287 Time: 97 Distance: 3.34
288 Time: 94 Distance: 3.24
289 Time: 97 Distance: 3.34
290 Time: 97 Distance: 3.34
291 Time: 97 Distance: 3.34
292 Time: 97 Distance: 3.34
293 Time: 97 Distance: 3.34
294 Time: 97 Distance: 3.34
295 Time: 97 Distance: 3.34
296 Time: 97 Distance: 3.34
297 Time: 94 Distance: 3.24
298 Time: 97 Distance: 3.34
299 Time: 94 Distance: 3.24
300 Time: 97 Distance: 3.34
301 Time: 97 Distance: 3.34
302 Time: 97 Distance: 3.34
303 Time: 97 Distance: 3.34
304 Time: 97 Distance: 3.34
305 Time: 97 Distance: 3.34
306 Time: 94 Distance: 3.24
307 Time: 97 Distance: 3.34
308 Time: 94 Distance: 3.24
309 Time: 97 Distance: 3.34
310 Time: 97 Distance: 3.34
311 Time: 97 Distance: 3.34
312 Time: 97 Distance: 3.34
313 Time: 97 Distance: 3.34
314 Time: 97 Distance: 3.34
315 Time: 97 Distance: 3.34
316 Time: 97 Distance: 3.34
317 Time: 94 Distance: 3.24
318 Time: 97 Distance: 3.34
319 Time: 94 Distance: 3.24
320 Time: 97 Distance: 3.34
321 Time: 97 Distance: 3.34
322 Time: 97 Distance: 3.34
323 Time: 97 Distance: 3.34
324 Time: 97 Distance: 3.34
325 Time: 97 Distance: 3.34
326 Time: 97 Distance: 3.34
327 Time: 97 Distance: 3.34
328 Time: 94 Distance: 3.24
329 Time: 97 Distance: 3.34
330 Time: 94 Distance: 3.24
331 Time: 97 Distance: 3.34
332 Time: 97 Distance: 3.34
333 Time: 97 Distance: 3.34
334 Time: 97 Distance: 3.34
335 Time: 97 Distance: 3.34
336 Time: 97 Distance: 3.34
337 Time: 97 Distance: 3.34
338 Time: 97 Distance: 3.34
339 Time: 94 Distance: 3.24
340 Time: 97 Distance: 3.34
341 Time: 94 Distance: 3.24
342 Time: 97 Distance: 3.34
343 Time: 97 Distance: 3.34
344 Time: 97 Distance: 3.34
345 Time: 97 Distance: 3.34
346 Time: 97 Distance: 3.34
347 Time: 97 Distance: 3.34
348 Time: 97 Distance: 3.34
349 Time: 97 Distance: 3.34
350 Time: 94 Distance: 3.24
351 Time: 97 Distance: 3.34
352 Time: 94 Distance: 3.24
353 Time: 97 Distance: 3.34
354 Time: 97 Distance: 3.34
355 Time: 97 Distance: 3.34
356 Time: 97 Distance: 3.34
357 Time: 97 Distance: 3.34
358 Time: 97 Distance: 3.34
359 Time: 97 Distance: 3.34
360 Time: 97 Distance: 3.34
361 Time: 94 Distance: 3.24
362 Time: 97 Distance: 3.34
363 Time: 94 Distance: 3.24
364 Time: 97 Distance: 3.34
365 Time: 97 Distance: 3.34
366 Time: 97 Distance: 3.34
367 Time: 97 Distance: 3.34
368 Time: 97 Distance: 3.34
369 Time: 97 Distance: 3.34
370 Time: 94 Distance: 3.24
371 Time: 97 Distance: 3.34
372 Time: 94 Distance: 3.24
373 Time: 97 Distance: 3.34
374 Time: 97 Distance: 3.34
375 Time: 97 Distance: 3.34
376 Time: 97 Distance: 3.34
377 Time: 97 Distance: 3.34
378 Time: 97 Distance: 3.34
379 Time: 97 Distance: 3.34
380 Time: 97 Distance: 3.34
381 Time: 94 Distance: 3.24
382 Time: 97 Distance: 3.34
383 Time: 94 Distance: 3.24
384 Time: 97 Distance: 3.34
385 Time: 97 Distance: 3.34
386 Time: 97 Distance: 3.34
387 Time: 97 Distance: 3.34
388 Time: 97 Distance: 3.34
389 Time: 97 Distance: 3.34
390 Time: 97 Distance: 3.34
391 Time: 97 Distance: 3.34
392 Time: 94 Distance: 3.24
393 Time: 97 Distance: 3.34
394 Time: 94 Distance: 3.24
395 Time: 97 Distance: 3.34
396 Time: 97 Distance: 3.34
397 Time: 97 Distance: 3.34
398 Time: 97 Distance: 3.34
399 Time: 97 Distance: 3.34
400 Time: 97 Distance: 3.34
401 Time: 97 Distance: 3.34
402 Time: 97 Distance: 3.34
403 Time: 94 Distance: 3.24
404 Time: 97 Distance: 3.34
405 Time: 94 Distance: 3.24
406 Time: 97 Distance: 3.34
407 Time: 97 Distance: 3.34
408 Time: 97 Distance: 3.34
409 Time: 97 Distance: 3.34
410 Time: 97 Distance: 3.34
411 Time: 97 Distance: 3.34
412 Time: 97 Distance: 3.34
413 Time: 97 Distance: 3.34
414 Time: 94 Distance: 3.24
415 Time: 97 Distance: 3.34
416 Time: 94 Distance: 3.24
417 Time: 97 Distance: 3.34
418 Time: 97 Distance: 3.34
419 Time: 97 Distance: 3.34
420 Time: 97 Distance: 3.34
421 Time: 97 Distance: 3.34
422 Time: 97 Distance: 3.34
423 Time: 97 Distance: 3.34
424 Time: 97 Distance: 3.34
425 Time: 94 Distance: 3.24
426 Time: 97 Distance: 3.34
427 Time: 94 Distance: 3.24
428 Time: 97 Distance: 3.34
429 Time: 97 Distance: 3.34
430 Time: 97 Distance: 3.34
431 Time: 97 Distance: 3.34
432 Time: 97 Distance: 3.34
433 Time: 97 Distance: 3.34
434 Time: 94 Distance: 3.24
435 Time: 97 Distance: 3.34
436 Time: 94 Distance: 3.24
437 Time: 97 Distance: 3.34
438 Time: 97 Distance: 3.34
439 Time: 97 Distance: 3.34
440 Time: 97 Distance: 3.34
441 Time: 97 Distance: 3.34
442 Time: 97 Distance: 3.34
443 Time: 97 Distance: 3.34
444 Time: 97 Distance: 3.34
445 Time: 94 Distance: 3.24
446 Time: 97 Distance: 3.34
447 Time: 94 Distance: 3.24
448 Time: 97 Distance: 3.34
449 Time: 97 Distance: 3.34
450 Time: 97 Distance: 3.34
451 Time: 97 Distance: 3.34
452 Time: 97 Distance: 3.34
453 Time: 97 Distance: 3.34
454 Time: 97 Distance: 3.34
455 Time: 97 Distance: 3.34
456 Time: 94 Distance: 3.24
457 Time: 97 Distance: 3.34
458 Time: 94 Distance: 3.24
459 Time: 97 Distance: 3.34
460 Time: 97 Distance: 3.34
461 Time: 97 Distance: 3.34
462 Time: 97 Distance: 3.34
463 Time: 97 Distance: 3.34
464 Time: 97 Distance: 3.34
465 Time: 97 Distance: 3.34
466 Time: 97 Distance: 3.34
467 Time: 94 Distance: 3.24
468 Time: 97 Distance: 3.34
469 Time: 94 Distance: 3.24
470 Time: 97 Distance: 3.34
471 Time: 97 Distance: 3.34
472 Time: 97 Distance: 3.34
473 Time: 97 Distance: 3.34
474 Time: 97 Distance: 3.34
475 Time: 97 Distance: 3.34
476 Time: 97 Distance: 3.34
477 Time: 97 Distance: 3.34
478 Time: 94 Distance: 3.24
479 Time: 97 Distance: 3.34
480 Time: 94 Distance: 3.24
481 Time: 97 Distance: 3.34
482 Time: 97 Distance: 3.34
483 Time: 97 Distance: 3.34
484 Time: 97 Distance: 3.34
485 Time: 97 Distance: 3.34
486 Time: 97 Distance: 3.34
487 Time: 97 Distance: 3.34
488 Time: 97 Distance: 3.34
489 Time: 94 Distance: 3.24
490 Time: 97 Distance: 3.34
491 Time: 94 Distance: 3.24
492 Time: 97 Distance: 3.34
493 Time: 98 Distance: 3.36
494 Time: 97 Distance: 3.34
495 Time: 97 Distance: 3.34
496 Time: 97 Distance: 3.34
497 Time: 97 Distance: 3.34
498 Time: 94 Distance: 3.24
499 Time: 97 Distance: 3.34
500 Time: 94 Distance: 3.24
501 Time: 97 Distance: 3.34
502 Time: 97 Distance: 3.34
503 Time: 97 Distance: 3.34
504 Time: 97 Distance: 3.34
505 Time: 97 Distance: 3.34
506 Time: 97 Distance: 3.34
507 Time: 97 Distance: 3.34
508 Time: 97 Distance: 3.34
509 Time: 94 Distance: 3.24
510 Time: 97 Distance: 3.34
511 Time: 94 Distance: 3.24
512 Time: 97 Distance: 3.34
513 Time: 97 Distance: 3.34
514 Time: 97 Distance: 3.34
515 Time: 97 Distance: 3.34
516 Time: 97 Distance: 3.34
517 Time: 97 Distance: 3.34
518 Time: 97 Distance: 3.34
519 Time: 97 Distance: 3.34
520 Time: 94 Distance: 3.24
521 Time: 97 Distance: 3.34
522 Time: 94 Distance: 3.24
523 Time: 97 Distance: 3.34
524 Time: 97 Distance: 3.34
525 Time: 97 Distance: 3.34
526 Time: 97 Distance: 3.34
527 Time: 97 Distance: 3.34
528 Time: 97 Distance: 3.34
529 Time: 97 Distance: 3.34
530 Time: 97 Distance: 3.34
531 Time: 94 Distance: 3.24
532 Time: 97 Distance: 3.34
533 Time: 94 Distance: 3.24
534 Time: 97 Distance: 3.34
535 Time: 97 Distance: 3.34
536 Time: 97 Distance: 3.34
537 Time: 97 Distance: 3.34
538 Time: 97 Distance: 3.34
539 Time: 97 Distance: 3.34
540 Time: 97 Distance: 3.34
541 Time: 97 Distance: 3.34
542 Time: 94 Distance: 3.24
543 Time: 97 Distance: 3.34
544 Time: 94 Distance: 3.24
545 Time: 97 Distance: 3.34
546 Time: 97 Distance: 3.34
547 Time: 97 Distance: 3.34
548 Time: 97 Distance: 3.34
549 Time: 97 Distance: 3.34
550 Time: 97 Distance: 3.34
551 Time: 97 Distance: 3.34
552 Time: 97 Distance: 3.34
553 Time: 94 Distance: 3.24
554 Time: 97 Distance: 3.34
555 Time: 94 Distance: 3.24
556 Time: 97 Distance: 3.34
557 Time: 97 Distance: 3.34
558 Time: 97 Distance: 3.34
559 Time: 97 Distance: 3.34
560 Time: 97 Distance: 3.34
561 Time: 97 Distance: 3.34
562 Time: 94 Distance: 3.24
563 Time: 97 Distance: 3.34
564 Time: 94 Distance: 3.24
565 Time: 97 Distance: 3.34
566 Time: 97 Distance: 3.34
567 Time: 97 Distance: 3.34
568 Time: 97 Distance: 3.34
569 Time: 97 Distance: 3.34
570 Time: 97 Distance: 3.34
571 Time: 97 Distance: 3.34
572 Time: 97 Distance: 3.34
573 Time: 94 Distance: 3.24
574 Time: 97 Distance: 3.34
575 Time: 94 Distance: 3.24
576 Time: 97 Distance: 3.34
577 Time: 97 Distance: 3.34
578 Time: 97 Distance: 3.34
579 Time: 97 Distance: 3.34
580 Time: 97 Distance: 3.34
581 Time: 97 Distance: 3.34
582 Time: 97 Distance: 3.34
583 Time: 97 Distance: 3.34
584 Time: 94 Distance: 3.24
585 Time: 97 Distance: 3.34
586 Time: 94 Distance: 3.24
587 Time: 97 Distance: 3.34
588 Time: 97 Distance: 3.34
589 Time: 97 Distance: 3.34
590 Time: 97 Distance: 3.34
591 Time: 97 Distance: 3.34
592 Time: 97 Distance: 3.34
593 Time: 97 Distance: 3.34
594 Time: 97 Distance: 3.34
595 Time: 94 Distance: 3.24
596 Time: 97 Distance: 3.34
597 Time: 94 Distance: 3.24
598 Time: 97 Distance: 3.34
599 Time: 97 Distance: 3.34
600 Time: 97 Distance: 3.34
601 Time: 97 Distance: 3.34
602 Time: 97 Distance: 3.34
603 Time: 97 Distance: 3.34
604 Time: 97 Distance: 3.34
605 Time: 97 Distance: 3.34
606 Time: 94 Distance: 3.24
607 Time: 97 Distance: 3.34
608 Time: 94 Distance: 3.24
609 Time: 97 Distance: 3.34
610 Time: 97 Distance: 3.34
611 Time: 97 Distance: 3.34
612 Time: 97 Distance: 3.34
613 Time: 97 Distance: 3.34
614 Time: 97 Distance: 3.34
615 Time: 97 Distance: 3.34
616 Time: 97 Distance: 3.34
617 Time: 94 Distance: 3.24
618 Time: 97 Distance: 3.34
619 Time: 94 Distance: 3.24
620 Time: 97 Distance: 3.34
621 Time: 97 Distance: 3.34
622 Time: 97 Distance: 3.34
623 Time: 97 Distance: 3.34
624 Time: 97 Distance: 3.34
625 Time: 97 Distance: 3.34
626 Time: 94 Distance: 3.24
627 Time: 97 Distance: 3.34
628 Time: 94 Distance: 3.24
629 Time: 97 Distance: 3.34
630 Time: 97 Distance: 3.34
631 Time: 97 Distance: 3.34
632 Time: 97 Distance: 3.34
633 Time: 97 Distance: 3.34
634 Time: 97 Distance: 3.34
635 Time: 97 Distance: 3.34
636 Time: 97 Distance: 3.34
637 Time: 94 Distance: 3.24
638 Time: 97 Distance: 3.34
639 Time: 94 Distance: 3.24
640 Time: 97 Distance: 3.34
641 Time: 97 Distance: 3.34
642 Time: 97 Distance: 3.34
643 Time: 97 Distance: 3.34
644 Time: 97 Distance: 3.34
645 Time: 97 Distance: 3.34
646 Time: 97 Distance: 3.34
647 Time: 97 Distance: 3.34
648 Time: 94 Distance: 3.24
649 Time: 97 Distance: 3.34
650 Time: 94 Distance: 3.24
651 Time: 97 Distance: 3.34
652 Time: 97 Distance: 3.34
653 Time: 97 Distance: 3.34
654 Time: 97 Distance: 3.34
655 Time: 97 Distance: 3.34
656 Time: 97 Distance: 3.34
657 Time: 97 Distance: 3.34
658 Time: 97 Distance: 3.34
659 Time: 94 Distance: 3.24
660 Time: 97 Distance: 3.34
661 Time: 94 Distance: 3.24
662 Time: 97 Distance: 3.34
663 Time: 97 Distance: 3.34
664 Time: 97 Distance: 3.34
665 Time: 97 Distance: 3.34
666 Time: 97 Distance: 3.34
667 Time: 97 Distance: 3.34
668 Time: 97 Distance: 3.34
669 Time: 97 Distance: 3.34
670 Time: 94 Distance: 3.24
671 Time: 97 Distance: 3.34
672 Time: 94 Distance: 3.24
673 Time: 97 Distance: 3.34
674 Time: 97 Distance: 3.34
675 Time: 97 Distance: 3.34
676 Time: 97 Distance: 3.34
677 Time: 97 Distance: 3.34
678 Time: 97 Distance: 3.34
679 Time: 97 Distance: 3.34
680 Time: 97 Distance: 3.34
681 Time: 94 Distance: 3.24
682 Time: 97 Distance: 3.34
683 Time: 94 Distance: 3.24
684 Time: 97 Distance: 3.34
685 Time: 97 Distance: 3.34
686 Time: 97 Distance: 3.34
687 Time: 97 Distance: 3.34
688 Time: 97 Distance: 3.34
689 Time: 97 Distance: 3.34
690 Time: 94 Distance: 3.24
691 Time: 97 Distance: 3.34
692 Time: 94 Distance: 3.24
693 Time: 97 Distance: 3.34
694 Time: 97 Distance: 3.34
695 Time: 97 Distance: 3.34
696 Time: 97 Distance: 3.34
697 Time: 97 Distance: 3.34
698 Time: 97 Distance: 3.34
699 Time: 97 Distance: 3.34
700 Time: 97 Distance: 3.34
701 Time: 94 Distance: 3.24
702 Time: 97 Distance: 3.34
703 Time: 94 Distance: 3.24
704 Time: 97 Distance: 3.34
705 Time: 97 Distance: 3.34
706 Time: 97 Distance: 3.34
707 Time: 97 Distance: 3.34
708 Time: 97 Distance: 3.34
709 Time: 97 Distance: 3.34
710 Time: 97 Distance: 3.34
711 Time: 97 Distance: 3.34
712 Time: 94 Distance: 3.24
713 Time: 97 Distance: 3.34
714 Time: 94 Distance: 3.24
715 Time: 97 Distance: 3.34
716 Time: 97 Distance: 3.34
717 Time: 97 Distance: 3.34
718 Time: 97 Distance: 3.34
719 Time: 97 Distance: 3.34
720 Time: 97 Distance: 3.34
721 Time: 97 Distance: 3.34
722 Time: 97 Distance: 3.34
723 Time: 94 Distance: 3.24
724 Time: 97 Distance: 3.34
725 Time: 94 Distance: 3.24
726 Time: 97 Distance: 3.34
727 Time: 97 Distance: 3.34
728 Time: 97 Distance: 3.34
729 Time: 97 Distance: 3.34
730 Time: 97 Distance: 3.34
731 Time: 97 Distance: 3.34
732 Time: 97 Distance: 3.34
733 Time: 97 Distance: 3.34
734 Time: 94 Distance: 3.24
735 Time: 97 Distance: 3.34
736 Time: 94 Distance: 3.24
737 Time: 97 Distance: 3.34
738 Time: 97 Distance: 3.34
739 Time: 97 Distance: 3.34
740 Time: 97 Distance: 3.34
741 Time: 97 Distance: 3.34
742 Time: 97 Distance: 3.34
743 Time: 97 Distance: 3.34
744 Time: 97 Distance: 3.34
745 Time: 94 Distance: 3.24
746 Time: 97 Distance: 3.34
747 Time: 94 Distance: 3.24
748 Time: 97 Distance: 3.34
749 Time: 97 Distance: 3.34
750 Time: 97 Distance: 3.34
751 Time: 97 Distance: 3.34
752 Time: 97 Distance: 3.34
753 Time: 97 Distance: 3.34
754 Time: 94 Distance: 3.24
755 Time: 97 Distance: 3.34
756 Time: 94 Distance: 3.24
757 Time: 97 Distance: 3.34
758 Time: 97 Distance: 3.34
759 Time: 97 Distance: 3.34
760 Time: 97 Distance: 3.34
761 Time: 97 Distance: 3.34
762 Time: 97 Distance: 3.34
763 Time: 97 Distance: 3.34
764 Time: 97 Distance: 3.34
765 Time: 94 Distance: 3.24
766 Time: 97 Distance: 3.34
767 Time: 94 Distance: 3.24
768 Time: 97 Distance: 3.34
769 Time: 97 Distance: 3.34
770 Time: 97 Distance: 3.34
771 Time: 97 Distance: 3.34
772 Time: 97 Distance: 3.34
773 Time: 97 Distance: 3.34
774 Time: 97 Distance: 3.34
775 Time: 97 Distance: 3.34
776 Time: 94 Distance: 3.24
777 Time: 97 Distance: 3.34
778 Time: 94 Distance: 3.24
779 Time: 97 Distance: 3.34
780 Time: 97 Distance: 3.34
781 Time: 97 Distance: 3.34
782 Time: 97 Distance: 3.34
783 Time: 97 Distance: 3.34
784 Time: 97 Distance: 3.34
785 Time: 97 Distance: 3.34
786 Time: 97 Distance: 3.34
787 Time: 94 Distance: 3.24
788 Time: 97 Distance: 3.34
789 Time: 94 Distance: 3.24
790 Time: 97 Distance: 3.34
791 Time: 97 Distance: 3.34
792 Time: 97 Distance: 3.34
793 Time: 97 Distance: 3.34
794 Time: 97 Distance: 3.34
795 Time: 97 Distance: 3.34
796 Time: 97 Distance: 3.34
797 Time: 97 Distance: 3.34
798 Time: 94 Distance: 3.24
799 Time: 97 Distance: 3.34
800 Time: 94 Distance: 3.24
801 Time: 97 Distance: 3.34
802 Time: 97 Distance: 3.34
803 Time: 97 Distance: 3.34
804 Time: 97 Distance: 3.34
805 Time: 97 Distance: 3.34
806 Time: 97 Distance: 3.34
807 Time: 97 Distance: 3.34
808 Time: 97 Distance: 3.34
809 Time: 94 Distance: 3.24
810 Time: 97 Distance: 3.34
811 Time: 94 Distance: 3.24
812 Time: 97 Distance: 3.34
813 Time: 97 Distance: 3.34
814 Time: 97 Distance: 3.34
815 Time: 97 Distance: 3.34
816 Time: 97 Distance: 3.34
817 Time: 97 Distance: 3.34
818 Time: 94 Distance: 3.24
819 Time: 97 Distance: 3.34
820 Time: 94 Distance: 3.24
821 Time: 97 Distance: 3.34
822 Time: 97 Distance: 3.34
823 Time: 97 Distance: 3.34
824 Time: 97 Distance: 3.34
825 Time: 97 Distance: 3.34
826 Time: 97 Distance: 3.34
827 Time: 97 Distance: 3.34
828 Time: 97 Distance: 3.34
829 Time: 94 Distance: 3.24
830 Time: 97 Distance: 3.34
831 Time: 94 Distance: 3.24
832 Time: 97 Distance: 3.34
833 Time: 97 Distance: 3.34
834 Time: 97 Distance: 3.34
835 Time: 97 Distance: 3.34
836 Time: 97 Distance: 3.34
837 Time: 97 Distance: 3.34
838 Time: 97 Distance: 3.34
839 Time: 97 Distance: 3.34
840 Time: 94 Distance: 3.24
841 Time: 97 Distance: 3.34
842 Time: 94 Distance: 3.24
843 Time: 97 Distance: 3.34
844 Time: 97 Distance: 3.34
845 Time: 97 Distance: 3.34
846 Time: 97 Distance: 3.34
847 Time: 97 Distance: 3.34
848 Time: 97 Distance: 3.34
849 Time: 97 Distance: 3.34
850 Time: 97 Distance: 3.34
851 Time: 94 Distance: 3.24
852 Time: 97 Distance: 3.34
853 Time: 94 Distance: 3.24
854 Time: 97 Distance: 3.34
855 Time: 97 Distance: 3.34
856 Time: 97 Distance: 3.34
857 Time: 97 Distance: 3.34
858 Time: 97 Distance: 3.34
859 Time: 97 Distance: 3.34
860 Time: 97 Distance: 3.34
861 Time: 97 Distance: 3.34
862 Time: 94 Distance: 3.24
863 Time: 97 Distance: 3.34
864 Time: 94 Distance: 3.24
865 Time: 97 Distance: 3.34
866 Time: 97 Distance: 3.34
867 Time: 97 Distance: 3.34
868 Time: 97 Distance: 3.34
869 Time: 97 Distance: 3.34
870 Time: 97 Distance: 3.34
871 Time: 97 Distance: 3.34
872 Time: 97 Distance: 3.34
873 Time: 94 Distance: 3.24
874 Time: 97 Distance: 3.34
875 Time: 94 Distance: 3.24
876 Time: 97 Distance: 3.34
877 Time: 97 Distance: 3.34
878 Time: 97 Distance: 3.34
879 Time: 97 Distance: 3.34
880 Time: 97 Distance: 3.34
881 Time: 97 Distance: 3.34
882 Time: 94 Distance: 3.24
883 Time: 97 Distance: 3.34
884 Time: 94 Distance: 3.24
885 Time: 97 Distance: 3.34
886 Time: 97 Distance: 3.34
887 Time: 97 Distance: 3.34
888 Time: 97 Distance: 3.34
889 Time: 97 Distance: 3.34
890 Time: 97 Distance: 3.34
891 Time: 97 Distance: 3.34
892 Time: 97 Distance: 3.34
893 Time: 94 Distance: 3.24
894 Time: 97 Distance: 3.34
895 Time: 94 Distance: 3.24
896 Time: 97 Distance: 3.34
897 Time: 97 Distance: 3.34
898 Time: 97 Distance: 3.34
899 Time: 97 Distance: 3.34
900 Time: 97 Distance: 3.34
901 Time: 97 Distance: 3.34
902 Time: 97 Distance: 3.34
903 Time: 97 Distance: 3.34
904 Time: 94 Distance: 3.24
905 Time: 97 Distance: 3.34
906 Time: 94 Distance: 3.24
907 Time: 97 Distance: 3.34
908 Time: 97 Distance: 3.34
909 Time: 97 Distance: 3.34
910 Time: 97 Distance: 3.34
911 Time: 97 Distance: 3.34
912 Time: 97 Distance: 3.34
913 Time: 97 Distance: 3.34
914 Time: 97 Distance: 3.34
915 Time: 94 Distance: 3.24
916 Time: 97 Distance: 3.34
917 Time: 94 Distance: 3.24
918 Time: 97 Distance: 3.34
919 Time: 97 Distance: 3.34
920 Time: 97 Distance: 3.34
921 Time: 97 Distance: 3.34
922 Time: 97 Distance: 3.34
923 Time: 97 Distance: 3.34
924 Time: 97 Distance: 3.34
925 Time: 97 Distance: 3.34
926 Time: 94 Distance: 3.24
927 Time: 97 Distance: 3.34
928 Time: 94 Distance: 3.24
929 Time: 97 Distance: 3.34
930 Time: 97 Distance: 3.34
931 Time: 97 Distance: 3.34
932 Time: 97 Distance: 3.34
933 Time: 97 Distance: 3.34
934 Time: 97 Distance: 3.34
935 Time: 97 Distance: 3.34
936 Time: 97 Distance: 3.34
937 Time: 94 Distance: 3.24
938 Time: 97 Distance: 3.34
939 Time: 94 Distance: 3.24
940 Time: 97 Distance: 3.34
941 Time: 97 Distance: 3.34
942 Time: 97 Distance: 3.34
943 Time: 97 Distance: 3.34
944 Time: 97 Distance: 3.34
945 Time: 97 Distance: 3.34
946 Time: 94 Distance: 3.24
947 Time: 97 Distance: 3.34
948 Time: 94 Distance: 3.24
949 Time: 97 Distance: 3.34
950 Time: 97 Distance: 3.34
951 Time: 97 Distance: 3.34
952 Time: 97 Distance: 3.34
953 Time: 97 Distance: 3.34
954 Time: 97 Distance: 3.34
955 Time: 97 Distance: 3.34
956 Time: 97 Distance: 3.34
957 Time: 94 Distance: 3.24
958 Time: 97 Distance: 3.34
959 Time: 94 Distance: 3.24
960 Time: 97 Distance: 3.34
961 Time: 97 Distance: 3.34
962 Time: 97 Distance: 3.34
963 Time: 97 Distance: 3.34
964 Time: 97 Distance: 3.34
965 Time: 97 Distance: 3.34
966 Time: 97 Distance: 3.34
967 Time: 97 Distance: 3.34
968 Time: 94 Distance: 3.24
969 Time: 97 Distance: 3.34
970 Time: 94 Distance: 3.24
971 Time: 97 Distance: 3.34
972 Time: 97 Distance: 3.34
973 Time: 97 Distance: 3.34
974 Time: 97 Distance: 3.34
975 Time: 97 Distance: 3.34
976 Time: 97 Distance: 3.34
977 Time: 97 Distance: 3.34
978 Time: 97 Distance: 3.34
979 Time: 94 Distance: 3.24
980 Time: 97 Distance: 3.34
981 Time: 94 Distance: 3.24
982 Time: 97 Distance: 3.34
983 Time: 97 Distance: 3.34
984 Time: 97 Distance: 3.34
985 Time: 97 Distance: 3.34
986 Time: 97 Distance: 3.34
987 Time: 97 Distance: 3.34
988 Time: 97 Distance: 3.34
989 Time: 97 Distance: 3.34
990 Time: 94 Distance: 3.24
991 Time: 97 Distance: 3.34
992 Time: 94 Distance: 3.24
993 Time: 97 Distance: 3.34
994 Time: 97 Distance: 3.34
995 Time: 97 Distance: 3.34
996 Time: 97 Distance: 3.34
997 Time: 97 Distance: 3.34
998 Time: 97 Distance: 3.34
999 Time: 97 Distance: 3.34
1000 Time: 97 Distance: 3.34
1001 Time: 94 Distance: 3.24
1002 Time: 97 Distance: 3.34
1003 Time: 94 Distance: 3.24
1004 Time: 97 Distance: 3.34
1005 Time: 97 Distance: 3.34
1006 Time: 97 Distance: 3.34
1007 Time: 97 Distance: 3.34
1008 Time: 97 Distance: 3.34
1009 Time: 97 Distance: 3.34
1010 Time: 97 Distance: 3.34
1011 Time: 97 Distance: 3.34
1012 Time: 97 Distance: 3.34
1013 Time: 97 Distance: 3.34
1014 Time: 97 Distance: 3.34
1015 Time: 97 Distance: 3.34
1016 Time: 94 Distance: 3.24
1017 Time: 97 Distance: 3.34
1018 Time: 94 Distance: 3.24
1019 Time: 97 Distance: 3.34
1020 Time: 94 Distance: 3.24
1021 Time: 97 Distance: 3.34
1022 Time: 97 Distance: 3.34
1023 Time: 97 Distance: 3.34
1024 Time: 97 Distance: 3.34
1025 Time: 97 Distance: 3.34
1026 Time: 97 Distance: 3.34
1027 Time: 97 Distance: 3.34
1028 Time: 97 Distance: 3.34
1029 Time: 97 Distance: 3.34
1030 Time: 97 Distance: 3.34
1031 Time: 94 Distance: 3.24
1032 Time: 97 Distance: 3.34
1033 Time: 94 Distance: 3.24
1034 Time: 97 Distance: 3.34
1035 Time: 94 Distance: 3.24
1036 Time: 97 Distance: 3.34
1037 Time: 97 Distance: 3.34
1038 Time: 97 Distance: 3.34
1039 Time: 97 Distance: 3.34
1040 Time: 97 Distance: 3.34
1041 Time: 97 Distance: 3.34
1042 Time: 97 Distance: 3.34
1043 Time: 97 Distance: 3.34
1044 Time: 97 Distance: 3.34
1045 Time: 97 Distance: 3.34
1046 Time: 97 Distance: 3.34
1047 Time: 97 Distance: 3.34
1048 Time: 94 Distance: 3.24
1049 Time: 97 Distance: 3.34
1050 Time: 94 Distance: 3.24
1051 Time: 97 Distance: 3.34
1052 Time: 94 Distance: 3.24
1053 Time: 97 Distance: 3.34
1054 Time: 97 Distance: 3.34
1055 Time: 97 Distance: 3.34
1056 Time: 97 Distance: 3.34
1057 Time: 97 Distance: 3.34
1058 Time: 97 Distance: 3.34
1059 Time: 97 Distance: 3.34
1060 Time: 97 Distance: 3.34
1061 Time: 97 Distance: 3.34
1062 Time: 97 Distance: 3.34
1063 Time: 94 Distance: 3.24
1064 Time: 97 Distance: 3.34
1065 Time: 94 Distance: 3.24
1066 Time: 97 Distance: 3.34
1067 Time: 94 Distance: 3.24
1068 Time: 97 Distance: 3.34
1069 Time: 97 Distance: 3.34
1070 Time: 97 Distance: 3.34
1071 Time: 97 Distance: 3.34
1072 Time: 97 Distance: 3.34
1073 Time: 97 Distance: 3.34
1074 Time: 97 Distance: 3.34
1075 Time: 97 Distance: 3.34
1076 Time: 97 Distance: 3.34
1077 Time: 97 Distance: 3.34
1078 Time: 97 Distance: 3.34
1079 Time: 97 Distance: 3.34
1080 Time: 94 Distance: 3.24
1081 Time: 97 Distance: 3.34
1082 Time: 94 Distance: 3.24
1083 Time: 97 Distance: 3.34
1084 Time: 94 Distance: 3.24
1085 Time: 97 Distance: 3.34
1086 Time: 97 Distance: 3.34
1087 Time: 97 Distance: 3.34
1088 Time: 97 Distance: 3.34
1089 Time: 97 Distance: 3.34
1090 Time: 97 Distance: 3.34
1091 Time: 97 Distance: 3.34
1092 Time: 97 Distance: 3.34
1093 Time: 97 Distance: 3.34
1094 Time: 97 Distance: 3.34
1095 Time: 94 Distance: 3.24
1096 Time: 97 Distance: 3.34
1097 Time: 94 Distance: 3.24
1098 Time: 97 Distance: 3.34
1099 Time: 94 Distance: 3.24
1100 Time: 97 Distance: 3.34
1101 Time: 97 Distance: 3.34
1102 Time: 97 Distance: 3.34
1103 Time: 97 Distance: 3.34
1104 Time: 97 Distance: 3.34
1105 Time: 97 Distance: 3.34
1106 Time: 97 Distance: 3.34
1107 Time: 97 Distance: 3.34
1108 Time: 97 Distance: 3.34
1109 Time: 97 Distance: 3.34
1110 Time: 97 Distance: 3.34
1111 Time: 97 Distance: 3.34
1112 Time: 94 Distance: 3.24
1113 Time: 97 Distance: 3.34
1114 Time: 94 Distance: 3.24
1115 Time: 97 Distance: 3.34
1116 Time: 94 Distance: 3.24
1117 Time: 97 Distance: 3.34
1118 Time: 97 Distance: 3.34
1119 Time: 97 Distance: 3.34
1120 Time: 97 Distance: 3.34
1121 Time: 97 Distance: 3.34
1122 Time: 97 Distance: 3.34
1123 Time: 97 Distance: 3.34
1124 Time: 97 Distance: 3.34
1125 Time: 97 Distance: 3.34
1126 Time: 97 Distance: 3.34
1127 Time: 94 Distance: 3.24
1128 Time: 97 Distance: 3.34
1129 Time: 94 Distance: 3.24
1130 Time: 97 Distance: 3.34
1131 Time: 94 Distance: 3.24
1132 Time: 97 Distance: 3.34
1133 Time: 97 Distance: 3.34
1134 Time: 97 Distance: 3.34
1135 Time: 97 Distance: 3.34
1136 Time: 97 Distance: 3.34
1137 Time: 97 Distance: 3.34
1138 Time: 97 Distance: 3.34
1139 Time: 97 Distance: 3.34
1140 Time: 97 Distance: 3.34
1141 Time: 97 Distance: 3.34
1142 Time: 97 Distance: 3.34
1143 Time: 97 Distance: 3.34
1144 Time: 94 Distance: 3.24
1145 Time: 97 Distance: 3.34
1146 Time: 94 Distance: 3.24
1147 Time: 97 Distance: 3.34
1148 Time: 94 Distance: 3.24
1149 Time: 97 Distance: 3.34
1150 Time: 97 Distance: 3.34
1151 Time: 97 Distance: 3.34
1152 Time: 97 Distance: 3.34
1153 Time: 97 Distance: 3.34
1154 Time: 97 Distance: 3.34
1155 Time: 97 Distance: 3.34
1156 Time: 97 Distance: 3.34
1157 Time: 97 Distance: 3.34
1158 Time: 97 Distance: 3.34
1159 Time: 94 Distance: 3.24
1160 Time: 97 Distance: 3.34
1161 Time: 94 Distance: 3.24
1162 Time: 97 Distance: 3.34
1163 Time: 94 Distance: 3.24
1164 Time: 97 Distance: 3.34
1165 Time: 97 Distance: 3.34
1166 Time: 97 Distance: 3.34
1167 Time: 97 Distance: 3.34
1168 Time: 97 Distance: 3.34
1169 Time: 97 Distance: 3.34
1170 Time: 97 Distance: 3.34
1171 Time: 97 Distance: 3.34
1172 Time: 97 Distance: 3.34
1173 Time: 97 Distance: 3.34
1174 Time: 97 Distance: 3.34
1175 Time: 97 Distance: 3.34
1176 Time: 94 Distance: 3.24
1177 Time: 97 Distance: 3.34
1178 Time: 94 Distance: 3.24
1179 Time: 97 Distance: 3.34
1180 Time: 94 Distance: 3.24
1181 Time: 97 Distance: 3.34
1182 Time: 97 Distance: 3.34
1183 Time: 97 Distance: 3.34
1184 Time: 97 Distance: 3.34
1185 Time: 97 Distance: 3.34
1186 Time: 97 Distance: 3.34
1187 Time: 97 Distance: 3.34
1188 Time: 97 Distance: 3.34
1189 Time: 97 Distance: 3.34
1190 Time: 97 Distance: 3.34
1191 Time: 94 Distance: 3.24
1192 Time: 97 Distance: 3.34
1193 Time: 94 Distance: 3.24
1194 Time: 97 Distance: 3.34
1195 Time: 94 Distance: 3.24
1196 Time: 97 Distance: 3.34
1197 Time: 97 Distance: 3.34
1198 Time: 97 Distance: 3.34
1199 Time: 97 Distance: 3.34
1200 Time: 97 Distance: 3.34
1201 Time: 97 Distance: 3.34
1202 Time: 97 Distance: 3.34
1203 Time: 97 Distance: 3.34
1204 Time: 97 Distance: 3.34
1205 Time: 97 Distance: 3.34
1206 Time: 97 Distance: 3.34
1207 Time: 97 Distance: 3.34
1208 Time: 94 Distance: 3.24
1209 Time: 97 Distance: 3.34
1210 Time: 94 Distance: 3.24
1211 Time: 97 Distance: 3.34
1212 Time: 94 Distance: 3.24
1213 Time: 97 Distance: 3.34
1214 Time: 97 Distance: 3.34
1215 Time: 97 Distance: 3.34
1216 Time: 97 Distance: 3.34
1217 Time: 97 Distance: 3.34
1218 Time: 97 Distance: 3.34
1219 Time: 97 Distance: 3.34
1220 Time: 97 Distance: 3.34
1221 Time: 97 Distance: 3.34
1222 Time: 97 Distance: 3.34
1223 Time: 94 Distance: 3.24
1224 Time: 97 Distance: 3.34
1225 Time: 94 Distance: 3.24
1226 Time: 97 Distance: 3.34
1227 Time: 94 Distance: 3.24
1228 Time: 97 Distance: 3.34
1229 Time: 97 Distance: 3.34
1230 Time: 97 Distance: 3.34
1231 Time: 97 Distance: 3.34
1232 Time: 97 Distance: 3.34
1233 Time: 97 Distance: 3.34
1234 Time: 97 Distance: 3.34
1235 Time: 97 Distance: 3.34
1236 Time: 97 Distance: 3.34
1237 Time: 97 Distance: 3.34
1238 Time: 97 Distance: 3.34
1239 Time: 97 Distance: 3.34
1240 Time: 94 Distance: 3.24
1241 Time: 97 Distance: 3.34
1242 Time: 94 Distance: 3.24
1243 Time: 97 Distance: 3.34
1244 Time: 94 Distance: 3.24
1245 Time: 97 Distance: 3.34
1246 Time: 97 Distance: 3.34
1247 Time: 97 Distance: 3.34
1248 Time: 97 Distance: 3.34
1249 Time: 97 Distance: 3.34
1250 Time: 97 Distance: 3.34
1251 Time: 97 Distance: 3.34
1252 Time: 97 Distance: 3.34
1253 Time: 97 Distance: 3.34
1254 Time: 97 Distance: 3.34
1255 Time: 94 Distance: 3.24
1256 Time: 97 Distance: 3.34
1257 Time: 94 Distance: 3.24
1258 Time: 97 Distance: 3.34
1259 Time: 94 Distance: 3.24
1260 Time: 97 Distance: 3.34
1261 Time: 97 Distance: 3.34
1262 Time: 97 Distance: 3.34
1263 Time: 97 Distance: 3.34
1264 Time: 97 Distance: 3.34
1265 Time: 97 Distance: 3.34
1266 Time: 97 Distance: 3.34
1267 Time: 97 Distance: 3.34
1268 Time: 97 Distance: 3.34
1269 Time: 97 Distance: 3.34
1270 Time: 97 Distance: 3.34
1271 Time: 97 Distance: 3.34
1272 Time: 94 Distance: 3.24
1273 Time: 97 Distance: 3.34
1274 Time: 94 Distance: 3.24
1275 Time: 97 Distance: 3.34
1276 Time: 94 Distance: 3.24
1277 Time: 97 Distance: 3.34
1278 Time: 97 Distance: 3.34
1279 Time: 97 Distance: 3.34
1280 Time: 97 Distance: 3.34
1281 Time: 97 Distance: 3.34
1282 Time: 97 Distance: 3.34
1283 Time: 97 Distance: 3.34
1284 Time: 97 Distance: 3.34
1285 Time: 97 Distance: 3.34
1286 Time: 97 Distance: 3.34
1287 Time: 94 Distance: 3.24
1288 Time: 97 Distance: 3.34
1289 Time: 94 Distance: 3.24
1290 Time: 97 Distance: 3.34
1291 Time: 94 Distance: 3.24
1292 Time: 97 Distance: 3.34
1293 Time: 97 Distance: 3.34
1294 Time: 97 Distance: 3.34
1295 Time: 97 Distance: 3.34
1296 Time: 97 Distance: 3.34
1297 Time: 97 Distance: 3.34
1298 Time: 97 Distance: 3.34
1299 Time: 97 Distance: 3.34
1300 Time: 97 Distance: 3.34
1301 Time: 97 Distance: 3.34
1302 Time: 97 Distance: 3.34
1303 Time: 97 Distance: 3.34
1304 Time: 94 Distance: 3.24
1305 Time: 97 Distance: 3.34
1306 Time: 94 Distance: 3.24
1307 Time: 97 Distance: 3.34
1308 Time: 94 Distance: 3.24
1309 Time: 97 Distance: 3.34
1310 Time: 97 Distance: 3.34
1311 Time: 97 Distance: 3.34
1312 Time: 97 Distance: 3.34
1313 Time: 97 Distance: 3.34
1314 Time: 97 Distance: 3.34
1315 Time: 97 Distance: 3.34
1316 Time: 97 Distance: 3.34
1317 Time: 97 Distance: 3.34
1318 Time: 97 Distance: 3.34
1319 Time: 94 Distance: 3.24
1320 Time: 97 Distance: 3.34
1321 Time: 94 Distance: 3.24
1322 Time: 97 Distance: 3.34
1323 Time: 94 Distance: 3.24
1324 Time: 97 Distance: 3.34
1325 Time: 97 Distance: 3.34
1326 Time: 97 Distance: 3.34
1327 Time: 97 Distance: 3.34
1328 Time: 97 Distance: 3.34
1329 Time: 97 Distance: 3.34
1330 Time: 97 Distance: 3.34
1331 Time: 97 Distance: 3.34
1332 Time: 97 Distance: 3.34
1333 Time: 97 Distance: 3.34
1334 Time: 97 Distance: 3.34
1335 Time: 97 Distance: 3.34
1336 Time: 94 Distance: 3.24
1337 Time: 97 Distance: 3.34
1338 Time: 94 Distance: 3.24
1339 Time: 97 Distance: 3.34
1340 Time: 94 Distance: 3.24
1341 Time: 97 Distance: 3.34
1342 Time: 97 Distance: 3.34
1343 Time: 97 Distance: 3.34
1344 Time: 97 Distance: 3.34
1345 Time: 97 Distance: 3.34
1346 Time: 97 Distance: 3.34
1347 Time: 97 Distance: 3.34
1348 Time: 97 Distance: 3.34
1349 Time: 97 Distance: 3.34
1350 Time: 97 Distance: 3.34
1351 Time: 94 Distance: 3.24
1352 Time: 97 Distance: 3.34
1353 Time: 94 Distance: 3.24
1354 Time: 97 Distance: 3.34
1355 Time: 94 Distance: 3.24
1356 Time: 97 Distance: 3.34
1357 Time: 97 Distance: 3.34
1358 Time: 97 Distance: 3.34
1359 Time: 97 Distance: 3.34
1360 Time: 97 Distance: 3.34
1361 Time: 97 Distance: 3.34
1362 Time: 97 Distance: 3.34
1363 Time: 97 Distance: 3.34
1364 Time: 97 Distance: 3.34
1365 Time: 97 Distance: 3.34
1366 Time: 97 Distance: 3.34
1367 Time: 97 Distance: 3.34
1368 Time: 94 Distance: 3.24
1369 Time: 97 Distance: 3.34
1370 Time: 94 Distance: 3.24
1371 Time: 97 Distance: 3.34
1372 Time: 94 Distance: 3.24
1373 Time: 97 Distance: 3.34
1374 Time: 97 Distance: 3.34
1375 Time: 97 Distance: 3.34
1376 Time: 97 Distance: 3.34
1377 Time: 97 Distance: 3.34
1378 Time: 97 Distance: 3.34
1379 Time: 97 Distance: 3.34
1380 Time: 97 Distance: 3.34
1381 Time: 97 Distance: 3.34
1382 Time: 97 Distance: 3.34
1383 Time: 94 Distance: 3.24
1384 Time: 97 Distance: 3.34
1385 Time: 94 Distance: 3.24
1386 Time: 97 Distance: 3.34
1387 Time: 94 Distance: 3.24
1388 Time: 97 Distance: 3.34
1389 Time: 97 Distance: 3.34
1390 Time: 97 Distance: 3.34
1391 Time: 97 Distance: 3.34
1392 Time: 97 Distance: 3.34
1393 Time: 97 Distance: 3.34
1394 Time: 97 Distance: 3.34
1395 Time: 97 Distance: 3.34
1396 Time: 97 Distance: 3.34
1397 Time: 97 Distance: 3.34
1398 Time: 97 Distance: 3.34
1399 Time: 97 Distance: 3.34
1400 Time: 94 Distance: 3.24
1401 Time: 97 Distance: 3.34
1402 Time: 94 Distance: 3.24
1403 Time: 97 Distance: 3.34
1404 Time: 94 Distance: 3.24
1405 Time: 98 Distance: 3.36
1406 Time: 97 Distance: 3.34
1407 Time: 97 Distance: 3.34
1408 Time: 97 Distance: 3.34
1409 Time: 97 Distance: 3.34
1410 Time: 97 Distance: 3.34
1411 Time: 97 Distance: 3.34
1412 Time: 97 Distance: 3.34
1413 Time: 97 Distance: 3.34
1414 Time: 97 Distance: 3.34
1415 Time: 94 Distance: 3.24
1416 Time: 97 Distance: 3.34
1417 Time: 94 Distance: 3.24
1418 Time: 97 Distance: 3.34
1419 Time: 94 Distance: 3.24
1420 Time: 97 Distance: 3.34
1421 Time: 97 Distance: 3.34
1422 Time: 97 Distance: 3.34
1423 Time: 97 Distance: 3.34
1424 Time: 97 Distance: 3.34
1425 Time: 97 Distance: 3.34
1426 Time: 97 Distance: 3.34
1427 Time: 97 Distance: 3.34
1428 Time: 97 Distance: 3.34
1429 Time: 97 Distance: 3.34
1430 Time: 97 Distance: 3.34
1431 Time: 97 Distance: 3.34
1432 Time: 94 Distance: 3.24
1433 Time: 97 Distance: 3.34
1434 Time: 94 Distance: 3.24
1435 Time: 97 Distance: 3.34
1436 Time: 94 Distance: 3.24
1437 Time: 97 Distance: 3.34
1438 Time: 97 Distance: 3.34
1439 Time: 97 Distance: 3.34
1440 Time: 97 Distance: 3.34
1441 Time: 97 Distance: 3.34
1442 Time: 97 Distance: 3.34
1443 Time: 97 Distance: 3.34
1444 Time: 97 Distance: 3.34
1445 Time: 97 Distance: 3.34
1446 Time: 97 Distance: 3.34
1447 Time: 94 Distance: 3.24
1448 Time: 97 Distance: 3.34
1449 Time: 94 Distance: 3.24
1450 Time: 97 Distance: 3.34
1451 Time: 94 Distance: 3.24
1452 Time: 97 Distance: 3.34
1453 Time: 97 Distance: 3.34
1454 Time: 97 Distance: 3.34
1455 Time: 97 Distance: 3.34
1456 Time: 97 Distance: 3.34
1457 Time: 97 Distance: 3.34
1458 Time: 97 Distance: 3.34
1459 Time: 97 Distance: 3.34
1460 Time: 97 Distance: 3.34
1461 Time: 97 Distance: 3.34
1462 Time: 97 Distance: 3.34
1463 Time: 97 Distance: 3.34
1464 Time: 94 Distance: 3.24
1465 Time: 97 Distance: 3.34
1466 Time: 94 Distance: 3.24
1467 Time: 97 Distance: 3.34
1468 Time: 94 Distance: 3.24
1469 Time: 97 Distance: 3.34
1470 Time: 97 Distance: 3.34
1471 Time: 97 Distance: 3.34
1472 Time: 97 Distance: 3.34
1473 Time: 97 Distance: 3.34
1474 Time: 97 Distance: 3.34
1475 Time: 97 Distance: 3.34
1476 Time: 97 Distance: 3.34
1477 Time: 97 Distance: 3.34
1478 Time: 97 Distance: 3.34
1479 Time: 94 Distance: 3.24
1480 Time: 97 Distance: 3.34
1481 Time: 94 Distance: 3.24
1482 Time: 97 Distance: 3.34
1483 Time: 94 Distance: 3.24
1484 Time: 97 Distance: 3.34
1485 Time: 97 Distance: 3.34
1486 Time: 97 Distance: 3.34
1487 Time: 97 Distance: 3.34
1488 Time: 97 Distance: 3.34
1489 Time: 97 Distance: 3.34
1490 Time: 97 Distance: 3.34
1491 Time: 97 Distance: 3.34
1492 Time: 97 Distance: 3.34
1493 Time: 97 Distance: 3.34
1494 Time: 97 Distance: 3.34
1495 Time: 97 Distance: 3.34
1496 Time: 94 Distance: 3.24
1497 Time: 97 Distance: 3.34
1498 Time: 94 Distance: 3.24
1499 Time: 97 Distance: 3.34
1500 Time: 94 Distance: 3.24
1501 Time: 97 Distance: 3.34
1502 Time: 97 Distance: 3.34
1503 Time: 97 Distance: 3.34
1504 Time: 97 Distance: 3.34
1505 Time: 97 Distance: 3.34
1506 Time: 97 Distance: 3.34
1507 Time: 97 Distance: 3.34
1508 Time: 97 Distance: 3.34
1509 Time: 97 Distance: 3.34
1510 Time: 97 Distance: 3.34
1511 Time: 94 Distance: 3.24
1512 Time: 97 Distance: 3.34
1513 Time: 94 Distance: 3.24
1514 Time: 97 Distance: 3.34
1515 Time: 94 Distance: 3.24
1516 Time: 97 Distance: 3.34
1517 Time: 97 Distance: 3.34
1518 Time: 97 Distance: 3.34
1519 Time: 97 Distance: 3.34
1520 Time: 97 Distance: 3.34
1521 Time: 97 Distance: 3.34
1522 Time: 97 Distance: 3.34
1523 Time: 97 Distance: 3.34
1524 Time: 97 Distance: 3.34
1525 Time: 97 Distance: 3.34
1526 Time: 97 Distance: 3.34
1527 Time: 97 Distance: 3.34
1528 Time: 94 Distance: 3.24
1529 Time: 97 Distance: 3.34
1530 Time: 94 Distance: 3.24
1531 Time: 97 Distance: 3.34
1532 Time: 94 Distance: 3.24
1533 Time: 97 Distance: 3.34
1534 Time: 97 Distance: 3.34
1535 Time: 97 Distance: 3.34
1536 Time: 97 Distance: 3.34
1537 Time: 97 Distance: 3.34
1538 Time: 97 Distance: 3.34
1539 Time: 97 Distance: 3.34
1540 Time: 97 Distance: 3.34
1541 Time: 97 Distance: 3.34
1542 Time: 97 Distance: 3.34
1543 Time: 94 Distance: 3.24
1544 Time: 97 Distance: 3.34
1545 Time: 94 Distance: 3.24
1546 Time: 97 Distance: 3.34
1547 Time: 94 Distance: 3.24
1548 Time: 97 Distance: 3.34
1549 Time: 97 Distance: 3.34
1550 Time: 97 Distance: 3.34
1551 Time: 97 Distance: 3.34
1552 Time: 97 Distance: 3.34
1553 Time: 97 Distance: 3.34
1554 Time: 97 Distance: 3.34
1555 Time: 97 Distance: 3.34
1556 Time: 97 Distance: 3.34
1557 Time: 97 Distance: 3.34
1558 Time: 97 Distance: 3.34
1559 Time: 97 Distance: 3.34
1560 Time: 94 Distance: 3.24
1561 Time: 97 Distance: 3.34
1562 Time: 94 Distance: 3.24
1563 Time: 97 Distance: 3.34
1564 Time: 94 Distance: 3.24
1565 Time: 97 Distance: 3.34
1566 Time: 97 Distance: 3.34
1567 Time: 97 Distance: 3.34
1568 Time: 97 Distance: 3.34
1569 Time: 97 Distance: 3.34
1570 Time: 97 Distance: 3.34
1571 Time: 97 Distance: 3.34
1572 Time: 97 Distance: 3.34
1573 Time: 97 Distance: 3.34
1574 Time: 97 Distance: 3.34
1575 Time: 94 Distance: 3.24
1576 Time: 97 Distance: 3.34
1577 Time: 94 Distance: 3.24
1578 Time: 97 Distance: 3.34
1579 Time: 94 Distance: 3.24
1580 Time: 97 Distance: 3.34
1581 Time: 97 Distance: 3.34
1582 Time: 97 Distance: 3.34
1583 Time: 97 Distance: 3.34
1584 Time: 97 Distance: 3.34
1585 Time: 97 Distance: 3.34
1586 Time: 97 Distance: 3.34
1587 Time: 97 Distance: 3.34
1588 Time: 97 Distance: 3.34
1589 Time: 97 Distance: 3.34
1590 Time: 97 Distance: 3.34
1591 Time: 97 Distance: 3.34
1592 Time: 94 Distance: 3.24
1593 Time: 97 Distance: 3.34
1594 Time: 94 Distance: 3.24
1595 Time: 97 Distance: 3.34
1596 Time: 94 Distance: 3.24
1597 Time: 97 Distance: 3.34
1598 Time: 97 Distance: 3.34
1599 Time: 97 Distance: 3.34
1600 Time: 97 Distance: 3.34
1601 Time: 97 Distance: 3.34
1602 Time: 97 Distance: 3.34
1603 Time: 97 Distance: 3.34
1604 Time: 97 Distance: 3.34
1605 Time: 97 Distance: 3.34
1606 Time: 97 Distance: 3.34
1607 Time: 94 Distance: 3.24
1608 Time: 97 Distance: 3.34
1609 Time: 94 Distance: 3.24
1610 Time: 97 Distance: 3.34
1611 Time: 94 Distance: 3.24
1612 Time: 97 Distance: 3.34
1613 Time: 97 Distance: 3.34
1614 Time: 97 Distance: 3.34
1615 Time: 97 Distance: 3.34
1616 Time: 97 Distance: 3.34
1617 Time: 97 Distance: 3.34
1618 Time: 97 Distance: 3.34
1619 Time: 97 Distance: 3.34
1620 Time: 97 Distance: 3.34
1621 Time: 97 Distance: 3.34
1622 Time: 97 Distance: 3.34
1623 Time: 97 Distance: 3.34
1624 Time: 94 Distance: 3.24
1625 Time: 97 Distance: 3.34
1626 Time: 94 Distance: 3.24
1627 Time: 97 Distance: 3.34
1628 Time: 94 Distance: 3.24
1629 Time: 97 Distance: 3.34
1630 Time: 97 Distance: 3.34
1631 Time: 97 Distance: 3.34
1632 Time: 97 Distance: 3.34
1633 Time: 97 Distance: 3.34
1634 Time: 97 Distance: 3.34
1635 Time: 97 Distance: 3.34
1636 Time: 97 Distance: 3.34
1637 Time: 97 Distance: 3.34
1638 Time: 97 Distance: 3.34
1639 Time: 94 Distance: 3.24
1640 Time: 97 Distance: 3.34
1641 Time: 94 Distance: 3.24
1642 Time: 97 Distance: 3.34
1643 Time: 94 Distance: 3.24
1644 Time: 97 Distance: 3.34
1645 Time: 97 Distance: 3.34
1646 Time: 97 Distance: 3.34
1647 Time: 97 Distance: 3.34
1648 Time: 97 Distance: 3.34
1649 Time: 97 Distance: 3.34
1650 Time: 97 Distance: 3.34
1651 Time: 97 Distance: 3.34
1652 Time: 97 Distance: 3.34
1653 Time: 97 Distance: 3.34
1654 Time: 97 Distance: 3.34
1655 Time: 97 Distance: 3.34
1656 Time: 94 Distance: 3.24
1657 Time: 97 Distance: 3.34
1658 Time: 94 Distance: 3.24
1659 Time: 97 Distance: 3.34
1660 Time: 94 Distance: 3.24
1661 Time: 97 Distance: 3.34
1662 Time: 97 Distance: 3.34
1663 Time: 97 Distance: 3.34
1664 Time: 97 Distance: 3.34
1665 Time: 97 Distance: 3.34
1666 Time: 97 Distance: 3.34
1667 Time: 97 Distance: 3.34
1668 Time: 97 Distance: 3.34
1669 Time: 97 Distance: 3.34
1670 Time: 97 Distance: 3.34
1671 Time: 94 Distance: 3.24
1672 Time: 97 Distance: 3.34
1673 Time: 94 Distance: 3.24
1674 Time: 97 Distance: 3.34
1675 Time: 94 Distance: 3.24
1676 Time: 97 Distance: 3.34
1677 Time: 97 Distance: 3.34
1678 Time: 97 Distance: 3.34
1679 Time: 97 Distance: 3.34
1680 Time: 97 Distance: 3.34
1681 Time: 97 Distance: 3.34
1682 Time: 97 Distance: 3.34
1683 Time: 97 Distance: 3.34
1684 Time: 97 Distance: 3.34
1685 Time: 97 Distance: 3.34
1686 Time: 97 Distance: 3.34
1687 Time: 97 Distance: 3.34
1688 Time: 94 Distance: 3.24
1689 Time: 97 Distance: 3.34
1690 Time: 94 Distance: 3.24
1691 Time: 97 Distance: 3.34
1692 Time: 94 Distance: 3.24
1693 Time: 97 Distance: 3.34
1694 Time: 97 Distance: 3.34
1695 Time: 97 Distance: 3.34
1696 Time: 97 Distance: 3.34
1697 Time: 97 Distance: 3.34
1698 Time: 97 Distance: 3.34
1699 Time: 97 Distance: 3.34
1700 Time: 97 Distance: 3.34
1701 Time: 97 Distance: 3.34
1702 Time: 97 Distance: 3.34
1703 Time: 94 Distance: 3.24
1704 Time: 97 Distance: 3.34
1705 Time: 94 Distance: 3.24
1706 Time: 97 Distance: 3.34
1707 Time: 94 Distance: 3.24
1708 Time: 97 Distance: 3.34
1709 Time: 97 Distance: 3.34
1710 Time: 97 Distance: 3.34
1711 Time: 97 Distance: 3.34
1712 Time: 97 Distance: 3.34
1713 Time: 97 Distance: 3.34
1714 Time: 97 Distance: 3.34
1715 Time: 97 Distance: 3.34
1716 Time: 97 Distance: 3.34
1717 Time: 97 Distance: 3.34
1718 Time: 97 Distance: 3.34
1719 Time: 97 Distance: 3.34
1720 Time: 94 Distance: 3.24
1721 Time: 97 Distance: 3.34
1722 Time: 94 Distance: 3.24
1723 Time: 97 Distance: 3.34
1724 Time: 94 Distance: 3.24
1725 Time: 97 Distance: 3.34
1726 Time: 97 Distance: 3.34
1727 Time: 97 Distance: 3.34
1728 Time: 97 Distance: 3.34
1729 Time: 97 Distance: 3.34
1730 Time: 97 Distance: 3.34
1731 Time: 97 Distance: 3.34
1732 Time: 97 Distance: 3.34
1733 Time: 97 Distance: 3.34
1734 Time: 97 Distance: 3.34
1735 Time: 94 Distance: 3.24
1736 Time: 97 Distance: 3.34
1737 Time: 94 Distance: 3.24
1738 Time: 97 Distance: 3.34
1739 Time: 94 Distance: 3.24
1740 Time: 97 Distance: 3.34
1741 Time: 97 Distance: 3.34
1742 Time: 97 Distance: 3.34
1743 Time: 97 Distance: 3.34
1744 Time: 97 Distance: 3.34
1745 Time: 97 Distance: 3.34
1746 Time: 97 Distance: 3.34
1747 Time: 97 Distance: 3.34
1748 Time: 97 Distance: 3.34
1749 Time: 97 Distance: 3.34
1750 Time: 97 Distance: 3.34
1751 Time: 97 Distance: 3.34
1752 Time: 94 Distance: 3.24
1753 Time: 97 Distance: 3.34
1754 Time: 94 Distance: 3.24
1755 Time: 97 Distance: 3.34
1756 Time: 94 Distance: 3.24
1757 Time: 97 Distance: 3.34
1758 Time: 97 Distance: 3.34
1759 Time: 97 Distance: 3.34
1760 Time: 97 Distance: 3.34
1761 Time: 97 Distance: 3.34
1762 Time: 97 Distance: 3.34
1763 Time: 97 Distance: 3.34
1764 Time: 97 Distance: 3.34
1765 Time: 97 Distance: 3.34
1766 Time: 97 Distance: 3.34
1767 Time: 94 Distance: 3.24
1768 Time: 97 Distance: 3.34
1769 Time: 94 Distance: 3.24
1770 Time: 97 Distance: 3.34
1771 Time: 94 Distance: 3.24
1772 Time: 97 Distance: 3.34
1773 Time: 97 Distance: 3.34
1774 Time: 97 Distance: 3.34
1775 Time: 97 Distance: 3.34
1776 Time: 97 Distance: 3.34
1777 Time: 97 Distance: 3.34
1778 Time: 97 Distance: 3.34
1779 Time: 97 Distance: 3.34
1780 Time: 97 Distance: 3.34
1781 Time: 97 Distance: 3.34
1782 Time: 97 Distance: 3.34
1783 Time: 97 Distance: 3.34
1784 Time: 94 Distance: 3.24
1785 Time: 97 Distance: 3.34
1786 Time: 94 Distance: 3.24
1787 Time: 97 Distance: 3.34
1788 Time: 94 Distance: 3.24
1789 Time: 97 Distance: 3.34
1790 Time: 97 Distance: 3.34
1791 Time: 97 Distance: 3.34
1792 Time: 97 Distance: 3.34
1793 Time: 97 Distance: 3.34
1794 Time: 97 Distance: 3.34
1795 Time: 97 Distance: 3.34
1796 Time: 97 Distance: 3.34
1797 Time: 97 Distance: 3.34
1798 Time: 97 Distance: 3.34
1799 Time: 94 Distance: 3.24
1800 Time: 97 Distance: 3.34
1801 Time: 94 Distance: 3.24
1802 Time: 97 Distance: 3.34
1803 Time: 94 Distance: 3.24
1804 Time: 97 Distance: 3.34
1805 Time: 97 Distance: 3.34
1806 Time: 97 Distance: 3.34
1807 Time: 97 Distance: 3.34
1808 Time: 97 Distance: 3.34
1809 Time: 97 Distance: 3.34
1810 Time: 97 Distance: 3.34
1811 Time: 97 Distance: 3.34
1812 Time: 97 Distance: 3.34
1813 Time: 97 Distance: 3.34
1814 Time: 97 Distance: 3.34
1815 Time: 97 Distance: 3.34
1816 Time: 94 Distance: 3.24
1817 Time: 97 Distance: 3.34
1818 Time: 94 Distance: 3.24
1819 Time: 97 Distance: 3.34
1820 Time: 94 Distance: 3.24
1821 Time: 97 Distance: 3.34
1822 Time: 97 Distance: 3.34
1823 Time: 97 Distance: 3.34
1824 Time: 97 Distance: 3.34
1825 Time: 97 Distance: 3.34
1826 Time: 97 Distance: 3.34
1827 Time: 97 Distance: 3.34
1828 Time: 97 Distance: 3.34
1829 Time: 97 Distance: 3.34
1830 Time: 97 Distance: 3.34
1831 Time: 94 Distance: 3.24
1832 Time: 97 Distance: 3.34
1833 Time: 94 Distance: 3.24
1834 Time: 97 Distance: 3.34
1835 Time: 94 Distance: 3.24
1836 Time: 97 Distance: 3.34
1837 Time: 97 Distance: 3.34
1838 Time: 97 Distance: 3.34
1839 Time: 97 Distance: 3.34
1840 Time: 97 Distance: 3.34
1841 Time: 97 Distance: 3.34
1842 Time: 97 Distance: 3.34
1843 Time: 97 Distance: 3.34
1844 Time: 97 Distance: 3.34
1845 Time: 97 Distance: 3.34
1846 Time: 97 Distance: 3.34
1847 Time: 97 Distance: 3.34
1848 Time: 94 Distance: 3.24
1849 Time: 97 Distance: 3.34
1850 Time: 94 Distance: 3.24
1851 Time: 97 Distance: 3.34
1852 Time: 94 Distance: 3.24
1853 Time: 97 Distance: 3.34
1854 Time: 97 Distance: 3.34
1855 Time: 97 Distance: 3.34
1856 Time: 97 Distance: 3.34
1857 Time: 97 Distance: 3.34
1858 Time: 97 Distance: 3.34
1859 Time: 97 Distance: 3.34
1860 Time: 97 Distance: 3.34
1861 Time: 97 Distance: 3.34
1862 Time: 97 Distance: 3.34
1863 Time: 94 Distance: 3.24
1864 Time: 97 Distance: 3.34
1865 Time: 94 Distance: 3.24
1866 Time: 97 Distance: 3.34
1867 Time: 94 Distance: 3.24
1868 Time: 97 Distance: 3.34
1869 Time: 97 Distance: 3.34
1870 Time: 97 Distance: 3.34
1871 Time: 97 Distance: 3.34
1872 Time: 97 Distance: 3.34
1873 Time: 97 Distance: 3.34
1874 Time: 97 Distance: 3.34
1875 Time: 97 Distance: 3.34
1876 Time: 97 Distance: 3.34
1877 Time: 97 Distance: 3.34
1878 Time: 97 Distance: 3.34
1879 Time: 97 Distance: 3.34
1880 Time: 94 Distance: 3.24
1881 Time: 97 Distance: 3.34
1882 Time: 94 Distance: 3.24
1883 Time: 97 Distance: 3.34
1884 Time: 94 Distance: 3.24
1885 Time: 97 Distance: 3.34
1886 Time: 97 Distance: 3.34
1887 Time: 97 Distance: 3.34
1888 Time: 97 Distance: 3.34
1889 Time: 97 Distance: 3.34
1890 Time: 97 Distance: 3.34
1891 Time: 97 Distance: 3.34
1892 Time: 97 Distance: 3.34
1893 Time: 97 Distance: 3.34
1894 Time: 97 Distance: 3.34
1895 Time: 94 Distance: 3.24
1896 Time: 97 Distance: 3.34
1897 Time: 94 Distance: 3.24
1898 Time: 97 Distance: 3.34
1899 Time: 94 Distance: 3.24
1900 Time: 97 Distance: 3.34
1901 Time: 97 Distance: 3.34
1902 Time: 97 Distance: 3.34
1903 Time: 97 Distance: 3.34
1904 Time: 97 Distance: 3.34
1905 Time: 97 Distance: 3.34
1906 Time: 97 Distance: 3.34
1907 Time: 97 Distance: 3.34
1908 Time: 97 Distance: 3.34
1909 Time: 97 Distance: 3.34
1910 Time: 97 Distance: 3.34
1911 Time: 97 Distance: 3.34
1912 Time: 94 Distance: 3.24
1913 Time: 97 Distance: 3.34
1914 Time: 94 Distance: 3.24
1915 Time: 97 Distance: 3.34
1916 Time: 94 Distance: 3.24
1917 Time: 97 Distance: 3.34
1918 Time: 97 Distance: 3.34
1919 Time: 97 Distance: 3.34
1920 Time: 97 Distance: 3.34
1921 Time: 97 Distance: 3.34
1922 Time: 97 Distance: 3.34
1923 Time: 97 Distance: 3.34
1924 Time: 97 Distance: 3.34
1925 Time: 97 Distance: 3.34
1926 Time: 97 Distance: 3.34
1927 Time: 94 Distance: 3.24
1928 Time: 97 Distance: 3.34
1929 Time: 94 Distance: 3.24
1930 Time: 97 Distance: 3.34
1931 Time: 94 Distance: 3.24
1932 Time: 97 Distance: 3.34
1933 Time: 97 Distance: 3.34
1934 Time: 97 Distance: 3.34
1935 Time: 97 Distance: 3.34
1936 Time: 97 Distance: 3.34
1937 Time: 97 Distance: 3.34
1938 Time: 97 Distance: 3.34
1939 Time: 97 Distance: 3.34
1940 Time: 97 Distance: 3.34
1941 Time: 97 Distance: 3.34
1942 Time: 97 Distance: 3.34
1943 Time: 97 Distance: 3.34
1944 Time: 94 Distance: 3.24
1945 Time: 97 Distance: 3.34
1946 Time: 94 Distance: 3.24
1947 Time: 97 Distance: 3.34
1948 Time: 94 Distance: 3.24
1949 Time: 97 Distance: 3.34
1950 Time: 97 Distance: 3.34
1951 Time: 97 Distance: 3.34
1952 Time: 97 Distance: 3.34
1953 Time: 97 Distance: 3.34
1954 Time: 97 Distance: 3.34
1955 Time: 97 Distance: 3.34
1956 Time: 97 Distance: 3.34
1957 Time: 97 Distance: 3.34
1958 Time: 97 Distance: 3.34
1959 Time: 94 Distance: 3.24
1960 Time: 97 Distance: 3.34
1961 Time: 94 Distance: 3.24
1962 Time: 97 Distance: 3.34
1963 Time: 94 Distance: 3.24
1964 Time: 97 Distance: 3.34
1965 Time: 97 Distance: 3.34
1966 Time: 97 Distance: 3.34
1967 Time: 97 Distance: 3.34
1968 Time: 97 Distance: 3.34
1969 Time: 97 Distance: 3.34
1970 Time: 97 Distance: 3.34
1971 Time: 97 Distance: 3.34
1972 Time: 97 Distance: 3.34
1973 Time: 97 Distance: 3.34
1974 Time: 97 Distance: 3.34
1975 Time: 97 Distance: 3.34
1976 Time: 94 Distance: 3.24
1977 Time: 97 Distance: 3.34
1978 Time: 94 Distance: 3.24
1979 Time: 97 Distance: 3.34
1980 Time: 94 Distance: 3.24
1981 Time: 97 Distance: 3.34
1982 Time: 97 Distance: 3.34
1983 Time: 97 Distance: 3.34
1984 Time: 97 Distance: 3.34
1985 Time: 97 Distance: 3.34
1986 Time: 97 Distance: 3.34
1987 Time: 97 Distance: 3.34
1988 Time: 97 Distance: 3.34
1989 Time: 97 Distance: 3.34
1990 Time: 97 Distance: 3.34
1991 Time: 94 Distance: 3.24
1992 Time: 97 Distance: 3.34
1993 Time: 94 Distance: 3.24
1994 Time: 97 Distance: 3.34
1995 Time: 94 Distance: 3.24
1996 Time: 97 Distance: 3.34
1997 Time: 97 Distance: 3.34
1998 Time: 97 Distance: 3.34
1999 Time: 97 Distance: 3.34
2000 Time: 97 Distance: 3.34
