=~=~=~=~=~=~=~=~=~=~=~= PuTTY log 2025.11.08 12:19:41 =~=~=~=~=~=~=~=~=~=~=~=
20n
3272 Time: 99 Distance: 3.41
3273 Time: 87 Distance: 2.98
3274 Time: 84 Distance: stance: 3.41
3271 Time: 99 Distance: 3.41
3272 Time: 99 Distance: 3.41
3273 Time: 87 Distance: 2.98
3274 Time: 84 Distance: Bat dau doc AHT20...
Nhiet do: 25.60 *C  |  Do am: 95.50 %
1 Time: 99 Distance: 3.41
2 Time: 84 Distance: 2.88
3 Time: 99 Distance: 3.40
4 Time: 99 Distance: 3.41
5 Time: 99 Distance: 3.41
6 Time: 99 Distance: 3.40
7 Time: 99 Distance: 3.40
8 Time: 99 Distance: 3.41
9 Time: 96 Distance: 3.31
10 Time: 99 Distance: 3.40
11 Time: 99 Distance: 3.41
12 Time: 87 Distance: 2.98
13 Time: 99 Distance: 3.40
14 Time: 99 Distance: 3.41
15 Time: 99 Distance: 3.40
16 Time: 96 Distance: 3.29
17 Time: 99 Distance: 3.41
18 Time: 99 Distance: 3.41
19 Time: 87 Distance: 2.98
20 Time: 99 Distance: 3.41
21 Time: 99 Distance: 3.41
22 Time: 99 Distance: 3.41
23 Time: 84 Distance: 2.88
24 Time: 99 Distance: 3.40
25 Time: 96 Distance: 3.29
26 Time: 99 Distance: 3.41
27 Time: 99 Distance: 3.41
28 Time: 99 Distance: 3.40
29 Time: 99 Distance: 3.41
30 Time: 99 Distance: 3.40
31 Time: 99 Distance: 3.41
32 Time: 96 Distance: 3.31
33 Time: 99 Distance: 3.41
34 Time: 99 Distance: 3.41
35 Time: 99 Distance: 3.40
36 Time: 99 Distance: 3.41
37 Time: 99 Distance: 3.41
38 Time: 99 Distance: 3.41
39 Time: 96 Distance: 3.31
40 Time: 99 Distance: 3.41
41 Time: 96 Distance: 3.31
42 Time: 99 Distance: 3.40
43 Time: 99 Distance: 3.41
44 Time: 99 Distance: 3.41
45 Time: 99 Distance: 3.41
46 Time: 99 Distance: 3.41
47 Time: 99 Distance: 3.41
48 Time: 96 Distance: 3.31
49 Time: 99 Distance: 3.40
50 Time: 99 Distance: 3.40
51 Time: 99 Distance: 3.40
52 Time: 99 Distance: 3.41
53 Time: 99 Distance: 3.41
54 Time: 99 Distance: 3.41
55 Time: 84 Distance: 2.88
56 Time: 99 Distance: 3.40
57 Time: 96 Distance: 3.29
58 Time: 87 Distance: 2.98
59 Time: 99 Distance: 3.40
60 Time: 99 Distance: 3.41
61 Time: 99 Distance: 3.41
62 Time: 99 Distance: 3.40
63 Time: 99 Distance: 3.41
64 Time: 96 Distance: 3.31
65 Time: 99 Distance: 3.41
66 Time: 99 Distance: 3.41
67 Time: 99 Distance: 3.41
68 Time: 99 Distance: 3.41
69 Time: 99 Distance: 3.40
70 Time: 99 Distance: 3.41
71 Time: 96 Distance: 3.29
72 Time: 99 Distance: 3.41
73 Time: 96 Distance: 3.29
74 Time: 99 Distance: 3.41
75 Time: 99 Distance: 3.41
76 Time: 99 Distance: 3.41
77 Time: 99 Distance: 3.41
78 Time: 99 Distance: 3.41
79 Time: 99 Distance: 3.41
80 Time: 96 Distance: 3.31
81 Time: 99 Distance: 3.41
82 Time: 99 Distance: 3.41
83 Time: 99 Distance: 3.40
84 Time: 99 Distance: 3.40
85 Time: 99 Distance: 3.41
86 Time: 99 Distance: 3.41
87 Time: 96 Distance: 3.31
88 Time: 99 Distance: 3.40
89 Time: 96 Distance: 3.31
90 Time: 99 Distance: 3.41
91 Time: 99 Distance: 3.40
92 Time: 99 Distance: 3.40
93 Time: 99 Distance: 3.41
94 Time: 99 Distance: 3.40
95 Time: 99 Distance: 3.41
96 Time: 96 Distance: 3.31
97 Time: 99 Distance: 3.41
98 Time: 99 Distance: 3.40
99 Time: 99 Distance: 3.41
100 Time: 99 Distance: 3.41
101 Time: 99 Distance: 3.41
102 Time: 99 Distance: 3.41
103 Time: 99 Distance: 3.41
104 Time: 99 Distance: 3.41
105 Time: 84 Distance: 2.88
106 Time: 99 Distance: 3.41
107 Time: 96 Distance: 3.29
108 Time: 99 Distance: 3.41
109 Time: 99 Distance: 3.40
110 Time: 99 Distance: 3.41
111 Time: 87 Distance: 2.98
112 Time: 99 Distance: 3.41
113 Time: 99 Distance: 3.41
114 Time: 96 Distance: 3.31
115 Time: 99 Distance: 3.41
116 Time: 96 Distance: 3.29
117 Time: 87 Distance: 2.98
118 Time: 99 Distance: 3.40
119 Time: 99 Distance: 3.41
120 Time: 99 Distance: 3.41
121 Time: 99 Distance: 3.41
122 Time: 99 Distance: 3.40
123 Time: 99 Distance: 3.41
124 Time: 99 Distance: 3.41
125 Time: 96 Distance: 3.29
126 Time: 99 Distance: 3.41
127 Time: 96 Distance: 3.29
128 Time: 99 Distance: 3.41
129 Time: 99 Distance: 3.40
130 Time: 99 Distance: 3.41
131 Time: 99 Distance: 3.41
132 Time: 99 Distance: 3.40
133 Time: 99 Distance: 3.40
134 Time: 99 Distance: 3.41
135 Time: 99 Distance: 3.40
136 Time: 96 Distance: 3.31
137 Time: 99 Distance: 3.40
138 Time: 96 Distance: 3.31
139 Time: 99 Distance: 3.40
140 Time: 99 Distance: 3.41
141 Time: 99 Distance: 3.41
142 Time: 99 Distance: 3.41
143 Time: 99 Distance: 3.41
144 Time: 99 Distance: 3.40
145 Time: 99 Distance: 3.41
146 Time: 87 Distance: 2.98
147 Time: 96 Distance: 3.29
148 Time: 99 Distance: 3.40
149 Time: 96 Distance: 3.29
150 Time: 99 Distance: 3.41
151 Time: 87 Distance: 2.98
152 Time: 99 Distance: 3.41
153 Time: 87 Distance: 2.98
154 Time: 99 Distance: 3.41
155 Time: 99 Distance: 3.41
156 Time: 99 Distance: 3.41
157 Time: 99 Distance: 3.40
158 Time: 96 Distance: 3.31
159 Time: 99 Distance: 3.41
160 Time: 96 Distance: 3.31
161 Time: 99 Distance: 3.40
162 Time: 99 Distance: 3.41
163 Time: 99 Distance: 3.41
164 Time: 99 Distance: 3.41
165 Time: 99 Distance: 3.40
166 Time: 99 Distance: 3.40
167 Time: 99 Distance: 3.41
168 Time: 99 Distance: 3.41
169 Time: 96 Distance: 3.31
170 Time: 99 Distance: 3.41
171 Time: 96 Distance: 3.31
172 Time: 99 Distance: 3.41
173 Time: 99 Distance: 3.40
174 Time: 99 Distance: 3.41
175 Time: 99 Distance: 3.41
176 Time: 99 Distance: 3.41
177 Time: 99 Distance: 3.40
178 Time: 96 Distance: 3.31
179 Time: 99 Distance: 3.41
180 Time: 96 Distance: 3.31
181 Time: 99 Distance: 3.41
182 Time: 99 Distance: 3.41
183 Time: 99 Distance: 3.41
184 Time: 99 Distance: 3.40
185 Time: 87 Distance: 2.98
186 Time: 99 Distance: 3.40
187 Time: 99 Distance: 3.41
188 Time: 99 Distance: 3.41
189 Time: 96 Distance: 3.31
190 Time: 99 Distance: 3.41
191 Time: 96 Distance: 3.29
192 Time: 99 Distance: 3.41
193 Time: 99 Distance: 3.41
194 Time: 99 Distance: 3.40
195 Time: 99 Distance: 3.41
196 Time: 99 Distance: 3.40
197 Time: 87 Distance: 2.98
198 Time: 99 Distance: 3.40
199 Time: 99 Distance: 3.41
200 Time: 96 Distance: 3.31
201 Time: 99 Distance: 3.40
202 Time: 96 Distance: 3.29
203 Time: 99 Distance: 3.41
204 Time: 99 Distance: 3.41
205 Time: 87 Distance: 2.98
206 Time: 99 Distance: 3.41
207 Time: 99 Distance: 3.41
208 Time: 99 Distance: 3.41
209 Time: 99 Distance: 3.41
210 Time: 99 Distance: 3.40
211 Time: 96 Distance: 3.31
212 Time: 87 Distance: 2.98
213 Time: 96 Distance: 3.31
214 Time: 99 Distance: 3.41
215 Time: 99 Distance: 3.41
216 Time: 87 Distance: 2.98
217 Time: 99 Distance: 3.41
218 Time: 99 Distance: 3.40
219 Time: 99 Distance: 3.41
220 Time: 99 Distance: 3.41
221 Time: 99 Distance: 3.41
222 Time: 84 Distance: 2.88
223 Time: 87 Distance: 2.98
224 Time: 96 Distance: 3.29
225 Time: 87 Distance: 2.98
226 Time: 87 Distance: 2.98
227 Time: 99 Distance: 3.41
228 Time: 99 Distance: 3.41
229 Time: 99 Distance: 3.41
230 Time: 87 Distance: 2.98
231 Time: 99 Distance: 3.41
232 Time: 99 Distance: 3.41
233 Time: 96 Distance: 3.31
234 Time: 99 Distance: 3.40
235 Time: 96 Distance: 3.31
236 Time: 99 Distance: 3.41
237 Time: 99 Distance: 3.41
238 Time: 99 Distance: 3.41
239 Time: 99 Distance: 3.41
240 Time: 87 Distance: 2.98
241 Time: 99 Distance: 3.41
242 Time: 84 Distance: 2.88
243 Time: 99 Distance: 3.40
244 Time: 96 Distance: 3.31
245 Time: 87 Distance: 2.98
246 Time: 99 Distance: 3.40
247 Time: 99 Distance: 3.41
248 Time: 87 Distance: 2.98
249 Time: 99 Distance: 3.41
250 Time: 99 Distance: 3.41
251 Time: 99 Distance: 3.41
252 Time: 99 Distance: 3.41
253 Time: 96 Distance: 3.31
254 Time: 99 Distance: 3.41
255 Time: 96 Distance: 3.31
256 Time: 99 Distance: 3.40
257 Time: 99 Distance: 3.41
258 Time: 99 Distance: 3.41
259 Time: 99 Distance: 3.40
260 Time: 87 Distance: 2.98
261 Time: 99 Distance: 3.41
262 Time: 99 Distance: 3.41
263 Time: 99 Distance: 3.41
264 Time: 96 Distance: 3.31
265 Time: 99 Distance: 3.40
266 Time: 96 Distance: 3.29
267 Time: 99 Distance: 3.41
268 Time: 99 Distance: 3.40
269 Time: 87 Distance: 2.98
270 Time: 87 Distance: 2.98
271 Time: 99 Distance: 3.40
272 Time: 99 Distance: 3.41
273 Time: 99 Distance: 3.41
274 Time: 99 Distance: 3.41
275 Time: 96 Distance: 3.29
276 Time: 99 Distance: 3.40
277 Time: 96 Distance: 3.29
278 Time: 99 Distance: 3.40
279 Time: 99 Distance: 3.41
280 Time: 99 Distance: 3.41
281 Time: 87 Distance: 2.98
282 Time: 87 Distance: 2.98
283 Time: 99 Distance: 3.41
284 Time: 99 Distance: 3.41
285 Time: 99 Distance: 3.41
286 Time: 96 Distance: 3.29
287 Time: 99 Distance: 3.41
288 Time: 96 Distance: 3.31
289 Time: 99 Distance: 3.40
290 Time: 99 Distance: 3.41
291 Time: 99 Distance: 3.41
292 Time: 99 Distance: 3.41
293 Time: 99 Distance: 3.41
294 Time: 99 Distance: 3.41
295 Time: 99 Distance: 3.41
296 Time: 87 Distance: 2.98
297 Time: 96 Distance: 3.31
298 Time: 99 Distance: 3.41
299 Time: 87 Distance: 2.98
300 Time: 87 Distance: 2.98
301 Time: 99 Distance: 3.41
302 Time: 99 Distance: 3.41
303 Time: 99 Distance: 3.41
304 Time: 99 Distance: 3.41
305 Time: 99 Distance: 3.41
306 Time: 96 Distance: 3.29
307 Time: 99 Distance: 3.40
308 Time: 96 Distance: 3.31
309 Time: 99 Distance: 3.40
310 Time: 99 Distance: 3.41
311 Time: 99 Distance: 3.41
312 Time: 99 Distance: 3.41
313 Time: 99 Distance: 3.41
314 Time: 99 Distance: 3.41
315 Time: 87 Distance: 2.98
316 Time: 99 Distance: 3.41
317 Time: 96 Distance: 3.31
318 Time: 99 Distance: 3.41
319 Time: 96 Distance: 3.29
320 Time: 99 Distance: 3.40
321 Time: 99 Distance: 3.41
322 Time: 99 Distance: 3.41
323 Time: 99 Distance: 3.41
324 Time: 99 Distance: 3.41
325 Time: 99 Distance: 3.40
326 Time: 87 Distance: 2.98
327 Time: 99 Distance: 3.41
328 Time: 96 Distance: 3.31
329 Time: 99 Distance: 3.41
330 Time: 96 Distance: 3.31
331 Time: 99 Distance: 3.40
332 Time: 99 Distance: 3.41
333 Time: 99 Distance: 3.41
334 Time: 87 Distance: 2.98
335 Time: 99 Distance: 3.40
336 Time: 99 Distance: 3.41
337 Time: 99 Distance: 3.40
338 Time: 99 Distance: 3.40
339 Time: 96 Distance: 3.29
340 Time: 99 Distance: 3.41
341 Time: 96 Distance: 3.29
342 Time: 99 Distance: 3.41
343 Time: 99 Distance: 3.40
344 Time: 99 Distance: 3.41
345 Time: 99 Distance: 3.41
346 Time: 87 Distance: 2.98
347 Time: 87 Distance: 2.98
348 Time: 99 Distance: 3.41
349 Time: 99 Distance: 3.41
350 Time: 96 Distance: 3.31
351 Time: 99 Distance: 3.40
352 Time: 96 Distance: 3.29
353 Time: 99 Distance: 3.41
354 Time: 99 Distance: 3.40
355 Time: 99 Distance: 3.41
356 Time: 99 Distance: 3.41
357 Time: 99 Distance: 3.41
358 Time: 99 Distance: 3.40
359 Time: 87 Distance: 2.98
360 Time: 87 Distance: 2.98
361 Time: 84 Distance: 2.88
362 Time: 99 Distance: 3.41
363 Time: 96 Distance: 3.31
364 Time: 99 Distance: 3.41
365 Time: 87 Distance: 2.98
366 Time: 99 Distance: 3.40
367 Time: 99 Distance: 3.41
368 Time: 99 Distance: 3.40
369 Time: 99 Distance: 3.41
370 Time: 96 Distance: 3.31
371 Time: 99 Distance: 3.41
372 Time: 84 Distance: 2.88
373 Time: 99 Distance: 3.41
374 Time: 99 Distance: 3.41
375 Time: 99 Distance: 3.41
376 Time: 99 Distance: 3.41
377 Time: 99 Distance: 3.40
378 Time: 99 Distance: 3.40
379 Time: 87 Distance: 2.98
380 Time: 99 Distance: 3.41
381 Time: 96 Distance: 3.31
382 Time: 99 Distance: 3.41
383 Time: 96 Distance: 3.31
384 Time: 99 Distance: 3.41
385 Time: 99 Distance: 3.41
386 Time: 99 Distance: 3.40
387 Time: 99 Distance: 3.41
388 Time: 99 Distance: 3.41
389 Time: 99 Distance: 3.41
390 Time: 99 Distance: 3.41
391 Time: 99 Distance: 3.41
392 Time: 96 Distance: 3.29
393 Time: 99 Distance: 3.41
394 Time: 96 Distance: 3.31
395 Time: 99 Distance: 3.40
396 Time: 99 Distance: 3.41
397 Time: 99 Distance: 3.41
398 Time: 99 Distance: 3.41
399 Time: 99 Distance: 3.40
400 Time: 99 Distance: 3.41
401 Time: 99 Distance: 3.41
402 Time: 87 Distance: 2.98
403 Time: 96 Distance: 3.31
404 Time: 99 Distance: 3.40
405 Time: 96 Distance: 3.29
406 Time: 99 Distance: 3.41
407 Time: 99 Distance: 3.41
408 Time: 99 Distance: 3.40
409 Time: 99 Distance: 3.40
410 Time: 99 Distance: 3.41
411 Time: 99 Distance: 3.41
412 Time: 99 Distance: 3.41
413 Time: 99 Distance: 3.41
414 Time: 96 Distance: 3.29
415 Time: 99 Distance: 3.41
416 Time: 96 Distance: 3.29
417 Time: 99 Distance: 3.41
418 Time: 99 Distance: 3.41
419 Time: 99 Distance: 3.41
420 Time: 99 Distance: 3.40
421 Time: 99 Distance: 3.40
422 Time: 99 Distance: 3.41
423 Time: 99 Distance: 3.41
424 Time: 99 Distance: 3.41
425 Time: 96 Distance: 3.31
426 Time: 99 Distance: 3.41
427 Time: 96 Distance: 3.31
428 Time: 99 Distance: 3.41
429 Time: 99 Distance: 3.41
430 Time: 99 Distance: 3.41
431 Time: 99 Distance: 3.41
432 Time: 99 Distance: 3.41
433 Time: 99 Distance: 3.41
434 Time: 96 Distance: 3.31
435 Time: 99 Distance: 3.41
436 Time: 96 Distance: 3.31
437 Time: 99 Distance: 3.41
438 Time: 99 Distance: 3.41
439 Time: 99 Distance: 3.41
440 Time: 99 Distance: 3.41
441 Time: 99 Distance: 3.41
442 Time: 99 Distance: 3.41
443 Time: 99 Distance: 3.41
444 Time: 99 Distance: 3.41
445 Time: 96 Distance: 3.31
446 Time: 99 Distance: 3.41
447 Time: 96 Distance: 3.31
448 Time: 99 Distance: 3.41
449 Time: 99 Distance: 3.41
450 Time: 99 Distance: 3.41
451 Time: 99 Distance: 3.40
452 Time: 99 Distance: 3.41
453 Time: 99 Distance: 3.40
454 Time: 99 Distance: 3.41
455 Time: 99 Distance: 3.41
456 Time: 96 Distance: 3.31
457 Time: 99 Distance: 3.41
458 Time: 96 Distance: 3.31
459 Time: 99 Distance: 3.41
460 Time: 99 Distance: 3.41
461 Time: 99 Distance: 3.40
462 Time: 99 Distance: 3.40
463 Time: 99 Distance: 3.41
464 Time: 99 Distance: 3.40
465 Time: 99 Distance: 3.40
466 Time: 99 Distance: 3.41
467 Time: 96 Distance: 3.31
468 Time: 99 Distance: 3.41
469 Time: 96 Distance: 3.31
470 Time: 99 Distance: 3.41
471 Time: 99 Distance: 3.40
472 Time: 99 Distance: 3.40
473 Time: 99 Distance: 3.41
474 Time: 99 Distance: 3.41
475 Time: 99 Distance: 3.40
476 Time: 99 Distance: 3.41
477 Time: 99 Distance: 3.40
478 Time: 96 Distance: 3.31
479 Time: 99 Distance: 3.41
480 Time: 96 Distance: 3.29
481 Time: 99 Distance: 3.41
482 Time: 99 Distance: 3.41
483 Time: 87 Distance: 2.98
484 Time: 99 Distance: 3.40
485 Time: 99 Distance: 3.41
486 Time: 87 Distance: 2.98
487 Time: 99 Distance: 3.40
488 Time: 99 Distance: 3.41
489 Time: 96 Distance: 3.31
490 Time: 99 Distance: 3.41
491 Time: 96 Distance: 3.31
492 Time: 99 Distance: 3.41
493 Time: 99 Distance: 3.41
494 Time: 99 Distance: 3.40
495 Time: 99 Distance: 3.41
496 Time: 87 Distance: 2.98
497 Time: 99 Distance: 3.40
498 Time: 96 Distance: 3.31
499 Time: 99 Distance: 3.40
500 Time: 96 Distance: 3.31
501 Time: 99 Distance: 3.41
502 Time: 99 Distance: 3.41
503 Time: 99 Distance: 3.41
504 Time: 99 Distance: 3.40
505 Time: 99 Distance: 3.40
506 Time: 99 Distance: 3.41
507 Time: 99 Distance: 3.40
508 Time: 99 Distance: 3.41
509 Time: 96 Distance: 3.31
510 Time: 99 Distance: 3.40
511 Time: 96 Distance: 3.29
512 Time: 99 Distance: 3.41
513 Time: 99 Distance: 3.41
514 Time: 99 Distance: 3.40
515 Time: 99 Distance: 3.41
516 Time: 87 Distance: 2.98
517 Time: 99 Distance: 3.40
518 Time: 99 Distance: 3.41
519 Time: 87 Distance: 2.98
520 Time: 84 Distance: 2.88
521 Time: 99 Distance: 3.41
522 Time: 96 Distance: 3.31
523 Time: 99 Distance: 3.41
524 Time: 99 Distance: 3.40
525 Time: 99 Distance: 3.40
526 Time: 99 Distance: 3.41
527 Time: 99 Distance: 3.41
528 Time: 99 Distance: 3.41
529 Time: 99 Distance: 3.40
530 Time: 99 Distance: 3.41
531 Time: 96 Distance: 3.29
532 Time: 87 Distance: 2.98
533 Time: 96 Distance: 3.29
534 Time: 99 Distance: 3.41
535 Time: 99 Distance: 3.40
536 Time: 99 Distance: 3.40
537 Time: 99 Distance: 3.40
538 Time: 99 Distance: 3.40
539 Time: 99 Distance: 3.41
540 Time: 87 Distance: 2.98
541 Time: 99 Distance: 3.41
542 Time: 96 Distance: 3.31
543 Time: 99 Distance: 3.41
544 Time: 96 Distance: 3.31
545 Time: 99 Distance: 3.41
546 Time: 87 Distance: 2.98
547 Time: 99 Distance: 3.40
548 Time: 99 Distance: 3.41
549 Time: 99 Distance: 3.41
550 Time: 99 Distance: 3.41
551 Time: 99 Distance: 3.41
552 Time: 99 Distance: 3.41
553 Time: 96 Distance: 3.31
554 Time: 99 Distance: 3.41
555 Time: 96 Distance: 3.31
556 Time: 99 Distance: 3.41
557 Time: 99 Distance: 3.40
558 Time: 99 Distance: 3.41
559 Time: 99 Distance: 3.40
560 Time: 99 Distance: 3.41
561 Time: 99 Distance: 3.41
562 Time: 96 Distance: 3.31
563 Time: 99 Distance: 3.41
564 Time: 96 Distance: 3.31
565 Time: 99 Distance: 3.40
566 Time: 99 Distance: 3.41
567 Time: 99 Distance: 3.41
568 Time: 99 Distance: 3.40
569 Time: 99 Distance: 3.41
570 Time: 99 Distance: 3.40
571 Time: 99 Distance: 3.40
572 Time: 99 Distance: 3.40
573 Time: 96 Distance: 3.31
574 Time: 99 Distance: 3.40
575 Time: 96 Distance: 3.31
576 Time: 99 Distance: 3.41
577 Time: 99 Distance: 3.41
578 Time: 99 Distance: 3.41
579 Time: 99 Distance: 3.41
580 Time: 99 Distance: 3.41
581 Time: 99 Distance: 3.40
582 Time: 99 Distance: 3.41
583 Time: 99 Distance: 3.41
584 Time: 96 Distance: 3.29
585 Time: 99 Distance: 3.41
586 Time: 96 Distance: 3.31
587 Time: 99 Distance: 3.41
588 Time: 99 Distance: 3.40
589 Time: 99 Distance: 3.40
590 Time: 99 Distance: 3.41
591 Time: 99 Distance: 3.40
592 Time: 99 Distance: 3.40
593 Time: 99 Distance: 3.41
594 Time: 99 Distance: 3.41
595 Time: 96 Distance: 3.31
596 Time: 99 Distance: 3.41
597 Time: 84 Distance: 2.88
598 Time: 99 Distance: 3.41
599 Time: 99 Distance: 3.41
600 Time: 99 Distance: 3.40
601 Time: 99 Distance: 3.41
602 Time: 99 Distance: 3.41
603 Time: 99 Distance: 3.41
604 Time: 99 Distance: 3.41
605 Time: 99 Distance: 3.41
606 Time: 96 Distance: 3.31
607 Time: 99 Distance: 3.40
608 Time: 96 Distance: 3.29
609 Time: 99 Distance: 3.40
610 Time: 99 Distance: 3.41
611 Time: 99 Distance: 3.41
612 Time: 99 Distance: 3.41
613 Time: 99 Distance: 3.41
614 Time: 99 Distance: 3.40
615 Time: 99 Distance: 3.41
616 Time: 99 Distance: 3.41
617 Time: 96 Distance: 3.29
618 Time: 99 Distance: 3.41
619 Time: 96 Distance: 3.31
620 Time: 87 Distance: 2.98
621 Time: 87 Distance: 2.98
622 Time: 99 Distance: 3.41
623 Time: 99 Distance: 3.41
624 Time: 99 Distance: 3.40
625 Time: 99 Distance: 3.41
626 Time: 96 Distance: 3.31
627 Time: 99 Distance: 3.41
628 Time: 96 Distance: 3.29
629 Time: 99 Distance: 3.41
630 Time: 99 Distance: 3.41
631 Time: 99 Distance: 3.40
632 Time: 87 Distance: 2.98
633 Time: 99 Distance: 3.41
634 Time: 99 Distance: 3.41
635 Time: 99 Distance: 3.41
636 Time: 99 Distance: 3.40
637 Time: 96 Distance: 3.29
638 Time: 99 Distance: 3.41
639 Time: 96 Distance: 3.31
640 Time: 99 Distance: 3.41
641 Time: 99 Distance: 3.41
642 Time: 87 Distance: 2.98
643 Time: 87 Distance: 2.98
644 Time: 99 Distance: 3.41
645 Time: 99 Distance: 3.40
646 Time: 99 Distance: 3.41
647 Time: 99 Distance: 3.41
648 Time: 84 Distance: 2.88
649 Time: 99 Distance: 3.40
650 Time: 96 Distance: 3.31
651 Time: 87 Distance: 2.98
652 Time: 99 Distance: 3.41
653 Time: 99 Distance: 3.40
654 Time: 99 Distance: 3.41
655 Time: 99 Distance: 3.40
656 Time: 99 Distance: 3.41
657 Time: 99 Distance: 3.41
658 Time: 99 Distance: 3.41
659 Time: 96 Distance: 3.29
660 Time: 87 Distance: 2.98
661 Time: 84 Distance: 2.88
662 Time: 99 Distance: 3.40
663 Time: 99 Distance: 3.41
664 Time: 99 Distance: 3.40
665 Time: 99 Distance: 3.41
666 Time: 99 Distance: 3.41
667 Time: 99 Distance: 3.41
668 Time: 87 Distance: 2.98
669 Time: 87 Distance: 2.98
670 Time: 96 Distance: 3.31
671 Time: 99 Distance: 3.41
672 Time: 96 Distance: 3.29
673 Time: 99 Distance: 3.41
674 Time: 99 Distance: 3.41
675 Time: 99 Distance: 3.41
676 Time: 99 Distance: 3.41
677 Time: 99 Distance: 3.41
678 Time: 99 Distance: 3.40
679 Time: 99 Distance: 3.41
680 Time: 99 Distance: 3.40
681 Time: 96 Distance: 3.31
682 Time: 99 Distance: 3.40
683 Time: 96 Distance: 3.31
684 Time: 99 Distance: 3.41
685 Time: 87 Distance: 2.98
686 Time: 99 Distance: 3.40
687 Time: 99 Distance: 3.41
688 Time: 87 Distance: 2.98
689 Time: 99 Distance: 3.41
690 Time: 96 Distance: 3.29
691 Time: 99 Distance: 3.41
692 Time: 84 Distance: 2.88
693 Time: 99 Distance: 3.41
694 Time: 99 Distance: 3.40
695 Time: 87 Distance: 2.98
696 Time: 99 Distance: 3.41
697 Time: 99 Distance: 3.41
698 Time: 99 Distance: 3.41
699 Time: 99 Distance: 3.41
700 Time: 99 Distance: 3.40
701 Time: 96 Distance: 3.29
702 Time: 99 Distance: 3.40
703 Time: 96 Distance: 3.29
704 Time: 99 Distance: 3.41
705 Time: 99 Distance: 3.41
706 Time: 99 Distance: 3.41
707 Time: 99 Distance: 3.41
708 Time: 99 Distance: 3.40
709 Time: 99 Distance: 3.41
710 Time: 99 Distance: 3.41
711 Time: 99 Distance: 3.40
712 Time: 96 Distance: 3.31
713 Time: 99 Distance: 3.40
714 Time: 96 Distance: 3.31
715 Time: 99 Distance: 3.40
716 Time: 99 Distance: 3.40
717 Time: 99 Distance: 3.41
718 Time: 99 Distance: 3.40
719 Time: 99 Distance: 3.41
720 Time: 99 Distance: 3.41
721 Time: 99 Distance: 3.41
722 Time: 87 Distance: 2.98
723 Time: 96 Distance: 3.31
724 Time: 99 Distance: 3.41
725 Time: 84 Distance: 2.88
726 Time: 99 Distance: 3.40
727 Time: 99 Distance: 3.41
728 Time: 99 Distance: 3.41
729 Time: 99 Distance: 3.40
730 Time: 99 Distance: 3.40
731 Time: 99 Distance: 3.41
732 Time: 99 Distance: 3.41
733 Time: 99 Distance: 3.40
734 Time: 96 Distance: 3.31
735 Time: 99 Distance: 3.41
736 Time: 84 Distance: 2.88
737 Time: 99 Distance: 3.40
738 Time: 99 Distance: 3.41
739 Time: 99 Distance: 3.41
740 Time: 99 Distance: 3.40
741 Time: 99 Distance: 3.41
742 Time: 99 Distance: 3.41
743 Time: 99 Distance: 3.41
744 Time: 99 Distance: 3.41
745 Time: 96 Distance: 3.29
746 Time: 99 Distance: 3.41
747 Time: 96 Distance: 3.31
748 Time: 99 Distance: 3.41
749 Time: 99 Distance: 3.41
750 Time: 99 Distance: 3.40
751 Time: 99 Distance: 3.41
752 Time: 99 Distance: 3.41
753 Time: 99 Distance: 3.41
754 Time: 96 Distance: 3.31
755 Time: 99 Distance: 3.41
756 Time: 96 Distance: 3.29
757 Time: 99 Distance: 3.41
758 Time: 99 Distance: 3.40
759 Time: 99 Distance: 3.41
760 Time: 99 Distance: 3.40
761 Time: 99 Distance: 3.40
762 Time: 99 Distance: 3.41
763 Time: 99 Distance: 3.41
764 Time: 99 Distance: 3.41
765 Time: 96 Distance: 3.31
766 Time: 99 Distance: 3.40
767 Time: 96 Distance: 3.31
768 Time: 99 Distance: 3.40
769 Time: 99 Distance: 3.41
770 Time: 99 Distance: 3.41
771 Time: 99 Distance: 3.40
772 Time: 99 Distance: 3.40
773 Time: 99 Distance: 3.41
774 Time: 99 Distance: 3.40
775 Time: 99 Distance: 3.40
776 Time: 96 Distance: 3.29
777 Time: 99 Distance: 3.41
778 Time: 96 Distance: 3.31
779 Time: 99 Distance: 3.40
780 Time: 87 Distance: 2.98
781 Time: 99 Distance: 3.41
782 Time: 99 Distance: 3.41
783 Time: 99 Distance: 3.41
784 Time: 99 Distance: 3.41
785 Time: 99 Distance: 3.40
786 Time: 87 Distance: 2.98
787 Time: 96 Distance: 3.31
788 Time: 99 Distance: 3.41
789 Time: 96 Distance: 3.31
790 Time: 99 Distance: 3.40
791 Time: 99 Distance: 3.41
792 Time: 99 Distance: 3.41
793 Time: 99 Distance: 3.41
794 Time: 99 Distance: 3.40
795 Time: 99 Distance: 3.41
796 Time: 99 Distance: 3.41
797 Time: 99 Distance: 3.41
798 Time: 96 Distance: 3.31
799 Time: 99 Distance: 3.41
800 Time: 84 Distance: 2.88
801 Time: 99 Distance: 3.40
802 Time: 87 Distance: 2.98
803 Time: 99 Distance: 3.41
804 Time: 99 Distance: 3.41
805 Time: 87 Distance: 2.98
806 Time: 99 Distance: 3.40
807 Time: 99 Distance: 3.40
808 Time: 99 Distance: 3.40
809 Time: 96 Distance: 3.29
810 Time: 99 Distance: 3.41
811 Time: 96 Distance: 3.31
812 Time: 87 Distance: 2.98
813 Time: 99 Distance: 3.41
814 Time: 99 Distance: 3.41
815 Time: 99 Distance: 3.40
816 Time: 99 Distance: 3.40
817 Time: 99 Distance: 3.41
818 Time: 84 Distance: 2.88
819 Time: 99 Distance: 3.41
820 Time: 96 Distance: 3.31
821 Time: 99 Distance: 3.41
822 Time: 99 Distance: 3.40
823 Time: 99 Distance: 3.40
824 Time: 99 Distance: 3.41
825 Time: 99 Distance: 3.41
826 Time: 99 Distance: 3.41
827 Time: 87 Distance: 2.98
828 Time: 99 Distance: 3.41
829 Time: 96 Distance: 3.29
830 Time: 99 Distance: 3.40
831 Time: 96 Distance: 3.31
832 Time: 99 Distance: 3.40
833 Time: 99 Distance: 3.41
834 Time: 99 Distance: 3.41
835 Time: 99 Distance: 3.41
836 Time: 99 Distance: 3.41
837 Time: 99 Distance: 3.41
838 Time: 87 Distance: 2.98
839 Time: 99 Distance: 3.41
840 Time: 96 Distance: 3.31
841 Time: 99 Distance: 3.40
842 Time: 96 Distance: 3.31
843 Time: 99 Distance: 3.40
844 Time: 99 Distance: 3.40
845 Time: 99 Distance: 3.41
846 Time: 99 Distance: 3.41
847 Time: 99 Distance: 3.41
848 Time: 99 Distance: 3.41
849 Time: 99 Distance: 3.41
850 Time: 99 Distance: 3.40
851 Time: 96 Distance: 3.31
852 Time: 99 Distance: 3.41
853 Time: 96 Distance: 3.31
854 Time: 99 Distance: 3.41
855 Time: 99 Distance: 3.41
856 Time: 99 Distance: 3.41
857 Time: 87 Distance: 2.98
858 Time: 99 Distance: 3.40
859 Time: 99 Distance: 3.40
860 Time: 99 Distance: 3.41
861 Time: 99 Distance: 3.41
862 Time: 96 Distance: 3.31
863 Time: 87 Distance: 2.98
864 Time: 96 Distance: 3.29
865 Time: 99 Distance: 3.40
866 Time: 99 Distance: 3.41
867 Time: 99 Distance: 3.41
868 Time: 99 Distance: 3.41
869 Time: 99 Distance: 3.41
870 Time: 99 Distance: 3.41
871 Time: 99 Distance: 3.41
872 Time: 99 Distance: 3.41
873 Time: 96 Distance: 3.29
874 Time: 99 Distance: 3.41
875 Time: 96 Distance: 3.31
876 Time: 99 Distance: 3.41
877 Time: 99 Distance: 3.41
878 Time: 99 Distance: 3.41
879 Time: 99 Distance: 3.41
880 Time: 99 Distance: 3.41
881 Time: 99 Distance: 3.41
882 Time: 96 Distance: 3.31
883 Time: 99 Distance: 3.40
884 Time: 84 Distance: 2.88
885 Time: 99 Distance: 3.41
886 Time: 99 Distance: 3.40
887 Time: 99 Distance: 3.40
888 Time: 99 Distance: 3.40
889 Time: 99 Distance: 3.41
890 Time: 99 Distance: 3.41
891 Time: 99 Distance: 3.41
892 Time: 99 Distance: 3.41
893 Time: 96 Distance: 3.31
894 Time: 99 Distance: 3.41
895 Time: 96 Distance: 3.29
896 Time: 99 Distance: 3.40
897 Time: 99 Distance: 3.41
898 Time: 99 Distance: 3.40
899 Time: 99 Distance: 3.40
900 Time: 99 Distance: 3.41
901 Time: 99 Distance: 3.41
902 Time: 99 Distance: 3.41
903 Time: 99 Distance: 3.40
904 Time: 96 Distance: 3.31
905 Time: 99 Distance: 3.41
906 Time: 96 Distance: 3.29
907 Time: 99 Distance: 3.40
908 Time: 87 Distance: 2.98
909 Time: 99 Distance: 3.41
910 Time: 99 Distance: 3.41
911 Time: 99 Distance: 3.40
912 Time: 99 Distance: 3.41
913 Time: 99 Distance: 3.41
914 Time: 99 Distance: 3.41
915 Time: 96 Distance: 3.31
916 Time: 99 Distance: 3.40
917 Time: 96 Distance: 3.29
918 Time: 99 Distance: 3.40
919 Time: 99 Distance: 3.40
920 Time: 99 Distance: 3.40
921 Time: 99 Distance: 3.41
922 Time: 99 Distance: 3.40
923 Time: 99 Distance: 3.41
924 Time: 99 Distance: 3.41
925 Time: 99 Distance: 3.41
926 Time: 96 Distance: 3.31
927 Time: 87 Distance: 2.98
928 Time: 96 Distance: 3.31
929 Time: 99 Distance: 3.41
930 Time: 99 Distance: 3.41
931 Time: 99 Distance: 3.41
932 Time: 99 Distance: 3.40
933 Time: 99 Distance: 3.40
934 Time: 99 Distance: 3.40
935 Time: 99 Distance: 3.40
936 Time: 99 Distance: 3.41
937 Time: 96 Distance: 3.31
938 Time: 99 Distance: 3.41
939 Time: 96 Distance: 3.29
940 Time: 99 Distance: 3.40
941 Time: 99 Distance: 3.41
942 Time: 99 Distance: 3.41
943 Time: 99 Distance: 3.41
944 Time: 99 Distance: 3.41
945 Time: 99 Distance: 3.41
946 Time: 96 Distance: 3.31
947 Time: 99 Distance: 3.41
948 Time: 96 Distance: 3.31
949 Time: 99 Distance: 3.41
950 Time: 87 Distance: 2.98
951 Time: 99 Distance: 3.41
952 Time: 99 Distance: 3.41
953 Time: 99 Distance: 3.41
954 Time: 99 Distance: 3.41
955 Time: 99 Distance: 3.41
956 Time: 99 Distance: 3.41
957 Time: 96 Distance: 3.29
958 Time: 99 Distance: 3.40
959 Time: 96 Distance: 3.31
960 Time: 99 Distance: 3.40
961 Time: 99 Distance: 3.41
962 Time: 99 Distance: 3.40
963 Time: 99 Distance: 3.41
964 Time: 99 Distance: 3.41
965 Time: 87 Distance: 2.98
966 Time: 99 Distance: 3.41
967 Time: 99 Distance: 3.40
968 Time: 96 Distance: 3.29
969 Time: 99 Distance: 3.41
970 Time: 96 Distance: 3.31
971 Time: 99 Distance: 3.41
972 Time: 99 Distance: 3.40
973 Time: 99 Distance: 3.41
974 Time: 99 Distance: 3.41
975 Time: 99 Distance: 3.40
976 Time: 99 Distance: 3.40
977 Time: 99 Distance: 3.40
978 Time: 99 Distance: 3.41
979 Time: 96 Distance: 3.29
980 Time: 87 Distance: 2.98
981 Time: 96 Distance: 3.29
982 Time: 99 Distance: 3.41
983 Time: 99 Distance: 3.41
984 Time: 99 Distance: 3.41
985 Time: 87 Distance: 2.98
986 Time: 99 Distance: 3.41
987 Time: 99 Distance: 3.41
988 Time: 99 Distance: 3.41
989 Time: 99 Distance: 3.41
990 Time: 96 Distance: 3.31
991 Time: 87 Distance: 2.98
992 Time: 84 Distance: 2.88
993 Time: 99 Distance: 3.41
994 Time: 99 Distance: 3.41
995 Time: 99 Distance: 3.41
996 Time: 99 Distance: 3.41
997 Time: 99 Distance: 3.41
998 Time: 87 Distance: 2.98
999 Time: 99 Distance: 3.41
1000 Time: 99 Distance: 3.41
1001 Time: 96 Distance: 3.31
1002 Time: 99 Distance: 3.40
1003 Time: 96 Distance: 3.31
1004 Time: 87 Distance: 2.98
1005 Time: 99 Distance: 3.41
1006 Time: 99 Distance: 3.41
1007 Time: 99 Distance: 3.41
1008 Time: 99 Distance: 3.40
1009 Time: 99 Distance: 3.41
1010 Time: 99 Distance: 3.41
1011 Time: 99 Distance: 3.41
1012 Time: 99 Distance: 3.41
1013 Time: 99 Distance: 3.41
1014 Time: 99 Distance: 3.40
1015 Time: 99 Distance: 3.40
1016 Time: 96 Distance: 3.31
1017 Time: 99 Distance: 3.41
1018 Time: 96 Distance: 3.29
1019 Time: 99 Distance: 3.41
1020 Time: 84 Distance: 2.88
1021 Time: 99 Distance: 3.41
1022 Time: 99 Distance: 3.41
1023 Time: 99 Distance: 3.41
1024 Time: 99 Distance: 3.41
1025 Time: 99 Distance: 3.40
1026 Time: 87 Distance: 2.98
1027 Time: 99 Distance: 3.41
1028 Time: 99 Distance: 3.40
1029 Time: 99 Distance: 3.40
1030 Time: 99 Distance: 3.41
1031 Time: 96 Distance: 3.29
1032 Time: 87 Distance: 2.98
1033 Time: 96 Distance: 3.31
1034 Time: 99 Distance: 3.41
1035 Time: 96 Distance: 3.31
1036 Time: 99 Distance: 3.40
1037 Time: 99 Distance: 3.41
1038 Time: 99 Distance: 3.41
1039 Time: 99 Distance: 3.41
1040 Time: 99 Distance: 3.41
1041 Time: 99 Distance: 3.41
1042 Time: 99 Distance: 3.40
1043 Time: 87 Distance: 2.98
1044 Time: 99 Distance: 3.41
1045 Time: 99 Distance: 3.41
1046 Time: 99 Distance: 3.40
1047 Time: 99 Distance: 3.41
1048 Time: 96 Distance: 3.29
1049 Time: 99 Distance: 3.41
1050 Time: 96 Distance: 3.31
1051 Time: 99 Distance: 3.41
1052 Time: 96 Distance: 3.31
1053 Time: 99 Distance: 3.41
1054 Time: 99 Distance: 3.40
1055 Time: 99 Distance: 3.40
1056 Time: 87 Distance: 2.98
1057 Time: 99 Distance: 3.41
1058 Time: 99 Distance: 3.41
1059 Time: 99 Distance: 3.41
1060 Time: 99 Distance: 3.40
1061 Time: 99 Distance: 3.41
1062 Time: 99 Distance: 3.41
1063 Time: 96 Distance: 3.29
1064 Time: 99 Distance: 3.41
1065 Time: 96 Distance: 3.31
1066 Time: 99 Distance: 3.41
1067 Time: 96 Distance: 3.31
1068 Time: 99 Distance: 3.41
1069 Time: 99 Distance: 3.41
1070 Time: 99 Distance: 3.41
1071 Time: 87 Distance: 2.98
1072 Time: 99 Distance: 3.41
1073 Time: 99 Distance: 3.41
1074 Time: 99 Distance: 3.41
1075 Time: 99 Distance: 3.40
1076 Time: 99 Distance: 3.41
1077 Time: 99 Distance: 3.40
1078 Time: 87 Distance: 2.98
1079 Time: 99 Distance: 3.40
1080 Time: 96 Distance: 3.31
1081 Time: 99 Distance: 3.41
1082 Time: 84 Distance: 2.88
1083 Time: 99 Distance: 3.41
1084 Time: 96 Distance: 3.29
1085 Time: 99 Distance: 3.41
1086 Time: 99 Distance: 3.40
1087 Time: 99 Distance: 3.40
1088 Time: 99 Distance: 3.40
1089 Time: 99 Distance: 3.41
1090 Time: 99 Distance: 3.40
1091 Time: 87 Distance: 2.98
1092 Time: 99 Distance: 3.41
1093 Time: 87 Distance: 2.98
1094 Time: 99 Distance: 3.41
1095 Time: 96 Distance: 3.31
1096 Time: 99 Distance: 3.41
1097 Time: 96 Distance: 3.31
1098 Time: 99 Distance: 3.41
1099 Time: 84 Distance: 2.88
1100 Time: 87 Distance: 2.98
1101 Time: 99 Distance: 3.40
1102 Time: 99 Distance: 3.41
1103 Time: 99 Distance: 3.41
1104 Time: 99 Distance: 3.41
1105 Time: 99 Distance: 3.41
1106 Time: 99 Distance: 3.41
1107 Time: 99 Distance: 3.41
1108 Time: 99 Distance: 3.40
1109 Time: 99 Distance: 3.41
1110 Time: 99 Distance: 3.40
1111 Time: 99 Distance: 3.40
1112 Time: 84 Distance: 2.88
1113 Time: 99 Distance: 3.41
1114 Time: 96 Distance: 3.29
1115 Time: 87 Distance: 2.98
1116 Time: 96 Distance: 3.29
1117 Time: 87 Distance: 2.98
1118 Time: 99 Distance: 3.41
1119 Time: 87 Distance: 2.98
1120 Time: 99 Distance: 3.40
1121 Time: 99 Distance: 3.41
1122 Time: 99 Distance: 3.41
1123 Time: 99 Distance: 3.41
1124 Time: 99 Distance: 3.41
1125 Time: 99 Distance: 3.40
1126 Time: 99 Distance: 3.40
1127 Time: 96 Distance: 3.31
1128 Time: 99 Distance: 3.41
1129 Time: 84 Distance: 2.88
1130 Time: 99 Distance: 3.40
1131 Time: 96 Distance: 3.31
1132 Time: 99 Distance: 3.41
1133 Time: 87 Distance: 2.98
1134 Time: 87 Distance: 2.98
1135 Time: 99 Distance: 3.41
1136 Time: 99 Distance: 3.40
1137 Time: 99 Distance: 3.41
1138 Time: 99 Distance: 3.41
1139 Time: 99 Distance: 3.41
1140 Time: 87 Distance: 2.98
1141 Time: 99 Distance: 3.40
1142 Time: 99 Distance: 3.41
1143 Time: 99 Distance: 3.41
1144 Time: 84 Distance: 2.88
1145 Time: 99 Distance: 3.41
1146 Time: 96 Distance: 3.31
1147 Time: 99 Distance: 3.41
1148 Time: 96 Distance: 3.31
1149 Time: 99 Distance: 3.41
1150 Time: 99 Distance: 3.40
1151 Time: 87 Distance: 2.98
1152 Time: 99 Distance: 3.41
1153 Time: 99 Distance: 3.41
1154 Time: 87 Distance: 2.98
1155 Time: 99 Distance: 3.41
1156 Time: 99 Distance: 3.41
1157 Time: 99 Distance: 3.40
1158 Time: 99 Distance: 3.41
1159 Time: 96 Distance: 3.31
1160 Time: 99 Distance: 3.40
1161 Time: 96 Distance: 3.29
1162 Time: 99 Distance: 3.41
1163 Time: 84 Distance: 2.88
1164 Time: 99 Distance: 3.40
1165 Time: 99 Distance: 3.40
1166 Time: 99 Distance: 3.41
1167 Time: 99 Distance: 3.41
1168 Time: 99 Distance: 3.41
1169 Time: 99 Distance: 3.40
1170 Time: 99 Distance: 3.40
1171 Time: 99 Distance: 3.40
1172 Time: 99 Distance: 3.40
1173 Time: 99 Distance: 3.41
1174 Time: 99 Distance: 3.41
1175 Time: 99 Distance: 3.41
1176 Time: 96 Distance: 3.29
1177 Time: 99 Distance: 3.41
1178 Time: 96 Distance: 3.31
1179 Time: 87 Distance: 2.98
1180 Time: 96 Distance: 3.31
1181 Time: 99 Distance: 3.41
1182 Time: 99 Distance: 3.40
1183 Time: 87 Distance: 2.98
1184 Time: 87 Distance: 2.98
1185 Time: 99 Distance: 3.41
1186 Time: 99 Distance: 3.41
1187 Time: 99 Distance: 3.41
1188 Time: 87 Distance: 2.98
1189 Time: 99 Distance: 3.41
1190 Time: 99 Distance: 3.40
1191 Time: 96 Distance: 3.29
1192 Time: 99 Distance: 3.41
1193 Time: 96 Distance: 3.31
1194 Time: 99 Distance: 3.41
1195 Time: 96 Distance: 3.29
1196 Time: 99 Distance: 3.40
1197 Time: 87 Distance: 2.98
1198 Time: 87 Distance: 2.98
1199 Time: 99 Distance: 3.41
1200 Time: 99 Distance: 3.41
1201 Time: 99 Distance: 3.41
1202 Time: 99 Distance: 3.41
1203 Time: 87 Distance: 2.98
1204 Time: 99 Distance: 3.40
1205 Time: 87 Distance: 2.98
1206 Time: 99 Distance: 3.40
1207 Time: 99 Distance: 3.40
1208 Time: 96 Distance: 3.31
1209 Time: 87 Distance: 2.98
1210 Time: 96 Distance: 3.31
1211 Time: 87 Distance: 2.98
1212 Time: 96 Distance: 3.29
1213 Time: 99 Distance: 3.40
1214 Time: 99 Distance: 3.40
1215 Time: 99 Distance: 3.41
1216 Time: 99 Distance: 3.40
1217 Time: 99 Distance: 3.41
1218 Time: 87 Distance: 2.98
1219 Time: 99 Distance: 3.40
1220 Time: 87 Distance: 2.98
1221 Time: 99 Distance: 3.41
1222 Time: 99 Distance: 3.41
1223 Time: 96 Distance: 3.29
1224 Time: 99 Distance: 3.41
1225 Time: 84 Distance: 2.88
1226 Time: 99 Distance: 3.41
1227 Time: 96 Distance: 3.31
1228 Time: 99 Distance: 3.40
1229 Time: 99 Distance: 3.40
1230 Time: 99 Distance: 3.41
1231 Time: 87 Distance: 2.98
1232 Time: 99 Distance: 3.41
1233 Time: 87 Distance: 2.98
1234 Time: 99 Distance: 3.41
1235 Time: 99 Distance: 3.41
1236 Time: 99 Distance: 3.41
1237 Time: 99 Distance: 3.40
1238 Time: 87 Distance: 2.98
1239 Time: 99 Distance: 3.41
1240 Time: 96 Distance: 3.31
1241 Time: 99 Distance: 3.41
1242 Time: 96 Distance: 3.29
1243 Time: 99 Distance: 3.41
1244 Time: 96 Distance: 3.31
1245 Time: 87 Distance: 2.98
1246 Time: 99 Distance: 3.41
1247 Time: 99 Distance: 3.41
1248 Time: 99 Distance: 3.40
1249 Time: 99 Distance: 3.41
1250 Time: 99 Distance: 3.41
1251 Time: 99 Distance: 3.41
1252 Time: 99 Distance: 3.41
1253 Time: 99 Distance: 3.41
1254 Time: 99 Distance: 3.41
1255 Time: 96 Distance: 3.29
1256 Time: 99 Distance: 3.41
1257 Time: 96 Distance: 3.31
1258 Time: 99 Distance: 3.41
1259 Time: 84 Distance: 2.88
1260 Time: 99 Distance: 3.41
1261 Time: 99 Distance: 3.40
1262 Time: 99 Distance: 3.40
1263 Time: 99 Distance: 3.41
1264 Time: 99 Distance: 3.40
1265 Time: 99 Distance: 3.40
1266 Time: 87 Distance: 2.98
1267 Time: 87 Distance: 2.98
1268 Time: 99 Distance: 3.41
1269 Time: 99 Distance: 3.41
1270 Time: 99 Distance: 3.41
1271 Time: 87 Distance: 2.98
1272 Time: 96 Distance: 3.31
1273 Time: 99 Distance: 3.41
1274 Time: 84 Distance: 2.88
1275 Time: 99 Distance: 3.41
1276 Time: 96 Distance: 3.31
1277 Time: 99 Distance: 3.41
1278 Time: 99 Distance: 3.40
1279 Time: 99 Distance: 3.41
1280 Time: 99 Distance: 3.40
1281 Time: 99 Distance: 3.41
1282 Time: 99 Distance: 3.41
1283 Time: 99 Distance: 3.40
1284 Time: 99 Distance: 3.40
1285 Time: 99 Distance: 3.41
1286 Time: 99 Distance: 3.41
1287 Time: 96 Distance: 3.29
1288 Time: 99 Distance: 3.41
1289 Time: 96 Distance: 3.31
1290 Time: 87 Distance: 2.98
1291 Time: 96 Distance: 3.31
1292 Time: 99 Distance: 3.41
1293 Time: 99 Distance: 3.41
1294 Time: 99 Distance: 3.40
1295 Time: 99 Distance: 3.41
1296 Time: 99 Distance: 3.41
1297 Time: 99 Distance: 3.40
1298 Time: 87 Distance: 2.98
1299 Time: 99 Distance: 3.41
1300 Time: 99 Distance: 3.41
1301 Time: 99 Distance: 3.41
1302 Time: 99 Distance: 3.40
1303 Time: 99 Distance: 3.40
1304 Time: 96 Distance: 3.31
1305 Time: 99 Distance: 3.41
1306 Time: 96 Distance: 3.31
1307 Time: 99 Distance: 3.40
1308 Time: 96 Distance: 3.31
1309 Time: 99 Distance: 3.41
1310 Time: 87 Distance: 2.98
1311 Time: 99 Distance: 3.41
1312 Time: 99 Distance: 3.41
1313 Time: 99 Distance: 3.40
1314 Time: 99 Distance: 3.41
1315 Time: 99 Distance: 3.40
1316 Time: 99 Distance: 3.41
1317 Time: 99 Distance: 3.41
1318 Time: 99 Distance: 3.40
1319 Time: 96 Distance: 3.31
1320 Time: 99 Distance: 3.41
1321 Time: 96 Distance: 3.31
1322 Time: 99 Distance: 3.41
1323 Time: 96 Distance: 3.31
1324 Time: 99 Distance: 3.41
1325 Time: 99 Distance: 3.40
1326 Time: 99 Distance: 3.40
1327 Time: 87 Distance: 2.98
1328 Time: 87 Distance: 2.98
1329 Time: 99 Distance: 3.41
1330 Time: 99 Distance: 3.40
1331 Time: 99 Distance: 3.41
1332 Time: 99 Distance: 3.41
1333 Time: 99 Distance: 3.41
1334 Time: 99 Distance: 3.41
1335 Time: 99 Distance: 3.41
1336 Time: 96 Distance: 3.31
1337 Time: 99 Distance: 3.41
1338 Time: 84 Distance: 2.88
1339 Time: 99 Distance: 3.41
1340 Time: 96 Distance: 3.31
1341 Time: 99 Distance: 3.41
1342 Time: 99 Distance: 3.40
1343 Time: 99 Distance: 3.41
1344 Time: 99 Distance: 3.41
1345 Time: 99 Distance: 3.41
1346 Time: 99 Distance: 3.41
1347 Time: 99 Distance: 3.41
1348 Time: 99 Distance: 3.41
1349 Time: 99 Distance: 3.40
1350 Time: 99 Distance: 3.41
1351 Time: 96 Distance: 3.31
1352 Time: 99 Distance: 3.41
1353 Time: 96 Distance: 3.31
1354 Time: 99 Distance: 3.41
1355 Time: 96 Distance: 3.31
1356 Time: 99 Distance: 3.41
1357 Time: 99 Distance: 3.40
1358 Time: 99 Distance: 3.40
1359 Time: 99 Distance: 3.40
1360 Time: 99 Distance: 3.41
1361 Time: 99 Distance: 3.41
1362 Time: 99 Distance: 3.41
1363 Time: 99 Distance: 3.40
1364 Time: 99 Distance: 3.41
1365 Time: 99 Distance: 3.41
1366 Time: 99 Distance: 3.40
1367 Time: 99 Distance: 3.40
1368 Time: 96 Distance: 3.31
1369 Time: 99 Distance: 3.41
1370 Time: 96 Distance: 3.29
1371 Time: 87 Distance: 2.98
1372 Time: 84 Distance: 2.88
1373 Time: 99 Distance: 3.40
1374 Time: 99 Distance: 3.40
1375 Time: 87 Distance: 2.98
1376 Time: 99 Distance: 3.41
1377 Time: 99 Distance: 3.40
1378 Time: 99 Distance: 3.41
1379 Time: 87 Distance: 2.98
1380 Time: 99 Distance: 3.41
1381 Time: 99 Distance: 3.41
1382 Time: 87 Distance: 2.98
1383 Time: 96 Distance: 3.29
1384 Time: 99 Distance: 3.40
1385 Time: 96 Distance: 3.31
1386 Time: 99 Distance: 3.41
1387 Time: 96 Distance: 3.31
1388 Time: 99 Distance: 3.41
1389 Time: 99 Distance: 3.40
1390 Time: 99 Distance: 3.41
1391 Time: 99 Distance: 3.40
1392 Time: 99 Distance: 3.40
1393 Time: 99 Distance: 3.40
1394 Time: 99 Distance: 3.41
1395 Time: 99 Distance: 3.41
1396 Time: 99 Distance: 3.41
1397 Time: 99 Distance: 3.41
1398 Time: 99 Distance: 3.41
1399 Time: 99 Distance: 3.40
1400 Time: 96 Distance: 3.29
1401 Time: 99 Distance: 3.41
1402 Time: 96 Distance: 3.29
1403 Time: 87 Distance: 2.98
1404 Time: 96 Distance: 3.29
1405 Time: 99 Distance: 3.41
1406 Time: 99 Distance: 3.41
1407 Time: 99 Distance: 3.41
1408 Time: 99 Distance: 3.41
1409 Time: 99 Distance: 3.41
1410 Time: 99 Distance: 3.41
1411 Time: 87 Distance: 2.98
1412 Time: 99 Distance: 3.41
1413 Time: 99 Distance: 3.40
1414 Time: 99 Distance: 3.41
1415 Time: 96 Distance: 3.29
1416 Time: 99 Distance: 3.41
1417 Time: 84 Distance: 2.88
1418 Time: 99 Distance: 3.41
1419 Time: 96 Distance: 3.31
1420 Time: 99 Distance: 3.41
1421 Time: 99 Distance: 3.40
1422 Time: 99 Distance: 3.40
1423 Time: 99 Distance: 3.41
1424 Time: 99 Distance: 3.41
1425 Time: 99 Distance: 3.40
1426 Time: 99 Distance: 3.41
1427 Time: 99 Distance: 3.41
1428 Time: 99 Distance: 3.41
1429 Time: 99 Distance: 3.41
1430 Time: 99 Distance: 3.40
1431 Time: 99 Distance: 3.40
1432 Time: 96 Distance: 3.29
1433 Time: 99 Distance: 3.41
1434 Time: 96 Distance: 3.29
1435 Time: 99 Distance: 3.41
1436 Time: 96 Distance: 3.29
1437 Time: 99 Distance: 3.41
1438 Time: 99 Distance: 3.40
1439 Time: 99 Distance: 3.41
1440 Time: 99 Distance: 3.40
1441 Time: 87 Distance: 2.98
1442 Time: 99 Distance: 3.41
1443 Time: 99 Distance: 3.41
1444 Time: 99 Distance: 3.40
1445 Time: 99 Distance: 3.41
1446 Time: 99 Distance: 3.41
1447 Time: 96 Distance: 3.29
1448 Time: 99 Distance: 3.41
1449 Time: 96 Distance: 3.29
1450 Time: 99 Distance: 3.41
1451 Time: 96 Distance: 3.31
1452 Time: 99 Distance: 3.41
1453 Time: 99 Distance: 3.41
1454 Time: 99 Distance: 3.40
1455 Time: 99 Distance: 3.40
1456 Time: 99 Distance: 3.41
1457 Time: 99 Distance: 3.41
1458 Time: 99 Distance: 3.40
1459 Time: 99 Distance: 3.40
1460 Time: 99 Distance: 3.41
1461 Time: 99 Distance: 3.41
1462 Time: 99 Distance: 3.41
1463 Time: 99 Distance: 3.41
1464 Time: 96 Distance: 3.31
1465 Time: 99 Distance: 3.41
1466 Time: 96 Distance: 3.29
1467 Time: 99 Distance: 3.41
1468 Time: 96 Distance: 3.31
1469 Time: 87 Distance: 2.98
1470 Time: 99 Distance: 3.41
1471 Time: 99 Distance: 3.41
1472 Time: 99 Distance: 3.41
1473 Time: 99 Distance: 3.41
1474 Time: 99 Distance: 3.41
1475 Time: 99 Distance: 3.41
1476 Time: 99 Distance: 3.41
1477 Time: 99 Distance: 3.41
1478 Time: 99 Distance: 3.41
1479 Time: 96 Distance: 3.29
1480 Time: 99 Distance: 3.41
1481 Time: 96 Distance: 3.31
1482 Time: 99 Distance: 3.41
1483 Time: 96 Distance: 3.31
1484 Time: 99 Distance: 3.40
1485 Time: 99 Distance: 3.41
1486 Time: 99 Distance: 3.41
1487 Time: 99 Distance: 3.41
1488 Time: 99 Distance: 3.40
1489 Time: 99 Distance: 3.41
1490 Time: 99 Distance: 3.41
1491 Time: 87 Distance: 2.98
1492 Time: 99 Distance: 3.40
1493 Time: 99 Distance: 3.41
1494 Time: 99 Distance: 3.41
1495 Time: 99 Distance: 3.41
1496 Time: 96 Distance: 3.31
1497 Time: 99 Distance: 3.41
1498 Time: 96 Distance: 3.29
1499 Time: 99 Distance: 3.40
1500 Time: 96 Distance: 3.31
1501 Time: 99 Distance: 3.40
1502 Time: 99 Distance: 3.40
1503 Time: 99 Distance: 3.40
1504 Time: 99 Distance: 3.40
1505 Time: 99 Distance: 3.41
1506 Time: 99 Distance: 3.41
1507 Time: 99 Distance: 3.40
1508 Time: 99 Distance: 3.41
1509 Time: 99 Distance: 3.41
1510 Time: 87 Distance: 2.98
1511 Time: 96 Distance: 3.31
1512 Time: 99 Distance: 3.41
1513 Time: 96 Distance: 3.31
1514 Time: 99 Distance: 3.41
1515 Time: 96 Distance: 3.29
1516 Time: 99 Distance: 3.40
1517 Time: 99 Distance: 3.40
1518 Time: 99 Distance: 3.41
1519 Time: 99 Distance: 3.41
1520 Time: 99 Distance: 3.41
1521 Time: 99 Distance: 3.40
1522 Time: 99 Distance: 3.41
1523 Time: 99 Distance: 3.41
1524 Time: 99 Distance: 3.41
1525 Time: 99 Distance: 3.41
1526 Time: 99 Distance: 3.41
1527 Time: 99 Distance: 3.41
1528 Time: 96 Distance: 3.29
1529 Time: 99 Distance: 3.41
1530 Time: 84 Distance: 2.88
1531 Time: 99 Distance: 3.41
1532 Time: 96 Distance: 3.31
1533 Time: 87 Distance: 2.98
1534 Time: 87 Distance: 2.98
1535 Time: 99 Distance: 3.41
1536 Time: 87 Distance: 2.98
1537 Time: 99 Distance: 3.41
1538 Time: 99 Distance: 3.41
1539 Time: 99 Distance: 3.41
1540 Time: 99 Distance: 3.41
1541 Time: 99 Distance: 3.40
1542 Time: 99 Distance: 3.41
1543 Time: 96 Distance: 3.29
1544 Time: 99 Distance: 3.41
1545 Time: 96 Distance: 3.31
1546 Time: 99 Distance: 3.41
1547 Time: 96 Distance: 3.29
1548 Time: 99 Distance: 3.41
1549 Time: 99 Distance: 3.41
1550 Time: 99 Distance: 3.41
1551 Time: 99 Distance: 3.41
1552 Time: 87 Distance: 2.98
1553 Time: 87 Distance: 2.98
1554 Time: 87 Distance: 2.98
1555 Time: 99 Distance: 3.41
1556 Time: 87 Distance: 2.98
1557 Time: 99 Distance: 3.40
1558 Time: 99 Distance: 3.41
1559 Time: 87 Distance: 2.98
1560 Time: 84 Distance: 2.88
1561 Time: 99 Distance: 3.41
1562 Time: 96 Distance: 3.31
1563 Time: 99 Distance: 3.41
1564 Time: 96 Distance: 3.29
1565 Time: 99 Distance: 3.41
1566 Time: 99 Distance: 3.41
1567 Time: 99 Distance: 3.41
1568 Time: 99 Distance: 3.40
1569 Time: 99 Distance: 3.40
1570 Time: 99 Distance: 3.41
1571 Time: 99 Distance: 3.41
1572 Time: 99 Distance: 3.41
1573 Time: 99 Distance: 3.41
1574 Time: 99 Distance: 3.41
1575 Time: 96 Distance: 3.31
1576 Time: 99 Distance: 3.40
1577 Time: 96 Distance: 3.31
1578 Time: 99 Distance: 3.40
1579 Time: 96 Distance: 3.29
1580 Time: 99 Distance: 3.40
1581 Time: 99 Distance: 3.40
1582 Time: 87 Distance: 2.98
1583 Time: 99 Distance: 3.40
1584 Time: 99 Distance: 3.41
1585 Time: 99 Distance: 3.41
1586 Time: 99 Distance: 3.41
1587 Time: 87 Distance: 2.98
1588 Time: 99 Distance: 3.41
1589 Time: 99 Distance: 3.40
1590 Time: 99 Distance: 3.40
1591 Time: 99 Distance: 3.41
1592 Time: 96 Distance: 3.29
1593 Time: 99 Distance: 3.40
1594 Time: 96 Distance: 3.31
1595 Time: 99 Distance: 3.40
1596 Time: 96 Distance: 3.31
1597 Time: 99 Distance: 3.40
1598 Time: 87 Distance: 2.98
1599 Time: 99 Distance: 3.40
1600 Time: 99 Distance: 3.40
1601 Time: 99 Distance: 3.41
1602 Time: 99 Distance: 3.41
1603 Time: 99 Distance: 3.40
1604 Time: 99 Distance: 3.40
1605 Time: 99 Distance: 3.41
1606 Time: 99 Distance: 3.41
1607 Time: 96 Distance: 3.31
1608 Time: 99 Distance: 3.41
1609 Time: 96 Distance: 3.29
1610 Time: 99 Distance: 3.41
1611 Time: 96 Distance: 3.29
1612 Time: 99 Distance: 3.41
1613 Time: 87 Distance: 2.98
1614 Time: 99 Distance: 3.41
1615 Time: 99 Distance: 3.41
1616 Time: 87 Distance: 2.98
1617 Time: 99 Distance: 3.41
1618 Time: 99 Distance: 3.40
1619 Time: 87 Distance: 2.98
1620 Time: 99 Distance: 3.41
1621 Time: 99 Distance: 3.41
1622 Time: 99 Distance: 3.41
1623 Time: 99 Distance: 3.41
1624 Time: 96 Distance: 3.31
1625 Time: 99 Distance: 3.41
1626 Time: 84 Distance: 2.88
1627 Time: 99 Distance: 3.41
1628 Time: 84 Distance: 2.88
1629 Time: 99 Distance: 3.41
1630 Time: 99 Distance: 3.41
1631 Time: 99 Distance: 3.41
1632 Time: 87 Distance: 2.98
1633 Time: 99 Distance: 3.41
1634 Time: 87 Distance: 2.98
1635 Time: 99 Distance: 3.41
1636 Time: 99 Distance: 3.40
1637 Time: 99 Distance: 3.41
1638 Time: 99 Distance: 3.41
1639 Time: 96 Distance: 3.29
1640 Time: 87 Distance: 2.98
1641 Time: 84 Distance: 2.88
1642 Time: 99 Distance: 3.41
1643 Time: 84 Distance: 2.88
1644 Time: 99 Distance: 3.41
1645 Time: 99 Distance: 3.41
1646 Time: 87 Distance: 2.98
1647 Time: 99 Distance: 3.41
1648 Time: 99 Distance: 3.41
1649 Time: 99 Distance: 3.41
1650 Time: 99 Distance: 3.41
1651 Time: 99 Distance: 3.40
1652 Time: 99 Distance: 3.40
1653 Time: 99 Distance: 3.41
1654 Time: 99 Distance: 3.41
1655 Time: 99 Distance: 3.41
1656 Time: 96 Distance: 3.29
1657 Time: 99 Distance: 3.41
1658 Time: 96 Distance: 3.31
1659 Time: 99 Distance: 3.40
1660 Time: 96 Distance: 3.31
1661 Time: 87 Distance: 2.98
1662 Time: 99 Distance: 3.40
1663 Time: 87 Distance: 2.98
1664 Time: 99 Distance: 3.41
1665 Time: 87 Distance: 2.98
1666 Time: 99 Distance: 3.41
1667 Time: 87 Distance: 2.98
1668 Time: 99 Distance: 3.40
1669 Time: 99 Distance: 3.41
1670 Time: 99 Distance: 3.41
1671 Time: 96 Distance: 3.31
1672 Time: 87 Distance: 2.98
1673 Time: 96 Distance: 3.31
1674 Time: 87 Distance: 2.98
1675 Time: 96 Distance: 3.31
1676 Time: 99 Distance: 3.41
1677 Time: 99 Distance: 3.41
1678 Time: 99 Distance: 3.41
1679 Time: 99 Distance: 3.40
1680 Time: 87 Distance: 2.98
1681 Time: 99 Distance: 3.41
1682 Time: 99 Distance: 3.41
1683 Time: 99 Distance: 3.41
1684 Time: 99 Distance: 3.40
1685 Time: 99 Distance: 3.41
1686 Time: 99 Distance: 3.41
1687 Time: 99 Distance: 3.40
1688 Time: 96 Distance: 3.29
1689 Time: 99 Distance: 3.41
1690 Time: 96 Distance: 3.29
1691 Time: 99 Distance: 3.41
1692 Time: 96 Distance: 3.31
1693 Time: 99 Distance: 3.41
1694 Time: 99 Distance: 3.41
1695 Time: 87 Distance: 2.98
1696 Time: 99 Distance: 3.40
1697 Time: 99 Distance: 3.41
1698 Time: 87 Distance: 2.98
1699 Time: 99 Distance: 3.40
1700 Time: 99 Distance: 3.41
1701 Time: 99 Distance: 3.41
1702 Time: 99 Distance: 3.41
1703 Time: 96 Distance: 3.29
1704 Time: 99 Distance: 3.41
1705 Time: 96 Distance: 3.31
1706 Time: 99 Distance: 3.40
1707 Time: 96 Distance: 3.31
1708 Time: 99 Distance: 3.41
1709 Time: 99 Distance: 3.41
1710 Time: 99 Distance: 3.41
1711 Time: 99 Distance: 3.41
1712 Time: 99 Distance: 3.40
1713 Time: 87 Distance: 2.98
1714 Time: 99 Distance: 3.40
1715 Time: 99 Distance: 3.41
1716 Time: 99 Distance: 3.40
1717 Time: 99 Distance: 3.41
1718 Time: 99 Distance: 3.41
1719 Time: 99 Distance: 3.40
1720 Time: 96 Distance: 3.31
1721 Time: 99 Distance: 3.41
1722 Time: 96 Distance: 3.31
1723 Time: 99 Distance: 3.41
1724 Time: 96 Distance: 3.29
1725 Time: 99 Distance: 3.41
1726 Time: 99 Distance: 3.40
1727 Time: 99 Distance: 3.40
1728 Time: 99 Distance: 3.40
1729 Time: 99 Distance: 3.41
1730 Time: 99 Distance: 3.40
1731 Time: 99 Distance: 3.41
1732 Time: 99 Distance: 3.41
1733 Time: 99 Distance: 3.41
1734 Time: 99 Distance: 3.41
1735 Time: 96 Distance: 3.29
1736 Time: 99 Distance: 3.41
1737 Time: 96 Distance: 3.31
1738 Time: 99 Distance: 3.41
1739 Time: 96 Distance: 3.31
1740 Time: 99 Distance: 3.40
1741 Time: 99 Distance: 3.41
1742 Time: 87 Distance: 2.98
1743 Time: 99 Distance: 3.41
1744 Time: 99 Distance: 3.41
1745 Time: 99 Distance: 3.41
1746 Time: 99 Distance: 3.41
1747 Time: 99 Distance: 3.40
1748 Time: 99 Distance: 3.41
1749 Time: 99 Distance: 3.40
1750 Time: 99 Distance: 3.40
1751 Time: 99 Distance: 3.41
1752 Time: 84 Distance: 2.88
1753 Time: 99 Distance: 3.40
1754 Time: 96 Distance: 3.31
1755 Time: 99 Distance: 3.40
1756 Time: 96 Distance: 3.31
1757 Time: 99 Distance: 3.41
1758 Time: 99 Distance: 3.40
1759 Time: 99 Distance: 3.41
1760 Time: 99 Distance: 3.41
1761 Time: 99 Distance: 3.41
1762 Time: 99 Distance: 3.41
1763 Time: 99 Distance: 3.41
1764 Time: 99 Distance: 3.41
1765 Time: 99 Distance: 3.41
1766 Time: 99 Distance: 3.40
1767 Time: 96 Distance: 3.31
1768 Time: 99 Distance: 3.41
1769 Time: 96 Distance: 3.31
1770 Time: 99 Distance: 3.41
1771 Time: 84 Distance: 2.88
1772 Time: 99 Distance: 3.41
1773 Time: 99 Distance: 3.40
1774 Time: 99 Distance: 3.41
1775 Time: 99 Distance: 3.41
1776 Time: 99 Distance: 3.41
1777 Time: 99 Distance: 3.41
1778 Time: 99 Distance: 3.41
1779 Time: 99 Distance: 3.41
1780 Time: 99 Distance: 3.41
1781 Time: 99 Distance: 3.41
1782 Time: 99 Distance: 3.41
1783 Time: 87 Distance: 2.98
1784 Time: 96 Distance: 3.29
1785 Time: 99 Distance: 3.41
1786 Time: 96 Distance: 3.29
1787 Time: 99 Distance: 3.41
1788 Time: 96 Distance: 3.31
1789 Time: 99 Distance: 3.41
1790 Time: 99 Distance: 3.41
1791 Time: 99 Distance: 3.41
1792 Time: 99 Distance: 3.41
1793 Time: 87 Distance: 2.98
1794 Time: 99 Distance: 3.41
1795 Time: 99 Distance: 3.41
1796 Time: 99 Distance: 3.41
1797 Time: 99 Distance: 3.40
1798 Time: 99 Distance: 3.40
1799 Time: 96 Distance: 3.31
1800 Time: 99 Distance: 3.41
1801 Time: 96 Distance: 3.29
1802 Time: 87 Distance: 2.98
1803 Time: 96 Distance: 3.31
1804 Time: 87 Distance: 2.98
1805 Time: 99 Distance: 3.41
1806 Time: 99 Distance: 3.40
1807 Time: 99 Distance: 3.41
1808 Time: 99 Distance: 3.41
1809 Time: 87 Distance: 2.98
1810 Time: 99 Distance: 3.40
1811 Time: 99 Distance: 3.41
1812 Time: 99 Distance: 3.40
1813 Time: 87 Distance: 2.98
1814 Time: 99 Distance: 3.41
1815 Time: 99 Distance: 3.40
1816 Time: 96 Distance: 3.31
1817 Time: 87 Distance: 2.98
1818 Time: 96 Distance: 3.29
1819 Time: 99 Distance: 3.41
1820 Time: 96 Distance: 3.29
1821 Time: 99 Distance: 3.41
1822 Time: 99 Distance: 3.41
1823 Time: 99 Distance: 3.41
1824 Time: 99 Distance: 3.41
1825 Time: 87 Distance: 2.98
1826 Time: 99 Distance: 3.41
1827 Time: 99 Distance: 3.41
1828 Time: 87 Distance: 2.98
1829 Time: 99 Distance: 3.41
1830 Time: 99 Distance: 3.41
1831 Time: 96 Distance: 3.31
1832 Time: 99 Distance: 3.40
1833 Time: 96 Distance: 3.31
1834 Time: 99 Distance: 3.41
1835 Time: 96 Distance: 3.29
1836 Time: 99 Distance: 3.41
1837 Time: 99 Distance: 3.41
1838 Time: 99 Distance: 3.41
1839 Time: 99 Distance: 3.41
1840 Time: 99 Distance: 3.41
1841 Time: 99 Distance: 3.40
1842 Time: 99 Distance: 3.40
1843 Time: 99 Distance: 3.40
1844 Time: 99 Distance: 3.41
1845 Time: 99 Distance: 3.40
1846 Time: 99 Distance: 3.41
1847 Time: 99 Distance: 3.40
1848 Time: 96 Distance: 3.31
1849 Time: 99 Distance: 3.41
1850 Time: 96 Distance: 3.29
1851 Time: 99 Distance: 3.41
1852 Time: 84 Distance: 2.88
1853 Time: 99 Distance: 3.41
1854 Time: 99 Distance: 3.40
1855 Time: 99 Distance: 3.40
1856 Time: 99 Distance: 3.40
1857 Time: 99 Distance: 3.41
1858 Time: 99 Distance: 3.40
1859 Time: 99 Distance: 3.41
1860 Time: 99 Distance: 3.40
1861 Time: 99 Distance: 3.41
1862 Time: 99 Distance: 3.41
1863 Time: 96 Distance: 3.31
1864 Time: 99 Distance: 3.41
1865 Time: 96 Distance: 3.31
1866 Time: 99 Distance: 3.40
1867 Time: 96 Distance: 3.31
1868 Time: 99 Distance: 3.40
1869 Time: 99 Distance: 3.40
1870 Time: 99 Distance: 3.41
1871 Time: 87 Distance: 2.98
1872 Time: 99 Distance: 3.40
1873 Time: 99 Distance: 3.40
1874 Time: 87 Distance: 2.98
1875 Time: 99 Distance: 3.41
1876 Time: 99 Distance: 3.40
1877 Time: 99 Distance: 3.41
1878 Time: 99 Distance: 3.41
1879 Time: 99 Distance: 3.41
1880 Time: 96 Distance: 3.29
1881 Time: 99 Distance: 3.41
1882 Time: 96 Distance: 3.31
1883 Time: 99 Distance: 3.41
1884 Time: 84 Distance: 2.88
1885 Time: 99 Distance: 3.41
1886 Time: 99 Distance: 3.41
1887 Time: 99 Distance: 3.41
1888 Time: 99 Distance: 3.41
1889 Time: 99 Distance: 3.40
1890 Time: 99 Distance: 3.41
1891 Time: 99 Distance: 3.41
1892 Time: 99 Distance: 3.41
1893 Time: 99 Distance: 3.41
1894 Time: 99 Distance: 3.41
1895 Time: 96 Distance: 3.31
1896 Time: 99 Distance: 3.41
1897 Time: 96 Distance: 3.29
1898 Time: 87 Distance: 2.98
1899 Time: 96 Distance: 3.29
1900 Time: 87 Distance: 2.98
1901 Time: 87 Distance: 2.98
1902 Time: 87 Distance: 2.98
1903 Time: 87 Distance: 2.98
1904 Time: 99 Distance: 3.41
1905 Time: 87 Distance: 2.98
1906 Time: 99 Distance: 3.40
1907 Time: 99 Distance: 3.41
1908 Time: 87 Distance: 2.98
1909 Time: 87 Distance: 2.98
1910 Time: 99 Distance: 3.41
1911 Time: 99 Distance: 3.41
1912 Time: 96 Distance: 3.31
1913 Time: 99 Distance: 3.40
1914 Time: 84 Distance: 2.88
1915 Time: 99 Distance: 3.41
1916 Time: 96 Distance: 3.31
1917 Time: 87 Distance: 2.98
1918 Time: 87 Distance: 2.98
1919 Time: 87 Distance: 2.98
1920 Time: 87 Distance: 2.98
1921 Time: 87 Distance: 2.98
1922 Time: 87 Distance: 2.98
1923 Time: 87 Distance: 2.98
1924 Time: 87 Distance: 2.98
1925 Time: 87 Distance: 2.98
1926 Time: 87 Distance: 2.98
1927 Time: 84 Distance: 2.88
1928 Time: 87 Distance: 2.98
1929 Time: 84 Distance: 2.88
1930 Time: 87 Distance: 2.98
1931 Time: 84 Distance: 2.88
1932 Time: 87 Distance: 2.98
1933 Time: 87 Distance: 2.98
1934 Time: 87 Distance: 2.98
1935 Time: 87 Distance: 2.98
1936 Time: 87 Distance: 2.98
1937 Time: 87 Distance: 2.98
1938 Time: 87 Distance: 2.98
1939 Time: 87 Distance: 2.98
1940 Time: 87 Distance: 2.98
1941 Time: 87 Distance: 2.98
1942 Time: 87 Distance: 2.98
1943 Time: 87 Distance: 2.98
1944 Time: 84 Distance: 2.88
1945 Time: 87 Distance: 2.98
1946 Time: 84 Distance: 2.88
1947 Time: 87 Distance: 2.98
1948 Time: 84 Distance: 2.88
1949 Time: 87 Distance: 2.98
1950 Time: 87 Distance: 2.98
1951 Time: 87 Distance: 2.98
1952 Time: 87 Distance: 2.98
1953 Time: 87 Distance: 2.98
1954 Time: 87 Distance: 2.98
1955 Time: 87 Distance: 2.98
1956 Time: 87 Distance: 2.98
1957 Time: 87 Distance: 2.98
1958 Time: 87 Distance: 2.98
1959 Time: 84 Distance: 2.88
1960 Time: 87 Distance: 2.98
1961 Time: 84 Distance: 2.88
1962 Time: 87 Distance: 2.98
1963 Time: 84 Distance: 2.88
1964 Time: 87 Distance: 2.98
1965 Time: 87 Distance: 2.98
1966 Time: 87 Distance: 2.98
1967 Time: 87 Distance: 2.98
1968 Time: 87 Distance: 2.98
1969 Time: 87 Distance: 2.98
1970 Time: 87 Distance: 2.98
1971 Time: 87 Distance: 2.98
1972 Time: 87 Distance: 2.98
1973 Time: 87 Distance: 2.98
1974 Time: 87 Distance: 2.98
1975 Time: 87 Distance: 2.98
1976 Time: 84 Distance: 2.88
1977 Time: 87 Distance: 2.98
1978 Time: 84 Distance: 2.88
1979 Time: 87 Distance: 2.98
1980 Time: 84 Distance: 2.88
1981 Time: 87 Distance: 2.98
1982 Time: 87 Distance: 2.98
1983 Time: 87 Distance: 2.98
1984 Time: 87 Distance: 2.98
1985 Time: 87 Distance: 2.98
1986 Time: 87 Distance: 2.98
1987 Time: 87 Distance: 2.98
1988 Time: 87 Distance: 2.98
1989 Time: 87 Distance: 2.98
1990 Time: 87 Distance: 2.98
1991 Time: 84 Distance: 2.88
1992 Time: 87 Distance: 2.98
1993 Time: 84 Distance: 2.88
1994 Time: 87 Distance: 2.98
1995 Time: 84 Distance: 2.88
1996 Time: 87 Distance: 2.98
1997 Time: 87 Distance: 2.98
1998 Time: 87 Distance: 2.98
1999 Time: 87 Distance: 2.98
2000 Time: 87 Distance: 2.98
2