=~=~=~=~=~=~=~=~=~=~=~= PuTTY log 2025.11.08 12:17:48 =~=~=~=~=~=~=~=~=~=~=~=
2. Time: 87 Distance: 2.98
2708 Time: 87 Dis: 87 Distance: 2.98
2705 Time: 87 Distance: 2.98
2706 Time: 87 Distance: 2.98
2707 Time: 87 Distance: 2.98
2708 Time: 87 Dis: 87 Distance: 2.98
2705 Time: 87 Distance: 2.98
2706 Time: 87 Distance: 2.98
2707 Time: 87 Distance: 2.98
2708 Time: 87 DisBat dau doc AHT20...
Nhiet do: 25.62 *C  |  Do am: 95.67 %
1 Time: 87 Distance: 2.98
2 Time: 87 Distance: 2.98
3 Time: 87 Distance: 2.98
4 Time: 87 Distance: 2.98
5 Time: 87 Distance: 2.98
6 Time: 87 Distance: 2.98
7 Time: 87 Distance: 2.98
8 Time: 87 Distance: 2.98
9 Time: 84 Distance: 2.88
10 Time: 87 Distance: 2.98
11 Time: 87 Distance: 2.98
12 Time: 87 Distance: 2.98
13 Time: 87 Distance: 2.98
14 Time: 87 Distance: 2.98
15 Time: 87 Distance: 2.98
16 Time: 84 Distance: 2.88
17 Time: 87 Distance: 2.98
18 Time: 87 Distance: 2.98
19 Time: 87 Distance: 2.98
20 Time: 87 Distance: 2.98
21 Time: 87 Distance: 2.98
22 Time: 87 Distance: 2.98
23 Time: 84 Distance: 2.88
24 Time: 87 Distance: 2.98
25 Time: 84 Distance: 2.88
26 Time: 87 Distance: 2.98
27 Time: 87 Distance: 2.98
28 Time: 87 Distance: 2.98
29 Time: 87 Distance: 2.98
30 Time: 87 Distance: 2.98
31 Time: 87 Distance: 2.98
32 Time: 84 Distance: 2.88
33 Time: 87 Distance: 2.98
34 Time: 87 Distance: 2.98
35 Time: 87 Distance: 2.98
36 Time: 87 Distance: 2.98
37 Time: 87 Distance: 2.98
38 Time: 87 Distance: 2.98
39 Time: 84 Distance: 2.88
40 Time: 87 Distance: 2.98
41 Time: 84 Distance: 2.88
42 Time: 87 Distance: 2.98
43 Time: 87 Distance: 2.98
44 Time: 87 Distance: 2.98
45 Time: 87 Distance: 2.98
46 Time: 87 Distance: 2.98
47 Time: 87 Distance: 2.98
48 Time: 84 Distance: 2.88
49 Time: 87 Distance: 2.98
50 Time: 87 Distance: 2.98
51 Time: 87 Distance: 2.98
52 Time: 87 Distance: 2.98
53 Time: 87 Distance: 2.98
54 Time: 87 Distance: 2.98
55 Time: 84 Distance: 2.88
56 Time: 87 Distance: 2.98
57 Time: 84 Distance: 2.88
58 Time: 87 Distance: 2.98
59 Time: 87 Distance: 2.98
60 Time: 87 Distance: 2.98
61 Time: 87 Distance: 2.98
62 Time: 87 Distance: 2.98
63 Time: 87 Distance: 2.98
64 Time: 84 Distance: 2.88
65 Time: 87 Distance: 2.98
66 Time: 87 Distance: 2.98
67 Time: 87 Distance: 2.98
68 Time: 87 Distance: 2.98
69 Time: 87 Distance: 2.98
70 Time: 87 Distance: 2.98
71 Time: 84 Distance: 2.88
72 Time: 87 Distance: 2.98
73 Time: 84 Distance: 2.88
74 Time: 87 Distance: 2.98
75 Time: 87 Distance: 2.98
76 Time: 87 Distance: 2.98
77 Time: 87 Distance: 2.98
78 Time: 87 Distance: 2.98
79 Time: 87 Distance: 2.98
80 Time: 84 Distance: 2.88
81 Time: 87 Distance: 2.98
82 Time: 87 Distance: 2.98
83 Time: 87 Distance: 2.98
84 Time: 87 Distance: 2.98
85 Time: 87 Distance: 2.98
86 Time: 87 Distance: 2.98
87 Time: 84 Distance: 2.88
88 Time: 87 Distance: 2.98
89 Time: 84 Distance: 2.88
90 Time: 87 Distance: 2.98
91 Time: 87 Distance: 2.98
92 Time: 87 Distance: 2.98
93 Time: 87 Distance: 2.98
94 Time: 87 Distance: 2.98
95 Time: 87 Distance: 2.98
96 Time: 84 Distance: 2.88
97 Time: 87 Distance: 2.98
98 Time: 87 Distance: 2.98
99 Time: 87 Distance: 2.98
100 Time: 87 Distance: 2.98
101 Time: 87 Distance: 2.98
102 Time: 87 Distance: 2.98
103 Time: 87 Distance: 2.98
104 Time: 87 Distance: 2.98
105 Time: 84 Distance: 2.88
106 Time: 87 Distance: 2.98
107 Time: 87 Distance: 2.98
108 Time: 87 Distance: 2.98
109 Time: 87 Distance: 2.98
110 Time: 87 Distance: 2.98
111 Time: 87 Distance: 2.98
112 Time: 87 Distance: 2.98
113 Time: 87 Distance: 2.98
114 Time: 84 Distance: 2.88
115 Time: 87 Distance: 2.98
116 Time: 84 Distance: 2.88
117 Time: 87 Distance: 2.98
118 Time: 87 Distance: 2.98
119 Time: 87 Distance: 2.98
120 Time: 87 Distance: 2.98
121 Time: 87 Distance: 2.98
122 Time: 87 Distance: 2.98
123 Time: 87 Distance: 2.98
124 Time: 87 Distance: 2.98
125 Time: 84 Distance: 2.88
126 Time: 87 Distance: 2.98
127 Time: 84 Distance: 2.88
128 Time: 87 Distance: 2.98
129 Time: 87 Distance: 2.98
130 Time: 87 Distance: 2.98
131 Time: 87 Distance: 2.98
132 Time: 87 Distance: 2.98
133 Time: 87 Distance: 2.98
134 Time: 87 Distance: 2.98
135 Time: 87 Distance: 2.98
136 Time: 84 Distance: 2.88
137 Time: 87 Distance: 2.98
138 Time: 84 Distance: 2.88
139 Time: 87 Distance: 2.98
140 Time: 87 Distance: 2.98
141 Time: 87 Distance: 2.98
142 Time: 87 Distance: 2.98
143 Time: 87 Distance: 2.98
144 Time: 87 Distance: 2.98
145 Time: 87 Distance: 2.98
146 Time: 87 Distance: 2.98
147 Time: 84 Distance: 2.88
148 Time: 87 Distance: 2.98
149 Time: 84 Distance: 2.88
150 Time: 87 Distance: 2.98
151 Time: 87 Distance: 2.98
152 Time: 87 Distance: 2.98
153 Time: 87 Distance: 2.98
154 Time: 87 Distance: 2.98
155 Time: 87 Distance: 2.98
156 Time: 87 Distance: 2.98
157 Time: 87 Distance: 2.98
158 Time: 84 Distance: 2.88
159 Time: 87 Distance: 2.98
160 Time: 84 Distance: 2.88
161 Time: 87 Distance: 2.98
162 Time: 87 Distance: 2.98
163 Time: 87 Distance: 2.98
164 Time: 87 Distance: 2.98
165 Time: 87 Distance: 2.98
166 Time: 87 Distance: 2.98
167 Time: 87 Distance: 2.98
168 Time: 87 Distance: 2.98
169 Time: 84 Distance: 2.88
170 Time: 87 Distance: 2.98
171 Time: 87 Distance: 2.98
172 Time: 87 Distance: 2.98
173 Time: 87 Distance: 2.98
174 Time: 87 Distance: 2.98
175 Time: 87 Distance: 2.98
176 Time: 87 Distance: 2.98
177 Time: 87 Distance: 2.98
178 Time: 84 Distance: 2.88
179 Time: 87 Distance: 2.98
180 Time: 84 Distance: 2.88
181 Time: 87 Distance: 2.98
182 Time: 87 Distance: 2.98
183 Time: 87 Distance: 2.98
184 Time: 87 Distance: 2.98
185 Time: 87 Distance: 2.98
186 Time: 87 Distance: 2.98
187 Time: 87 Distance: 2.98
188 Time: 87 Distance: 2.98
189 Time: 84 Distance: 2.88
190 Time: 87 Distance: 2.98
191 Time: 84 Distance: 2.88
192 Time: 87 Distance: 2.98
193 Time: 87 Distance: 2.98
194 Time: 87 Distance: 2.98
195 Time: 87 Distance: 2.98
196 Time: 87 Distance: 2.98
197 Time: 87 Distance: 2.98
198 Time: 87 Distance: 2.98
199 Time: 87 Distance: 2.98
200 Time: 84 Distance: 2.88
201 Time: 87 Distance: 2.98
202 Time: 84 Distance: 2.88
203 Time: 87 Distance: 2.98
204 Time: 87 Distance: 2.98
205 Time: 87 Distance: 2.98
206 Time: 87 Distance: 2.98
207 Time: 87 Distance: 2.98
208 Time: 87 Distance: 2.98
209 Time: 87 Distance: 2.98
210 Time: 87 Distance: 2.98
211 Time: 84 Distance: 2.88
212 Time: 87 Distance: 2.98
213 Time: 84 Distance: 2.88
214 Time: 87 Distance: 2.98
215 Time: 87 Distance: 2.98
216 Time: 87 Distance: 2.98
217 Time: 87 Distance: 2.98
218 Time: 87 Distance: 2.98
219 Time: 87 Distance: 2.98
220 Time: 87 Distance: 2.98
221 Time: 87 Distance: 2.98
222 Time: 84 Distance: 2.88
223 Time: 87 Distance: 2.98
224 Time: 84 Distance: 2.88
225 Time: 87 Distance: 2.98
226 Time: 87 Distance: 2.98
227 Time: 87 Distance: 2.98
228 Time: 87 Distance: 2.98
229 Time: 87 Distance: 2.98
230 Time: 87 Distance: 2.98
231 Time: 87 Distance: 2.98
232 Time: 87 Distance: 2.98
233 Time: 84 Distance: 2.88
234 Time: 87 Distance: 2.98
235 Time: 87 Distance: 2.98
236 Time: 87 Distance: 2.98
237 Time: 87 Distance: 2.98
238 Time: 87 Distance: 2.98
239 Time: 87 Distance: 2.98
240 Time: 87 Distance: 2.98
241 Time: 87 Distance: 2.98
242 Time: 84 Distance: 2.88
243 Time: 87 Distance: 2.98
244 Time: 83 Distance: 2.86
245 Time: 87 Distance: 2.98
246 Time: 87 Distance: 2.98
247 Time: 87 Distance: 2.98
248 Time: 87 Distance: 2.98
249 Time: 87 Distance: 2.98
250 Time: 87 Distance: 2.98
251 Time: 87 Distance: 2.98
252 Time: 87 Distance: 2.98
253 Time: 84 Distance: 2.88
254 Time: 87 Distance: 2.98
255 Time: 84 Distance: 2.88
256 Time: 87 Distance: 2.98
257 Time: 87 Distance: 2.98
258 Time: 87 Distance: 2.98
259 Time: 87 Distance: 2.98
260 Time: 87 Distance: 2.98
261 Time: 87 Distance: 2.98
262 Time: 87 Distance: 2.98
263 Time: 87 Distance: 2.98
264 Time: 84 Distance: 2.88
265 Time: 87 Distance: 2.98
266 Time: 84 Distance: 2.88
267 Time: 87 Distance: 2.98
268 Time: 87 Distance: 2.98
269 Time: 87 Distance: 2.98
270 Time: 87 Distance: 2.98
271 Time: 87 Distance: 2.98
272 Time: 87 Distance: 2.98
273 Time: 87 Distance: 2.98
274 Time: 87 Distance: 2.98
275 Time: 84 Distance: 2.88
276 Time: 87 Distance: 2.98
277 Time: 84 Distance: 2.88
278 Time: 87 Distance: 2.98
279 Time: 87 Distance: 2.98
280 Time: 87 Distance: 2.98
281 Time: 87 Distance: 2.98
282 Time: 87 Distance: 2.98
283 Time: 87 Distance: 2.98
284 Time: 87 Distance: 2.98
285 Time: 87 Distance: 2.98
286 Time: 84 Distance: 2.88
287 Time: 87 Distance: 2.98
288 Time: 84 Distance: 2.88
289 Time: 87 Distance: 2.98
290 Time: 87 Distance: 2.98
291 Time: 87 Distance: 2.98
292 Time: 87 Distance: 2.98
293 Time: 87 Distance: 2.98
294 Time: 87 Distance: 2.98
295 Time: 87 Distance: 2.98
296 Time: 87 Distance: 2.98
297 Time: 84 Distance: 2.88
298 Time: 87 Distance: 2.98
299 Time: 87 Distance: 2.98
300 Time: 87 Distance: 2.98
301 Time: 87 Distance: 2.98
302 Time: 87 Distance: 2.98
303 Time: 87 Distance: 2.98
304 Time: 87 Distance: 2.98
305 Time: 87 Distance: 2.98
306 Time: 84 Distance: 2.88
307 Time: 87 Distance: 2.98
308 Time: 84 Distance: 2.88
309 Time: 87 Distance: 2.98
310 Time: 87 Distance: 2.98
311 Time: 87 Distance: 2.98
312 Time: 87 Distance: 2.98
313 Time: 87 Distance: 2.98
314 Time: 87 Distance: 2.98
315 Time: 87 Distance: 2.98
316 Time: 87 Distance: 2.98
317 Time: 84 Distance: 2.88
318 Time: 87 Distance: 2.98
319 Time: 84 Distance: 2.88
320 Time: 87 Distance: 2.98
321 Time: 87 Distance: 2.98
322 Time: 87 Distance: 2.98
323 Time: 87 Distance: 2.98
324 Time: 87 Distance: 2.98
325 Time: 87 Distance: 2.98
326 Time: 87 Distance: 2.98
327 Time: 87 Distance: 2.98
328 Time: 84 Distance: 2.88
329 Time: 87 Distance: 2.98
330 Time: 84 Distance: 2.88
331 Time: 87 Distance: 2.98
332 Time: 87 Distance: 2.98
333 Time: 87 Distance: 2.98
334 Time: 87 Distance: 2.98
335 Time: 87 Distance: 2.98
336 Time: 87 Distance: 2.98
337 Time: 87 Distance: 2.98
338 Time: 87 Distance: 2.98
339 Time: 84 Distance: 2.88
340 Time: 87 Distance: 2.98
341 Time: 84 Distance: 2.88
342 Time: 87 Distance: 2.98
343 Time: 87 Distance: 2.98
344 Time: 87 Distance: 2.98
345 Time: 87 Distance: 2.98
346 Time: 87 Distance: 2.98
347 Time: 87 Distance: 2.98
348 Time: 87 Distance: 2.98
349 Time: 87 Distance: 2.98
350 Time: 84 Distance: 2.88
351 Time: 87 Distance: 2.98
352 Time: 84 Distance: 2.88
353 Time: 87 Distance: 2.98
354 Time: 87 Distance: 2.98
355 Time: 87 Distance: 2.98
356 Time: 87 Distance: 2.98
357 Time: 87 Distance: 2.98
358 Time: 87 Distance: 2.98
359 Time: 87 Distance: 2.98
360 Time: 87 Distance: 2.98
361 Time: 84 Distance: 2.88
362 Time: 87 Distance: 2.98
363 Time: 87 Distance: 2.98
364 Time: 87 Distance: 2.98
365 Time: 87 Distance: 2.98
366 Time: 87 Distance: 2.98
367 Time: 87 Distance: 2.98
368 Time: 87 Distance: 2.98
369 Time: 87 Distance: 2.98
370 Time: 84 Distance: 2.88
371 Time: 87 Distance: 2.98
372 Time: 84 Distance: 2.88
373 Time: 87 Distance: 2.98
374 Time: 87 Distance: 2.98
375 Time: 87 Distance: 2.98
376 Time: 87 Distance: 2.98
377 Time: 87 Distance: 2.98
378 Time: 87 Distance: 2.98
379 Time: 87 Distance: 2.98
380 Time: 87 Distance: 2.98
381 Time: 84 Distance: 2.88
382 Time: 87 Distance: 2.98
383 Time: 84 Distance: 2.88
384 Time: 87 Distance: 2.98
385 Time: 87 Distance: 2.98
386 Time: 87 Distance: 2.98
387 Time: 87 Distance: 2.98
388 Time: 87 Distance: 2.98
389 Time: 87 Distance: 2.98
390 Time: 87 Distance: 2.98
391 Time: 87 Distance: 2.98
392 Time: 84 Distance: 2.88
393 Time: 87 Distance: 2.98
394 Time: 84 Distance: 2.88
395 Time: 87 Distance: 2.98
396 Time: 87 Distance: 2.98
397 Time: 87 Distance: 2.98
398 Time: 87 Distance: 2.98
399 Time: 87 Distance: 2.98
400 Time: 87 Distance: 2.98
401 Time: 87 Distance: 2.98
402 Time: 87 Distance: 2.98
403 Time: 84 Distance: 2.88
404 Time: 87 Distance: 2.98
405 Time: 84 Distance: 2.88
406 Time: 87 Distance: 2.98
407 Time: 87 Distance: 2.98
408 Time: 87 Distance: 2.98
409 Time: 87 Distance: 2.98
410 Time: 87 Distance: 2.98
411 Time: 87 Distance: 2.98
412 Time: 87 Distance: 2.98
413 Time: 87 Distance: 2.98
414 Time: 84 Distance: 2.88
415 Time: 87 Distance: 2.98
416 Time: 84 Distance: 2.88
417 Time: 87 Distance: 2.98
418 Time: 87 Distance: 2.98
419 Time: 87 Distance: 2.98
420 Time: 87 Distance: 2.98
421 Time: 87 Distance: 2.98
422 Time: 87 Distance: 2.98
423 Time: 87 Distance: 2.98
424 Time: 87 Distance: 2.98
425 Time: 84 Distance: 2.88
426 Time: 87 Distance: 2.98
427 Time: 87 Distance: 2.98
428 Time: 87 Distance: 2.98
429 Time: 87 Distance: 2.98
430 Time: 87 Distance: 2.98
431 Time: 87 Distance: 2.98
432 Time: 87 Distance: 2.98
433 Time: 87 Distance: 2.98
434 Time: 84 Distance: 2.88
435 Time: 87 Distance: 2.98
436 Time: 84 Distance: 2.88
437 Time: 87 Distance: 2.98
438 Time: 87 Distance: 2.98
439 Time: 87 Distance: 2.98
440 Time: 87 Distance: 2.98
441 Time: 87 Distance: 2.98
442 Time: 87 Distance: 2.98
443 Time: 87 Distance: 2.98
444 Time: 87 Distance: 2.98
445 Time: 84 Distance: 2.88
446 Time: 87 Distance: 2.98
447 Time: 84 Distance: 2.88
448 Time: 87 Distance: 2.98
449 Time: 87 Distance: 2.98
450 Time: 87 Distance: 2.98
451 Time: 87 Distance: 2.98
452 Time: 87 Distance: 2.98
453 Time: 87 Distance: 2.98
454 Time: 87 Distance: 2.98
455 Time: 87 Distance: 2.98
456 Time: 84 Distance: 2.88
457 Time: 87 Distance: 2.98
458 Time: 84 Distance: 2.88
459 Time: 87 Distance: 2.98
460 Time: 87 Distance: 2.98
461 Time: 87 Distance: 2.98
462 Time: 87 Distance: 2.98
463 Time: 87 Distance: 2.98
464 Time: 87 Distance: 2.98
465 Time: 87 Distance: 2.98
466 Time: 87 Distance: 2.98
467 Time: 84 Distance: 2.88
468 Time: 87 Distance: 2.98
469 Time: 84 Distance: 2.88
470 Time: 87 Distance: 2.98
471 Time: 87 Distance: 2.98
472 Time: 87 Distance: 2.98
473 Time: 87 Distance: 2.98
474 Time: 87 Distance: 2.98
475 Time: 87 Distance: 2.98
476 Time: 87 Distance: 2.98
477 Time: 87 Distance: 2.98
478 Time: 84 Distance: 2.88
479 Time: 87 Distance: 2.98
480 Time: 84 Distance: 2.88
481 Time: 87 Distance: 2.98
482 Time: 87 Distance: 2.98
483 Time: 87 Distance: 2.98
484 Time: 87 Distance: 2.98
485 Time: 87 Distance: 2.98
486 Time: 87 Distance: 2.98
487 Time: 87 Distance: 2.98
488 Time: 87 Distance: 2.98
489 Time: 84 Distance: 2.88
490 Time: 87 Distance: 2.98
491 Time: 87 Distance: 2.98
492 Time: 87 Distance: 2.98
493 Time: 87 Distance: 2.98
494 Time: 87 Distance: 2.98
495 Time: 87 Distance: 2.98
496 Time: 87 Distance: 2.98
497 Time: 87 Distance: 2.98
498 Time: 84 Distance: 2.88
499 Time: 87 Distance: 2.98
500 Time: 84 Distance: 2.88
501 Time: 87 Distance: 2.98
502 Time: 87 Distance: 2.98
503 Time: 87 Distance: 2.98
504 Time: 87 Distance: 2.98
505 Time: 87 Distance: 2.98
506 Time: 87 Distance: 2.98
507 Time: 87 Distance: 2.98
508 Time: 87 Distance: 2.98
509 Time: 84 Distance: 2.88
510 Time: 87 Distance: 2.98
511 Time: 84 Distance: 2.88
512 Time: 87 Distance: 2.98
513 Time: 87 Distance: 2.98
514 Time: 87 Distance: 2.98
515 Time: 87 Distance: 2.98
516 Time: 87 Distance: 2.98
517 Time: 87 Distance: 2.98
518 Time: 87 Distance: 2.98
519 Time: 87 Distance: 2.98
520 Time: 84 Distance: 2.88
521 Time: 87 Distance: 2.98
522 Time: 84 Distance: 2.88
523 Time: 87 Distance: 2.98
524 Time: 87 Distance: 2.98
525 Time: 87 Distance: 2.98
526 Time: 87 Distance: 2.98
527 Time: 87 Distance: 2.98
528 Time: 87 Distance: 2.98
529 Time: 87 Distance: 2.98
530 Time: 87 Distance: 2.98
531 Time: 84 Distance: 2.88
532 Time: 87 Distance: 2.98
533 Time: 84 Distance: 2.88
534 Time: 87 Distance: 2.98
535 Time: 87 Distance: 2.98
536 Time: 87 Distance: 2.98
537 Time: 87 Distance: 2.98
538 Time: 87 Distance: 2.98
539 Time: 87 Distance: 2.98
540 Time: 87 Distance: 2.98
541 Time: 87 Distance: 2.98
542 Time: 84 Distance: 2.88
543 Time: 87 Distance: 2.98
544 Time: 84 Distance: 2.88
545 Time: 87 Distance: 2.98
546 Time: 87 Distance: 2.98
547 Time: 87 Distance: 2.98
548 Time: 87 Distance: 2.98
549 Time: 87 Distance: 2.98
550 Time: 87 Distance: 2.98
551 Time: 87 Distance: 2.98
552 Time: 87 Distance: 2.98
553 Time: 84 Distance: 2.88
554 Time: 87 Distance: 2.98
555 Time: 87 Distance: 2.98
556 Time: 87 Distance: 2.98
557 Time: 87 Distance: 2.98
558 Time: 87 Distance: 2.98
559 Time: 87 Distance: 2.98
560 Time: 87 Distance: 2.98
561 Time: 87 Distance: 2.98
562 Time: 84 Distance: 2.88
563 Time: 87 Distance: 2.98
564 Time: 84 Distance: 2.88
565 Time: 87 Distance: 2.98
566 Time: 87 Distance: 2.98
567 Time: 87 Distance: 2.98
568 Time: 87 Distance: 2.98
569 Time: 87 Distance: 2.98
570 Time: 87 Distance: 2.98
571 Time: 87 Distance: 2.98
572 Time: 87 Distance: 2.98
573 Time: 84 Distance: 2.88
574 Time: 87 Distance: 2.98
575 Time: 84 Distance: 2.88
576 Time: 87 Distance: 2.98
577 Time: 87 Distance: 2.98
578 Time: 87 Distance: 2.98
579 Time: 87 Distance: 2.98
580 Time: 87 Distance: 2.98
581 Time: 87 Distance: 2.98
582 Time: 87 Distance: 2.98
583 Time: 87 Distance: 2.98
584 Time: 84 Distance: 2.88
585 Time: 87 Distance: 2.98
586 Time: 84 Distance: 2.88
587 Time: 87 Distance: 2.98
588 Time: 87 Distance: 2.98
589 Time: 87 Distance: 2.98
590 Time: 87 Distance: 2.98
591 Time: 87 Distance: 2.98
592 Time: 87 Distance: 2.98
593 Time: 87 Distance: 2.98
594 Time: 87 Distance: 2.98
595 Time: 84 Distance: 2.88
596 Time: 87 Distance: 2.98
597 Time: 84 Distance: 2.88
598 Time: 87 Distance: 2.98
599 Time: 87 Distance: 2.98
600 Time: 87 Distance: 2.98
601 Time: 87 Distance: 2.98
602 Time: 87 Distance: 2.98
603 Time: 87 Distance: 2.98
604 Time: 87 Distance: 2.98
605 Time: 87 Distance: 2.98
606 Time: 84 Distance: 2.88
607 Time: 87 Distance: 2.98
608 Time: 84 Distance: 2.88
609 Time: 87 Distance: 2.98
610 Time: 87 Distance: 2.98
611 Time: 87 Distance: 2.98
612 Time: 87 Distance: 2.98
613 Time: 87 Distance: 2.98
614 Time: 87 Distance: 2.98
615 Time: 87 Distance: 2.98
616 Time: 87 Distance: 2.98
617 Time: 84 Distance: 2.88
618 Time: 87 Distance: 2.98
619 Time: 87 Distance: 2.98
620 Time: 87 Distance: 2.98
621 Time: 87 Distance: 2.98
622 Time: 87 Distance: 2.98
623 Time: 87 Distance: 2.98
624 Time: 87 Distance: 2.98
625 Time: 87 Distance: 2.98
626 Time: 84 Distance: 2.88
627 Time: 87 Distance: 2.98
628 Time: 84 Distance: 2.88
629 Time: 87 Distance: 2.98
630 Time: 87 Distance: 2.98
631 Time: 87 Distance: 2.98
632 Time: 87 Distance: 2.98
633 Time: 87 Distance: 2.98
634 Time: 87 Distance: 2.98
635 Time: 87 Distance: 2.98
636 Time: 87 Distance: 2.98
637 Time: 84 Distance: 2.88
638 Time: 87 Distance: 2.98
639 Time: 84 Distance: 2.88
640 Time: 87 Distance: 2.98
641 Time: 87 Distance: 2.98
642 Time: 87 Distance: 2.98
643 Time: 87 Distance: 2.98
644 Time: 87 Distance: 2.98
645 Time: 87 Distance: 2.98
646 Time: 87 Distance: 2.98
647 Time: 87 Distance: 2.98
648 Time: 84 Distance: 2.88
649 Time: 87 Distance: 2.98
650 Time: 84 Distance: 2.88
651 Time: 87 Distance: 2.98
652 Time: 87 Distance: 2.98
653 Time: 87 Distance: 2.98
654 Time: 87 Distance: 2.98
655 Time: 87 Distance: 2.98
656 Time: 87 Distance: 2.98
657 Time: 87 Distance: 2.98
658 Time: 87 Distance: 2.98
659 Time: 84 Distance: 2.88
660 Time: 87 Distance: 2.98
661 Time: 84 Distance: 2.88
662 Time: 87 Distance: 2.98
663 Time: 87 Distance: 2.98
664 Time: 87 Distance: 2.98
665 Time: 87 Distance: 2.98
666 Time: 87 Distance: 2.98
667 Time: 87 Distance: 2.98
668 Time: 87 Distance: 2.98
669 Time: 87 Distance: 2.98
670 Time: 84 Distance: 2.88
671 Time: 87 Distance: 2.98
672 Time: 84 Distance: 2.88
673 Time: 87 Distance: 2.98
674 Time: 87 Distance: 2.98
675 Time: 87 Distance: 2.98
676 Time: 87 Distance: 2.98
677 Time: 87 Distance: 2.98
678 Time: 87 Distance: 2.98
679 Time: 87 Distance: 2.98
680 Time: 87 Distance: 2.98
681 Time: 84 Distance: 2.88
682 Time: 87 Distance: 2.98
683 Time: 87 Distance: 2.98
684 Time: 87 Distance: 2.98
685 Time: 87 Distance: 2.98
686 Time: 87 Distance: 2.98
687 Time: 87 Distance: 2.98
688 Time: 87 Distance: 2.98
689 Time: 87 Distance: 2.98
690 Time: 84 Distance: 2.88
691 Time: 87 Distance: 2.98
692 Time: 84 Distance: 2.88
693 Time: 87 Distance: 2.98
694 Time: 87 Distance: 2.98
695 Time: 87 Distance: 2.98
696 Time: 87 Distance: 2.98
697 Time: 87 Distance: 2.98
698 Time: 87 Distance: 2.98
699 Time: 87 Distance: 2.98
700 Time: 87 Distance: 2.98
701 Time: 84 Distance: 2.88
702 Time: 87 Distance: 2.98
703 Time: 84 Distance: 2.88
704 Time: 87 Distance: 2.98
705 Time: 87 Distance: 2.98
706 Time: 87 Distance: 2.98
707 Time: 87 Distance: 2.98
708 Time: 87 Distance: 2.98
709 Time: 87 Distance: 2.98
710 Time: 87 Distance: 2.98
711 Time: 87 Distance: 2.98
712 Time: 84 Distance: 2.88
713 Time: 87 Distance: 2.98
714 Time: 84 Distance: 2.88
715 Time: 87 Distance: 2.98
716 Time: 87 Distance: 2.98
717 Time: 87 Distance: 2.98
718 Time: 87 Distance: 2.98
719 Time: 87 Distance: 2.98
720 Time: 87 Distance: 2.98
721 Time: 87 Distance: 2.98
722 Time: 87 Distance: 2.98
723 Time: 84 Distance: 2.88
724 Time: 87 Distance: 2.98
725 Time: 84 Distance: 2.88
726 Time: 87 Distance: 2.98
727 Time: 87 Distance: 2.98
728 Time: 87 Distance: 2.98
729 Time: 87 Distance: 2.98
730 Time: 87 Distance: 2.98
731 Time: 87 Distance: 2.98
732 Time: 87 Distance: 2.98
733 Time: 87 Distance: 2.98
734 Time: 84 Distance: 2.88
735 Time: 87 Distance: 2.98
736 Time: 84 Distance: 2.88
737 Time: 87 Distance: 2.98
738 Time: 87 Distance: 2.98
739 Time: 87 Distance: 2.98
740 Time: 87 Distance: 2.98
741 Time: 87 Distance: 2.98
742 Time: 87 Distance: 2.98
743 Time: 87 Distance: 2.98
744 Time: 87 Distance: 2.98
745 Time: 84 Distance: 2.88
746 Time: 87 Distance: 2.98
747 Time: 87 Distance: 2.98
748 Time: 87 Distance: 2.98
749 Time: 87 Distance: 2.98
750 Time: 87 Distance: 2.98
751 Time: 87 Distance: 2.98
752 Time: 87 Distance: 2.98
753 Time: 87 Distance: 2.98
754 Time: 84 Distance: 2.88
755 Time: 87 Distance: 2.98
756 Time: 84 Distance: 2.88
757 Time: 87 Distance: 2.98
758 Time: 87 Distance: 2.98
759 Time: 87 Distance: 2.98
760 Time: 87 Distance: 2.98
761 Time: 87 Distance: 2.98
762 Time: 87 Distance: 2.98
763 Time: 87 Distance: 2.98
764 Time: 87 Distance: 2.98
765 Time: 84 Distance: 2.88
766 Time: 87 Distance: 2.98
767 Time: 84 Distance: 2.88
768 Time: 87 Distance: 2.98
769 Time: 87 Distance: 2.98
770 Time: 87 Distance: 2.98
771 Time: 87 Distance: 2.98
772 Time: 87 Distance: 2.98
773 Time: 87 Distance: 2.98
774 Time: 87 Distance: 2.98
775 Time: 87 Distance: 2.98
776 Time: 84 Distance: 2.88
777 Time: 87 Distance: 2.98
778 Time: 84 Distance: 2.88
779 Time: 87 Distance: 2.98
780 Time: 87 Distance: 2.98
781 Time: 87 Distance: 2.98
782 Time: 87 Distance: 2.98
783 Time: 87 Distance: 2.98
784 Time: 87 Distance: 2.98
785 Time: 87 Distance: 2.98
786 Time: 87 Distance: 2.98
787 Time: 84 Distance: 2.88
788 Time: 87 Distance: 2.98
789 Time: 84 Distance: 2.88
790 Time: 87 Distance: 2.98
791 Time: 87 Distance: 2.98
792 Time: 87 Distance: 2.98
793 Time: 87 Distance: 2.98
794 Time: 87 Distance: 2.98
795 Time: 87 Distance: 2.98
796 Time: 87 Distance: 2.98
797 Time: 87 Distance: 2.98
798 Time: 84 Distance: 2.88
799 Time: 87 Distance: 2.98
800 Time: 84 Distance: 2.88
801 Time: 87 Distance: 2.98
802 Time: 87 Distance: 2.98
803 Time: 87 Distance: 2.98
804 Time: 87 Distance: 2.98
805 Time: 87 Distance: 2.98
806 Time: 87 Distance: 2.98
807 Time: 87 Distance: 2.98
808 Time: 87 Distance: 2.98
809 Time: 84 Distance: 2.88
810 Time: 87 Distance: 2.98
811 Time: 87 Distance: 2.98
812 Time: 87 Distance: 2.98
813 Time: 87 Distance: 2.98
814 Time: 87 Distance: 2.98
815 Time: 87 Distance: 2.98
816 Time: 87 Distance: 2.98
817 Time: 87 Distance: 2.98
818 Time: 84 Distance: 2.88
819 Time: 87 Distance: 2.98
820 Time: 84 Distance: 2.88
821 Time: 87 Distance: 2.98
822 Time: 87 Distance: 2.98
823 Time: 87 Distance: 2.98
824 Time: 87 Distance: 2.98
825 Time: 87 Distance: 2.98
826 Time: 87 Distance: 2.98
827 Time: 87 Distance: 2.98
828 Time: 87 Distance: 2.98
829 Time: 84 Distance: 2.88
830 Time: 87 Distance: 2.98
831 Time: 84 Distance: 2.88
832 Time: 87 Distance: 2.98
833 Time: 87 Distance: 2.98
834 Time: 87 Distance: 2.98
835 Time: 87 Distance: 2.98
836 Time: 87 Distance: 2.98
837 Time: 87 Distance: 2.98
838 Time: 87 Distance: 2.98
839 Time: 87 Distance: 2.98
840 Time: 84 Distance: 2.88
841 Time: 87 Distance: 2.98
842 Time: 84 Distance: 2.88
843 Time: 87 Distance: 2.98
844 Time: 87 Distance: 2.98
845 Time: 87 Distance: 2.98
846 Time: 87 Distance: 2.98
847 Time: 87 Distance: 2.98
848 Time: 87 Distance: 2.98
849 Time: 87 Distance: 2.98
850 Time: 87 Distance: 2.98
851 Time: 84 Distance: 2.88
852 Time: 87 Distance: 2.98
853 Time: 84 Distance: 2.88
854 Time: 87 Distance: 2.98
855 Time: 87 Distance: 2.98
856 Time: 87 Distance: 2.98
857 Time: 87 Distance: 2.98
858 Time: 87 Distance: 2.98
859 Time: 87 Distance: 2.98
860 Time: 87 Distance: 2.98
861 Time: 87 Distance: 2.98
862 Time: 84 Distance: 2.88
863 Time: 87 Distance: 2.98
864 Time: 84 Distance: 2.88
865 Time: 87 Distance: 2.98
866 Time: 87 Distance: 2.98
867 Time: 87 Distance: 2.98
868 Time: 87 Distance: 2.98
869 Time: 87 Distance: 2.98
870 Time: 87 Distance: 2.98
871 Time: 87 Distance: 2.98
872 Time: 87 Distance: 2.98
873 Time: 84 Distance: 2.88
874 Time: 87 Distance: 2.98
875 Time: 87 Distance: 2.98
876 Time: 87 Distance: 2.98
877 Time: 87 Distance: 2.98
878 Time: 87 Distance: 2.98
879 Time: 87 Distance: 2.98
880 Time: 87 Distance: 2.98
881 Time: 87 Distance: 2.98
882 Time: 84 Distance: 2.88
883 Time: 87 Distance: 2.98
884 Time: 84 Distance: 2.88
885 Time: 87 Distance: 2.98
886 Time: 87 Distance: 2.98
887 Time: 87 Distance: 2.98
888 Time: 87 Distance: 2.98
889 Time: 87 Distance: 2.98
890 Time: 87 Distance: 2.98
891 Time: 87 Distance: 2.98
892 Time: 87 Distance: 2.98
893 Time: 84 Distance: 2.88
894 Time: 87 Distance: 2.98
895 Time: 84 Distance: 2.88
896 Time: 87 Distance: 2.98
897 Time: 87 Distance: 2.98
898 Time: 87 Distance: 2.98
899 Time: 87 Distance: 2.98
900 Time: 87 Distance: 2.98
901 Time: 87 Distance: 2.98
902 Time: 87 Distance: 2.98
903 Time: 87 Distance: 2.98
904 Time: 84 Distance: 2.88
905 Time: 87 Distance: 2.98
906 Time: 84 Distance: 2.88
907 Time: 87 Distance: 2.98
908 Time: 87 Distance: 2.98
909 Time: 87 Distance: 2.98
910 Time: 87 Distance: 2.98
911 Time: 87 Distance: 2.98
912 Time: 87 Distance: 2.98
913 Time: 87 Distance: 2.98
914 Time: 87 Distance: 2.98
915 Time: 84 Distance: 2.88
916 Time: 87 Distance: 2.98
917 Time: 84 Distance: 2.88
918 Time: 87 Distance: 2.98
919 Time: 87 Distance: 2.98
920 Time: 87 Distance: 2.98
921 Time: 87 Distance: 2.98
922 Time: 87 Distance: 2.98
923 Time: 87 Distance: 2.98
924 Time: 87 Distance: 2.98
925 Time: 87 Distance: 2.98
926 Time: 84 Distance: 2.88
927 Time: 87 Distance: 2.98
928 Time: 84 Distance: 2.88
929 Time: 87 Distance: 2.98
930 Time: 87 Distance: 2.98
931 Time: 87 Distance: 2.98
932 Time: 87 Distance: 2.98
933 Time: 87 Distance: 2.98
934 Time: 87 Distance: 2.98
935 Time: 87 Distance: 2.98
936 Time: 87 Distance: 2.98
937 Time: 84 Distance: 2.88
938 Time: 87 Distance: 2.98
939 Time: 87 Distance: 2.98
940 Time: 87 Distance: 2.98
941 Time: 87 Distance: 2.98
942 Time: 87 Distance: 2.98
943 Time: 87 Distance: 2.98
944 Time: 87 Distance: 2.98
945 Time: 87 Distance: 2.98
946 Time: 84 Distance: 2.88
947 Time: 87 Distance: 2.98
948 Time: 84 Distance: 2.88
949 Time: 87 Distance: 2.98
950 Time: 87 Distance: 2.98
951 Time: 87 Distance: 2.98
952 Time: 87 Distance: 2.98
953 Time: 87 Distance: 2.98
954 Time: 87 Distance: 2.98
955 Time: 87 Distance: 2.98
956 Time: 87 Distance: 2.98
957 Time: 83 Distance: 2.86
958 Time: 87 Distance: 2.98
959 Time: 84 Distance: 2.88
960 Time: 87 Distance: 2.98
961 Time: 87 Distance: 2.98
962 Time: 87 Distance: 2.98
963 Time: 87 Distance: 2.98
964 Time: 87 Distance: 2.98
965 Time: 87 Distance: 2.98
966 Time: 87 Distance: 2.98
967 Time: 87 Distance: 2.98
968 Time: 84 Distance: 2.88
969 Time: 87 Distance: 2.98
970 Time: 84 Distance: 2.88
971 Time: 87 Distance: 2.98
972 Time: 87 Distance: 2.98
973 Time: 87 Distance: 2.98
974 Time: 87 Distance: 2.98
975 Time: 87 Distance: 2.98
976 Time: 87 Distance: 2.98
977 Time: 87 Distance: 2.98
978 Time: 87 Distance: 2.98
979 Time: 84 Distance: 2.88
980 Time: 87 Distance: 2.98
981 Time: 84 Distance: 2.88
982 Time: 87 Distance: 2.98
983 Time: 87 Distance: 2.98
984 Time: 87 Distance: 2.98
985 Time: 87 Distance: 2.98
986 Time: 87 Distance: 2.98
987 Time: 87 Distance: 2.98
988 Time: 87 Distance: 2.98
989 Time: 87 Distance: 2.98
990 Time: 84 Distance: 2.88
991 Time: 87 Distance: 2.98
992 Time: 84 Distance: 2.88
993 Time: 87 Distance: 2.98
994 Time: 87 Distance: 2.98
995 Time: 87 Distance: 2.98
996 Time: 87 Distance: 2.98
997 Time: 87 Distance: 2.98
998 Time: 87 Distance: 2.98
999 Time: 87 Distance: 2.98
1000 Time: 87 Distance: 2.98
1001 Time: 84 Distance: 2.88
1002 Time: 87 Distance: 2.98
1003 Time: 84 Distance: 2.88
1004 Time: 87 Distance: 2.98
1005 Time: 87 Distance: 2.98
1006 Time: 87 Distance: 2.98
1007 Time: 87 Distance: 2.98
1008 Time: 87 Distance: 2.98
1009 Time: 87 Distance: 2.98
1010 Time: 87 Distance: 2.98
1011 Time: 87 Distance: 2.98
1012 Time: 87 Distance: 2.98
1013 Time: 87 Distance: 2.98
1014 Time: 87 Distance: 2.98
1015 Time: 87 Distance: 2.98
1016 Time: 84 Distance: 2.88
1017 Time: 87 Distance: 2.98
1018 Time: 84 Distance: 2.88
1019 Time: 87 Distance: 2.98
1020 Time: 84 Distance: 2.88
1021 Time: 87 Distance: 2.98
1022 Time: 87 Distance: 2.98
1023 Time: 87 Distance: 2.98
1024 Time: 87 Distance: 2.98
1025 Time: 87 Distance: 2.98
1026 Time: 87 Distance: 2.98
1027 Time: 87 Distance: 2.98
1028 Time: 87 Distance: 2.98
1029 Time: 87 Distance: 2.98
1030 Time: 87 Distance: 2.98
1031 Time: 84 Distance: 2.88
1032 Time: 87 Distance: 2.98
1033 Time: 84 Distance: 2.88
1034 Time: 87 Distance: 2.98
1035 Time: 84 Distance: 2.88
1036 Time: 87 Distance: 2.98
1037 Time: 87 Distance: 2.98
1038 Time: 87 Distance: 2.98
1039 Time: 87 Distance: 2.98
1040 Time: 87 Distance: 2.98
1041 Time: 87 Distance: 2.98
1042 Time: 87 Distance: 2.98
1043 Time: 87 Distance: 2.98
1044 Time: 87 Distance: 2.98
1045 Time: 87 Distance: 2.98
1046 Time: 87 Distance: 2.98
1047 Time: 87 Distance: 2.98
1048 Time: 84 Distance: 2.88
1049 Time: 87 Distance: 2.98
1050 Time: 84 Distance: 2.88
1051 Time: 87 Distance: 2.98
1052 Time: 84 Distance: 2.88
1053 Time: 87 Distance: 2.98
1054 Time: 87 Distance: 2.98
1055 Time: 87 Distance: 2.98
1056 Time: 87 Distance: 2.98
1057 Time: 87 Distance: 2.98
1058 Time: 87 Distance: 2.98
1059 Time: 87 Distance: 2.98
1060 Time: 87 Distance: 2.98
1061 Time: 87 Distance: 2.98
1062 Time: 87 Distance: 2.98
1063 Time: 84 Distance: 2.88
1064 Time: 87 Distance: 2.98
1065 Time: 84 Distance: 2.88
1066 Time: 87 Distance: 2.98
1067 Time: 84 Distance: 2.88
1068 Time: 87 Distance: 2.98
1069 Time: 87 Distance: 2.98
1070 Time: 87 Distance: 2.98
1071 Time: 87 Distance: 2.98
1072 Time: 87 Distance: 2.98
1073 Time: 87 Distance: 2.98
1074 Time: 87 Distance: 2.98
1075 Time: 87 Distance: 2.98
1076 Time: 87 Distance: 2.98
1077 Time: 87 Distance: 2.98
1078 Time: 87 Distance: 2.98
1079 Time: 87 Distance: 2.98
1080 Time: 84 Distance: 2.88
1081 Time: 87 Distance: 2.98
1082 Time: 84 Distance: 2.88
1083 Time: 87 Distance: 2.98
1084 Time: 84 Distance: 2.88
1085 Time: 87 Distance: 2.98
1086 Time: 87 Distance: 2.98
1087 Time: 87 Distance: 2.98
1088 Time: 87 Distance: 2.98
1089 Time: 87 Distance: 2.98
1090 Time: 87 Distance: 2.98
1091 Time: 87 Distance: 2.98
1092 Time: 87 Distance: 2.98
1093 Time: 87 Distance: 2.98
1094 Time: 87 Distance: 2.98
1095 Time: 84 Distance: 2.88
1096 Time: 87 Distance: 2.98
1097 Time: 84 Distance: 2.88
1098 Time: 87 Distance: 2.98
1099 Time: 84 Distance: 2.88
1100 Time: 87 Distance: 2.98
1101 Time: 87 Distance: 2.98
1102 Time: 87 Distance: 2.98
1103 Time: 87 Distance: 2.98
1104 Time: 87 Distance: 2.98
1105 Time: 87 Distance: 2.98
1106 Time: 87 Distance: 2.98
1107 Time: 87 Distance: 2.98
1108 Time: 87 Distance: 2.98
1109 Time: 87 Distance: 2.98
1110 Time: 87 Distance: 2.98
1111 Time: 87 Distance: 2.98
1112 Time: 84 Distance: 2.88
1113 Time: 87 Distance: 2.98
1114 Time: 84 Distance: 2.88
1115 Time: 87 Distance: 2.98
1116 Time: 84 Distance: 2.88
1117 Time: 87 Distance: 2.98
1118 Time: 87 Distance: 2.98
1119 Time: 87 Distance: 2.98
1120 Time: 87 Distance: 2.98
1121 Time: 87 Distance: 2.98
1122 Time: 87 Distance: 2.98
1123 Time: 87 Distance: 2.98
1124 Time: 87 Distance: 2.98
1125 Time: 87 Distance: 2.98
1126 Time: 87 Distance: 2.98
1127 Time: 84 Distance: 2.88
1128 Time: 87 Distance: 2.98
1129 Time: 84 Distance: 2.88
1130 Time: 87 Distance: 2.98
1131 Time: 84 Distance: 2.88
1132 Time: 87 Distance: 2.98
1133 Time: 87 Distance: 2.98
1134 Time: 87 Distance: 2.98
1135 Time: 87 Distance: 2.98
1136 Time: 87 Distance: 2.98
1137 Time: 87 Distance: 2.98
1138 Time: 87 Distance: 2.98
1139 Time: 87 Distance: 2.98
1140 Time: 87 Distance: 2.98
1141 Time: 87 Distance: 2.98
1142 Time: 87 Distance: 2.98
1143 Time: 87 Distance: 2.98
1144 Time: 84 Distance: 2.88
1145 Time: 87 Distance: 2.98
1146 Time: 84 Distance: 2.88
1147 Time: 87 Distance: 2.98
1148 Time: 84 Distance: 2.88
1149 Time: 87 Distance: 2.98
1150 Time: 87 Distance: 2.98
1151 Time: 87 Distance: 2.98
1152 Time: 87 Distance: 2.98
1153 Time: 87 Distance: 2.98
1154 Time: 87 Distance: 2.98
1155 Time: 87 Distance: 2.98
1156 Time: 87 Distance: 2.98
1157 Time: 87 Distance: 2.98
1158 Time: 87 Distance: 2.98
1159 Time: 84 Distance: 2.88
1160 Time: 87 Distance: 2.98
1161 Time: 84 Distance: 2.88
1162 Time: 87 Distance: 2.98
1163 Time: 84 Distance: 2.88
1164 Time: 87 Distance: 2.98
1165 Time: 87 Distance: 2.98
1166 Time: 87 Distance: 2.98
1167 Time: 87 Distance: 2.98
1168 Time: 87 Distance: 2.98
1169 Time: 87 Distance: 2.98
1170 Time: 87 Distance: 2.98
1171 Time: 87 Distance: 2.98
1172 Time: 87 Distance: 2.98
1173 Time: 87 Distance: 2.98
1174 Time: 87 Distance: 2.98
1175 Time: 87 Distance: 2.98
1176 Time: 84 Distance: 2.88
1177 Time: 87 Distance: 2.98
1178 Time: 84 Distance: 2.88
1179 Time: 87 Distance: 2.98
1180 Time: 84 Distance: 2.88
1181 Time: 87 Distance: 2.98
1182 Time: 87 Distance: 2.98
1183 Time: 87 Distance: 2.98
1184 Time: 87 Distance: 2.98
1185 Time: 87 Distance: 2.98
1186 Time: 87 Distance: 2.98
1187 Time: 87 Distance: 2.98
1188 Time: 87 Distance: 2.98
1189 Time: 87 Distance: 2.98
1190 Time: 87 Distance: 2.98
1191 Time: 84 Distance: 2.88
1192 Time: 87 Distance: 2.98
1193 Time: 84 Distance: 2.88
1194 Time: 87 Distance: 2.98
1195 Time: 84 Distance: 2.88
1196 Time: 87 Distance: 2.98
1197 Time: 87 Distance: 2.98
1198 Time: 87 Distance: 2.98
1199 Time: 87 Distance: 2.98
1200 Time: 87 Distance: 2.98
1201 Time: 87 Distance: 2.98
1202 Time: 87 Distance: 2.98
1203 Time: 87 Distance: 2.98
1204 Time: 87 Distance: 2.98
1205 Time: 87 Distance: 2.98
1206 Time: 87 Distance: 2.98
1207 Time: 87 Distance: 2.98
1208 Time: 84 Distance: 2.88
1209 Time: 87 Distance: 2.98
1210 Time: 84 Distance: 2.88
1211 Time: 87 Distance: 2.98
1212 Time: 84 Distance: 2.88
1213 Time: 87 Distance: 2.98
1214 Time: 87 Distance: 2.98
1215 Time: 87 Distance: 2.98
1216 Time: 87 Distance: 2.98
1217 Time: 87 Distance: 2.98
1218 Time: 87 Distance: 2.98
1219 Time: 87 Distance: 2.98
1220 Time: 87 Distance: 2.98
1221 Time: 87 Distance: 2.98
1222 Time: 87 Distance: 2.98
1223 Time: 84 Distance: 2.88
1224 Time: 87 Distance: 2.98
1225 Time: 84 Distance: 2.88
1226 Time: 87 Distance: 2.98
1227 Time: 84 Distance: 2.88
1228 Time: 87 Distance: 2.98
1229 Time: 87 Distance: 2.98
1230 Time: 87 Distance: 2.98
1231 Time: 87 Distance: 2.98
1232 Time: 87 Distance: 2.98
1233 Time: 87 Distance: 2.98
1234 Time: 87 Distance: 2.98
1235 Time: 87 Distance: 2.98
1236 Time: 87 Distance: 2.98
1237 Time: 87 Distance: 2.98
1238 Time: 87 Distance: 2.98
1239 Time: 87 Distance: 2.98
1240 Time: 84 Distance: 2.88
1241 Time: 87 Distance: 2.98
1242 Time: 84 Distance: 2.88
1243 Time: 87 Distance: 2.98
1244 Time: 84 Distance: 2.88
1245 Time: 87 Distance: 2.98
1246 Time: 87 Distance: 2.98
1247 Time: 87 Distance: 2.98
1248 Time: 87 Distance: 2.98
1249 Time: 87 Distance: 2.98
1250 Time: 87 Distance: 2.98
1251 Time: 87 Distance: 2.98
1252 Time: 87 Distance: 2.98
1253 Time: 87 Distance: 2.98
1254 Time: 87 Distance: 2.98
1255 Time: 84 Distance: 2.88
1256 Time: 87 Distance: 2.98
1257 Time: 84 Distance: 2.88
1258 Time: 87 Distance: 2.98
1259 Time: 84 Distance: 2.88
1260 Time: 87 Distance: 2.98
1261 Time: 87 Distance: 2.98
1262 Time: 87 Distance: 2.98
1263 Time: 87 Distance: 2.98
1264 Time: 87 Distance: 2.98
1265 Time: 87 Distance: 2.98
1266 Time: 87 Distance: 2.98
1267 Time: 87 Distance: 2.98
1268 Time: 87 Distance: 2.98
1269 Time: 87 Distance: 2.98
1270 Time: 87 Distance: 2.98
1271 Time: 87 Distance: 2.98
1272 Time: 84 Distance: 2.88
1273 Time: 87 Distance: 2.98
1274 Time: 84 Distance: 2.88
1275 Time: 87 Distance: 2.98
1276 Time: 84 Distance: 2.88
1277 Time: 87 Distance: 2.98
1278 Time: 87 Distance: 2.98
1279 Time: 87 Distance: 2.98
1280 Time: 87 Distance: 2.98
1281 Time: 87 Distance: 2.98
1282 Time: 87 Distance: 2.98
1283 Time: 87 Distance: 2.98
1284 Time: 87 Distance: 2.98
1285 Time: 87 Distance: 2.98
1286 Time: 87 Distance: 2.98
1287 Time: 84 Distance: 2.88
1288 Time: 87 Distance: 2.98
1289 Time: 84 Distance: 2.88
1290 Time: 87 Distance: 2.98
1291 Time: 84 Distance: 2.88
1292 Time: 87 Distance: 2.98
1293 Time: 87 Distance: 2.98
1294 Time: 87 Distance: 2.98
1295 Time: 87 Distance: 2.98
1296 Time: 87 Distance: 2.98
1297 Time: 87 Distance: 2.98
1298 Time: 87 Distance: 2.98
1299 Time: 87 Distance: 2.98
1300 Time: 87 Distance: 2.98
1301 Time: 87 Distance: 2.98
1302 Time: 87 Distance: 2.98
1303 Time: 87 Distance: 2.98
1304 Time: 84 Distance: 2.88
1305 Time: 87 Distance: 2.98
1306 Time: 84 Distance: 2.88
1307 Time: 87 Distance: 2.98
1308 Time: 84 Distance: 2.88
1309 Time: 87 Distance: 2.98
1310 Time: 87 Distance: 2.98
1311 Time: 87 Distance: 2.98
1312 Time: 87 Distance: 2.98
1313 Time: 87 Distance: 2.98
1314 Time: 87 Distance: 2.98
1315 Time: 87 Distance: 2.98
1316 Time: 87 Distance: 2.98
1317 Time: 87 Distance: 2.98
1318 Time: 87 Distance: 2.98
1319 Time: 84 Distance: 2.88
1320 Time: 87 Distance: 2.98
1321 Time: 84 Distance: 2.88
1322 Time: 87 Distance: 2.98
1323 Time: 84 Distance: 2.88
1324 Time: 87 Distance: 2.98
1325 Time: 87 Distance: 2.98
1326 Time: 87 Distance: 2.98
1327 Time: 87 Distance: 2.98
1328 Time: 87 Distance: 2.98
1329 Time: 87 Distance: 2.98
1330 Time: 87 Distance: 2.98
1331 Time: 87 Distance: 2.98
1332 Time: 87 Distance: 2.98
1333 Time: 87 Distance: 2.98
1334 Time: 87 Distance: 2.98
1335 Time: 87 Distance: 2.98
1336 Time: 84 Distance: 2.88
1337 Time: 87 Distance: 2.98
1338 Time: 84 Distance: 2.88
1339 Time: 87 Distance: 2.98
1340 Time: 84 Distance: 2.88
1341 Time: 87 Distance: 2.98
1342 Time: 87 Distance: 2.98
1343 Time: 87 Distance: 2.98
1344 Time: 87 Distance: 2.98
1345 Time: 87 Distance: 2.98
1346 Time: 87 Distance: 2.98
1347 Time: 87 Distance: 2.98
1348 Time: 87 Distance: 2.98
1349 Time: 87 Distance: 2.98
1350 Time: 87 Distance: 2.98
1351 Time: 84 Distance: 2.88
1352 Time: 87 Distance: 2.98
1353 Time: 84 Distance: 2.88
1354 Time: 87 Distance: 2.98
1355 Time: 84 Distance: 2.88
1356 Time: 87 Distance: 2.98
1357 Time: 87 Distance: 2.98
1358 Time: 87 Distance: 2.98
1359 Time: 87 Distance: 2.98
1360 Time: 87 Distance: 2.98
1361 Time: 87 Distance: 2.98
1362 Time: 87 Distance: 2.98
1363 Time: 87 Distance: 2.98
1364 Time: 87 Distance: 2.98
1365 Time: 87 Distance: 2.98
1366 Time: 87 Distance: 2.98
1367 Time: 87 Distance: 2.98
1368 Time: 84 Distance: 2.88
1369 Time: 87 Distance: 2.98
1370 Time: 84 Distance: 2.88
1371 Time: 87 Distance: 2.98
1372 Time: 84 Distance: 2.88
1373 Time: 87 Distance: 2.98
1374 Time: 87 Distance: 2.98
1375 Time: 87 Distance: 2.98
1376 Time: 87 Distance: 2.98
1377 Time: 87 Distance: 2.98
1378 Time: 87 Distance: 2.98
1379 Time: 87 Distance: 2.98
1380 Time: 87 Distance: 2.98
1381 Time: 87 Distance: 2.98
1382 Time: 87 Distance: 2.98
1383 Time: 84 Distance: 2.88
1384 Time: 87 Distance: 2.98
1385 Time: 84 Distance: 2.88
1386 Time: 87 Distance: 2.98
1387 Time: 84 Distance: 2.88
1388 Time: 87 Distance: 2.98
1389 Time: 87 Distance: 2.98
1390 Time: 87 Distance: 2.98
1391 Time: 87 Distance: 2.98
1392 Time: 87 Distance: 2.98
1393 Time: 87 Distance: 2.98
1394 Time: 87 Distance: 2.98
1395 Time: 87 Distance: 2.98
1396 Time: 87 Distance: 2.98
1397 Time: 87 Distance: 2.98
1398 Time: 87 Distance: 2.98
1399 Time: 87 Distance: 2.98
1400 Time: 84 Distance: 2.88
1401 Time: 87 Distance: 2.98
1402 Time: 84 Distance: 2.88
1403 Time: 87 Distance: 2.98
1404 Time: 84 Distance: 2.88
1405 Time: 87 Distance: 2.98
1406 Time: 87 Distance: 2.98
1407 Time: 87 Distance: 2.98
1408 Time: 87 Distance: 2.98
1409 Time: 87 Distance: 2.98
1410 Time: 87 Distance: 2.98
1411 Time: 87 Distance: 2.98
1412 Time: 87 Distance: 2.98
1413 Time: 87 Distance: 2.98
1414 Time: 87 Distance: 2.98
1415 Time: 84 Distance: 2.88
1416 Time: 87 Distance: 2.98
1417 Time: 84 Distance: 2.88
1418 Time: 87 Distance: 2.98
1419 Time: 84 Distance: 2.88
1420 Time: 87 Distance: 2.98
1421 Time: 87 Distance: 2.98
1422 Time: 87 Distance: 2.98
1423 Time: 87 Distance: 2.98
1424 Time: 87 Distance: 2.98
1425 Time: 87 Distance: 2.98
1426 Time: 87 Distance: 2.98
1427 Time: 87 Distance: 2.98
1428 Time: 87 Distance: 2.98
1429 Time: 87 Distance: 2.98
1430 Time: 87 Distance: 2.98
1431 Time: 87 Distance: 2.98
1432 Time: 84 Distance: 2.88
1433 Time: 87 Distance: 2.98
1434 Time: 84 Distance: 2.88
1435 Time: 87 Distance: 2.98
1436 Time: 84 Distance: 2.88
1437 Time: 87 Distance: 2.98
1438 Time: 87 Distance: 2.98
1439 Time: 87 Distance: 2.98
1440 Time: 87 Distance: 2.98
1441 Time: 87 Distance: 2.98
1442 Time: 87 Distance: 2.98
1443 Time: 87 Distance: 2.98
1444 Time: 87 Distance: 2.98
1445 Time: 87 Distance: 2.98
1446 Time: 87 Distance: 2.98
1447 Time: 84 Distance: 2.88
1448 Time: 87 Distance: 2.98
1449 Time: 84 Distance: 2.88
1450 Time: 87 Distance: 2.98
1451 Time: 84 Distance: 2.88
1452 Time: 87 Distance: 2.98
1453 Time: 87 Distance: 2.98
1454 Time: 87 Distance: 2.98
1455 Time: 87 Distance: 2.98
1456 Time: 87 Distance: 2.98
1457 Time: 87 Distance: 2.98
1458 Time: 87 Distance: 2.98
1459 Time: 87 Distance: 2.98
1460 Time: 87 Distance: 2.98
1461 Time: 87 Distance: 2.98
1462 Time: 87 Distance: 2.98
1463 Time: 87 Distance: 2.98
1464 Time: 84 Distance: 2.88
1465 Time: 87 Distance: 2.98
1466 Time: 84 Distance: 2.88
1467 Time: 87 Distance: 2.98
1468 Time: 84 Distance: 2.88
1469 Time: 87 Distance: 2.98
1470 Time: 87 Distance: 2.98
1471 Time: 87 Distance: 2.98
1472 Time: 87 Distance: 2.98
1473 Time: 87 Distance: 2.98
1474 Time: 87 Distance: 2.98
1475 Time: 87 Distance: 2.98
1476 Time: 87 Distance: 2.98
1477 Time: 87 Distance: 2.98
1478 Time: 87 Distance: 2.98
1479 Time: 84 Distance: 2.88
1480 Time: 87 Distance: 2.98
1481 Time: 84 Distance: 2.88
1482 Time: 87 Distance: 2.98
1483 Time: 84 Distance: 2.88
1484 Time: 87 Distance: 2.98
1485 Time: 87 Distance: 2.98
1486 Time: 87 Distance: 2.98
1487 Time: 87 Distance: 2.98
1488 Time: 87 Distance: 2.98
1489 Time: 87 Distance: 2.98
1490 Time: 87 Distance: 2.98
1491 Time: 87 Distance: 2.98
1492 Time: 87 Distance: 2.98
1493 Time: 87 Distance: 2.98
1494 Time: 87 Distance: 2.98
1495 Time: 87 Distance: 2.98
1496 Time: 84 Distance: 2.88
1497 Time: 87 Distance: 2.98
1498 Time: 84 Distance: 2.88
1499 Time: 87 Distance: 2.98
1500 Time: 84 Distance: 2.88
1501 Time: 87 Distance: 2.98
1502 Time: 87 Distance: 2.98
1503 Time: 87 Distance: 2.98
1504 Time: 87 Distance: 2.98
1505 Time: 87 Distance: 2.98
1506 Time: 87 Distance: 2.98
1507 Time: 87 Distance: 2.98
1508 Time: 87 Distance: 2.98
1509 Time: 87 Distance: 2.98
1510 Time: 87 Distance: 2.98
1511 Time: 84 Distance: 2.88
1512 Time: 87 Distance: 2.98
1513 Time: 84 Distance: 2.88
1514 Time: 87 Distance: 2.98
1515 Time: 84 Distance: 2.88
1516 Time: 87 Distance: 2.98
1517 Time: 87 Distance: 2.98
1518 Time: 87 Distance: 2.98
1519 Time: 87 Distance: 2.98
1520 Time: 87 Distance: 2.98
1521 Time: 87 Distance: 2.98
1522 Time: 87 Distance: 2.98
1523 Time: 87 Distance: 2.98
1524 Time: 87 Distance: 2.98
1525 Time: 87 Distance: 2.98
1526 Time: 87 Distance: 2.98
1527 Time: 87 Distance: 2.98
1528 Time: 84 Distance: 2.88
1529 Time: 87 Distance: 2.98
1530 Time: 84 Distance: 2.88
1531 Time: 87 Distance: 2.98
1532 Time: 84 Distance: 2.88
1533 Time: 87 Distance: 2.98
1534 Time: 87 Distance: 2.98
1535 Time: 87 Distance: 2.98
1536 Time: 87 Distance: 2.98
1537 Time: 87 Distance: 2.98
1538 Time: 87 Distance: 2.98
1539 Time: 87 Distance: 2.98
1540 Time: 87 Distance: 2.98
1541 Time: 87 Distance: 2.98
1542 Time: 87 Distance: 2.98
1543 Time: 84 Distance: 2.88
1544 Time: 87 Distance: 2.98
1545 Time: 84 Distance: 2.88
1546 Time: 87 Distance: 2.98
1547 Time: 84 Distance: 2.88
1548 Time: 87 Distance: 2.98
1549 Time: 87 Distance: 2.98
1550 Time: 87 Distance: 2.98
1551 Time: 87 Distance: 2.98
1552 Time: 87 Distance: 2.98
1553 Time: 87 Distance: 2.98
1554 Time: 87 Distance: 2.98
1555 Time: 87 Distance: 2.98
1556 Time: 87 Distance: 2.98
1557 Time: 87 Distance: 2.98
1558 Time: 87 Distance: 2.98
1559 Time: 87 Distance: 2.98
1560 Time: 84 Distance: 2.88
1561 Time: 87 Distance: 2.98
1562 Time: 84 Distance: 2.88
1563 Time: 87 Distance: 2.98
1564 Time: 84 Distance: 2.88
1565 Time: 87 Distance: 2.98
1566 Time: 87 Distance: 2.98
1567 Time: 87 Distance: 2.98
1568 Time: 87 Distance: 2.98
1569 Time: 87 Distance: 2.98
1570 Time: 87 Distance: 2.98
1571 Time: 87 Distance: 2.98
1572 Time: 87 Distance: 2.98
1573 Time: 87 Distance: 2.98
1574 Time: 87 Distance: 2.98
1575 Time: 84 Distance: 2.88
1576 Time: 87 Distance: 2.98
1577 Time: 84 Distance: 2.88
1578 Time: 87 Distance: 2.98
1579 Time: 84 Distance: 2.88
1580 Time: 87 Distance: 2.98
1581 Time: 87 Distance: 2.98
1582 Time: 87 Distance: 2.98
1583 Time: 87 Distance: 2.98
1584 Time: 87 Distance: 2.98
1585 Time: 87 Distance: 2.98
1586 Time: 87 Distance: 2.98
1587 Time: 87 Distance: 2.98
1588 Time: 87 Distance: 2.98
1589 Time: 87 Distance: 2.98
1590 Time: 87 Distance: 2.98
1591 Time: 87 Distance: 2.98
1592 Time: 84 Distance: 2.88
1593 Time: 87 Distance: 2.98
1594 Time: 84 Distance: 2.88
1595 Time: 87 Distance: 2.98
1596 Time: 84 Distance: 2.88
1597 Time: 87 Distance: 2.98
1598 Time: 87 Distance: 2.98
1599 Time: 87 Distance: 2.98
1600 Time: 87 Distance: 2.98
1601 Time: 87 Distance: 2.98
1602 Time: 87 Distance: 2.98
1603 Time: 87 Distance: 2.98
1604 Time: 87 Distance: 2.98
1605 Time: 87 Distance: 2.98
1606 Time: 87 Distance: 2.98
1607 Time: 84 Distance: 2.88
1608 Time: 87 Distance: 2.98
1609 Time: 84 Distance: 2.88
1610 Time: 87 Distance: 2.98
1611 Time: 84 Distance: 2.88
1612 Time: 87 Distance: 2.98
1613 Time: 87 Distance: 2.98
1614 Time: 87 Distance: 2.98
1615 Time: 87 Distance: 2.98
1616 Time: 87 Distance: 2.98
1617 Time: 87 Distance: 2.98
1618 Time: 87 Distance: 2.98
1619 Time: 87 Distance: 2.98
1620 Time: 87 Distance: 2.98
1621 Time: 87 Distance: 2.98
1622 Time: 87 Distance: 2.98
1623 Time: 87 Distance: 2.98
1624 Time: 84 Distance: 2.88
1625 Time: 87 Distance: 2.98
1626 Time: 84 Distance: 2.88
1627 Time: 87 Distance: 2.98
1628 Time: 84 Distance: 2.88
1629 Time: 87 Distance: 2.98
1630 Time: 87 Distance: 2.98
1631 Time: 87 Distance: 2.98
1632 Time: 87 Distance: 2.98
1633 Time: 87 Distance: 2.98
1634 Time: 87 Distance: 2.98
1635 Time: 87 Distance: 2.98
1636 Time: 87 Distance: 2.98
1637 Time: 87 Distance: 2.98
1638 Time: 87 Distance: 2.98
1639 Time: 84 Distance: 2.88
1640 Time: 87 Distance: 2.98
1641 Time: 84 Distance: 2.88
1642 Time: 87 Distance: 2.98
1643 Time: 84 Distance: 2.88
1644 Time: 87 Distance: 2.98
1645 Time: 87 Distance: 2.98
1646 Time: 87 Distance: 2.98
1647 Time: 87 Distance: 2.98
1648 Time: 87 Distance: 2.98
1649 Time: 87 Distance: 2.98
1650 Time: 87 Distance: 2.98
1651 Time: 87 Distance: 2.98
1652 Time: 87 Distance: 2.98
1653 Time: 87 Distance: 2.98
1654 Time: 87 Distance: 2.98
1655 Time: 87 Distance: 2.98
1656 Time: 84 Distance: 2.88
1657 Time: 87 Distance: 2.98
1658 Time: 84 Distance: 2.88
1659 Time: 87 Distance: 2.98
1660 Time: 84 Distance: 2.88
1661 Time: 87 Distance: 2.98
1662 Time: 87 Distance: 2.98
1663 Time: 87 Distance: 2.98
1664 Time: 87 Distance: 2.98
1665 Time: 87 Distance: 2.98
1666 Time: 87 Distance: 2.98
1667 Time: 87 Distance: 2.98
1668 Time: 87 Distance: 2.98
1669 Time: 87 Distance: 2.98
1670 Time: 87 Distance: 2.98
1671 Time: 84 Distance: 2.88
1672 Time: 87 Distance: 2.98
1673 Time: 84 Distance: 2.88
1674 Time: 87 Distance: 2.98
1675 Time: 84 Distance: 2.88
1676 Time: 87 Distance: 2.98
1677 Time: 87 Distance: 2.98
1678 Time: 87 Distance: 2.98
1679 Time: 87 Distance: 2.98
1680 Time: 87 Distance: 2.98
1681 Time: 87 Distance: 2.98
1682 Time: 87 Distance: 2.98
1683 Time: 87 Distance: 2.98
1684 Time: 87 Distance: 2.98
1685 Time: 87 Distance: 2.98
1686 Time: 87 Distance: 2.98
1687 Time: 87 Distance: 2.98
1688 Time: 84 Distance: 2.88
1689 Time: 87 Distance: 2.98
1690 Time: 84 Distance: 2.88
1691 Time: 87 Distance: 2.98
1692 Time: 84 Distance: 2.88
1693 Time: 87 Distance: 2.98
1694 Time: 87 Distance: 2.98
1695 Time: 87 Distance: 2.98
1696 Time: 87 Distance: 2.98
1697 Time: 87 Distance: 2.98
1698 Time: 87 Distance: 2.98
1699 Time: 87 Distance: 2.98
1700 Time: 87 Distance: 2.98
1701 Time: 87 Distance: 2.98
1702 Time: 87 Distance: 2.98
1703 Time: 84 Distance: 2.88
1704 Time: 87 Distance: 2.98
1705 Time: 84 Distance: 2.88
1706 Time: 87 Distance: 2.98
1707 Time: 84 Distance: 2.88
1708 Time: 87 Distance: 2.98
1709 Time: 87 Distance: 2.98
1710 Time: 87 Distance: 2.98
1711 Time: 87 Distance: 2.98
1712 Time: 87 Distance: 2.98
1713 Time: 87 Distance: 2.98
1714 Time: 87 Distance: 2.98
1715 Time: 87 Distance: 2.98
1716 Time: 87 Distance: 2.98
1717 Time: 87 Distance: 2.98
1718 Time: 87 Distance: 2.98
1719 Time: 87 Distance: 2.98
1720 Time: 84 Distance: 2.88
1721 Time: 87 Distance: 2.98
1722 Time: 84 Distance: 2.88
1723 Time: 87 Distance: 2.98
1724 Time: 84 Distance: 2.88
1725 Time: 87 Distance: 2.98
1726 Time: 87 Distance: 2.98
1727 Time: 87 Distance: 2.98
1728 Time: 87 Distance: 2.98
1729 Time: 87 Distance: 2.98
1730 Time: 87 Distance: 2.98
1731 Time: 87 Distance: 2.98
1732 Time: 87 Distance: 2.98
1733 Time: 87 Distance: 2.98
1734 Time: 87 Distance: 2.98
1735 Time: 84 Distance: 2.88
1736 Time: 87 Distance: 2.98
1737 Time: 84 Distance: 2.88
1738 Time: 87 Distance: 2.98
1739 Time: 84 Distance: 2.88
1740 Time: 87 Distance: 2.98
1741 Time: 87 Distance: 2.98
1742 Time: 87 Distance: 2.98
1743 Time: 87 Distance: 2.98
1744 Time: 87 Distance: 2.98
1745 Time: 87 Distance: 2.98
1746 Time: 87 Distance: 2.98
1747 Time: 87 Distance: 2.98
1748 Time: 87 Distance: 2.98
1749 Time: 87 Distance: 2.98
1750 Time: 87 Distance: 2.98
1751 Time: 87 Distance: 2.98
1752 Time: 84 Distance: 2.88
1753 Time: 87 Distance: 2.98
1754 Time: 84 Distance: 2.88
1755 Time: 87 Distance: 2.98
1756 Time: 84 Distance: 2.88
1757 Time: 87 Distance: 2.98
1758 Time: 87 Distance: 2.98
1759 Time: 87 Distance: 2.98
1760 Time: 87 Distance: 2.98
1761 Time: 87 Distance: 2.98
1762 Time: 87 Distance: 2.98
1763 Time: 87 Distance: 2.98
1764 Time: 87 Distance: 2.98
1765 Time: 87 Distance: 2.98
1766 Time: 87 Distance: 2.98
1767 Time: 84 Distance: 2.88
1768 Time: 87 Distance: 2.98
1769 Time: 84 Distance: 2.88
1770 Time: 87 Distance: 2.98
1771 Time: 84 Distance: 2.88
1772 Time: 87 Distance: 2.98
1773 Time: 87 Distance: 2.98
1774 Time: 87 Distance: 2.98
1775 Time: 87 Distance: 2.98
1776 Time: 87 Distance: 2.98
1777 Time: 87 Distance: 2.98
1778 Time: 87 Distance: 2.98
1779 Time: 87 Distance: 2.98
1780 Time: 87 Distance: 2.98
1781 Time: 87 Distance: 2.98
1782 Time: 87 Distance: 2.98
1783 Time: 87 Distance: 2.98
1784 Time: 84 Distance: 2.88
1785 Time: 87 Distance: 2.98
1786 Time: 84 Distance: 2.88
1787 Time: 87 Distance: 2.98
1788 Time: 84 Distance: 2.88
1789 Time: 87 Distance: 2.98
1790 Time: 87 Distance: 2.98
1791 Time: 87 Distance: 2.98
1792 Time: 87 Distance: 2.98
1793 Time: 87 Distance: 2.98
1794 Time: 87 Distance: 2.98
1795 Time: 87 Distance: 2.98
1796 Time: 87 Distance: 2.98
1797 Time: 87 Distance: 2.98
1798 Time: 87 Distance: 2.98
1799 Time: 84 Distance: 2.88
1800 Time: 87 Distance: 2.98
1801 Time: 84 Distance: 2.88
1802 Time: 87 Distance: 2.98
1803 Time: 84 Distance: 2.88
1804 Time: 87 Distance: 2.98
1805 Time: 87 Distance: 2.98
1806 Time: 87 Distance: 2.98
1807 Time: 87 Distance: 2.98
1808 Time: 87 Distance: 2.98
1809 Time: 87 Distance: 2.98
1810 Time: 87 Distance: 2.98
1811 Time: 87 Distance: 2.98
1812 Time: 87 Distance: 2.98
1813 Time: 87 Distance: 2.98
1814 Time: 87 Distance: 2.98
1815 Time: 87 Distance: 2.98
1816 Time: 84 Distance: 2.88
1817 Time: 87 Distance: 2.98
1818 Time: 84 Distance: 2.88
1819 Time: 87 Distance: 2.98
1820 Time: 84 Distance: 2.88
1821 Time: 87 Distance: 2.98
1822 Time: 87 Distance: 2.98
1823 Time: 87 Distance: 2.98
1824 Time: 87 Distance: 2.98
1825 Time: 87 Distance: 2.98
1826 Time: 87 Distance: 2.98
1827 Time: 87 Distance: 2.98
1828 Time: 87 Distance: 2.98
1829 Time: 87 Distance: 2.98
1830 Time: 87 Distance: 2.98
1831 Time: 84 Distance: 2.88
1832 Time: 87 Distance: 2.98
1833 Time: 84 Distance: 2.88
1834 Time: 87 Distance: 2.98
1835 Time: 84 Distance: 2.88
1836 Time: 87 Distance: 2.98
1837 Time: 87 Distance: 2.98
1838 Time: 87 Distance: 2.98
1839 Time: 87 Distance: 2.98
1840 Time: 87 Distance: 2.98
1841 Time: 87 Distance: 2.98
1842 Time: 87 Distance: 2.98
1843 Time: 87 Distance: 2.98
1844 Time: 87 Distance: 2.98
1845 Time: 87 Distance: 2.98
1846 Time: 87 Distance: 2.98
1847 Time: 87 Distance: 2.98
1848 Time: 84 Distance: 2.88
1849 Time: 87 Distance: 2.98
1850 Time: 84 Distance: 2.88
1851 Time: 87 Distance: 2.98
1852 Time: 84 Distance: 2.88
1853 Time: 87 Distance: 2.98
1854 Time: 87 Distance: 2.98
1855 Time: 87 Distance: 2.98
1856 Time: 87 Distance: 2.98
1857 Time: 87 Distance: 2.98
1858 Time: 87 Distance: 2.98
1859 Time: 87 Distance: 2.98
1860 Time: 87 Distance: 2.98
1861 Time: 87 Distance: 2.98
1862 Time: 87 Distance: 2.98
1863 Time: 84 Distance: 2.88
1864 Time: 87 Distance: 2.98
1865 Time: 84 Distance: 2.88
1866 Time: 87 Distance: 2.98
1867 Time: 84 Distance: 2.88
1868 Time: 87 Distance: 2.98
1869 Time: 87 Distance: 2.98
1870 Time: 87 Distance: 2.98
1871 Time: 87 Distance: 2.98
1872 Time: 87 Distance: 2.98
1873 Time: 87 Distance: 2.98
1874 Time: 87 Distance: 2.98
1875 Time: 87 Distance: 2.98
1876 Time: 87 Distance: 2.98
1877 Time: 87 Distance: 2.98
1878 Time: 87 Distance: 2.98
1879 Time: 87 Distance: 2.98
1880 Time: 84 Distance: 2.88
1881 Time: 87 Distance: 2.98
1882 Time: 84 Distance: 2.88
1883 Time: 87 Distance: 2.98
1884 Time: 84 Distance: 2.88
1885 Time: 87 Distance: 2.98
1886 Time: 87 Distance: 2.98
1887 Time: 87 Distance: 2.98
1888 Time: 87 Distance: 2.98
1889 Time: 87 Distance: 2.98
1890 Time: 87 Distance: 2.98
1891 Time: 87 Distance: 2.98
1892 Time: 87 Distance: 2.98
1893 Time: 87 Distance: 2.98
1894 Time: 87 Distance: 2.98
1895 Time: 84 Distance: 2.88
1896 Time: 87 Distance: 2.98
1897 Time: 84 Distance: 2.88
1898 Time: 87 Distance: 2.98
1899 Time: 84 Distance: 2.88
1900 Time: 87 Distance: 2.98
1901 Time: 87 Distance: 2.98
1902 Time: 87 Distance: 2.98
1903 Time: 87 Distance: 2.98
1904 Time: 87 Distance: 2.98
1905 Time: 87 Distance: 2.98
1906 Time: 87 Distance: 2.98
1907 Time: 87 Distance: 2.98
1908 Time: 87 Distance: 2.98
1909 Time: 87 Distance: 2.98
1910 Time: 87 Distance: 2.98
1911 Time: 87 Distance: 2.98
1912 Time: 84 Distance: 2.88
1913 Time: 87 Distance: 2.98
1914 Time: 84 Distance: 2.88
1915 Time: 87 Distance: 2.98
1916 Time: 84 Distance: 2.88
1917 Time: 87 Distance: 2.98
1918 Time: 87 Distance: 2.98
1919 Time: 87 Distance: 2.98
1920 Time: 87 Distance: 2.98
1921 Time: 87 Distance: 2.98
1922 Time: 87 Distance: 2.98
1923 Time: 87 Distance: 2.98
1924 Time: 87 Distance: 2.98
1925 Time: 87 Distance: 2.98
1926 Time: 87 Distance: 2.98
1927 Time: 84 Distance: 2.88
1928 Time: 87 Distance: 2.98
1929 Time: 84 Distance: 2.88
1930 Time: 87 Distance: 2.98
1931 Time: 84 Distance: 2.88
1932 Time: 87 Distance: 2.98
1933 Time: 87 Distance: 2.98
1934 Time: 87 Distance: 2.98
1935 Time: 87 Distance: 2.98
1936 Time: 87 Distance: 2.98
1937 Time: 87 Distance: 2.98
1938 Time: 87 Distance: 2.98
1939 Time: 87 Distance: 2.98
1940 Time: 87 Distance: 2.98
1941 Time: 87 Distance: 2.98
1942 Time: 87 Distance: 2.98
1943 Time: 87 Distance: 2.98
1944 Time: 84 Distance: 2.88
1945 Time: 87 Distance: 2.98
1946 Time: 84 Distance: 2.88
1947 Time: 87 Distance: 2.98
1948 Time: 84 Distance: 2.88
1949 Time: 87 Distance: 2.98
1950 Time: 87 Distance: 2.98
1951 Time: 87 Distance: 2.98
1952 Time: 87 Distance: 2.98
1953 Time: 87 Distance: 2.98
1954 Time: 87 Distance: 2.98
1955 Time: 87 Distance: 2.98
1956 Time: 87 Distance: 2.98
1957 Time: 87 Distance: 2.98
1958 Time: 87 Distance: 2.98
1959 Time: 84 Distance: 2.88
1960 Time: 87 Distance: 2.98
1961 Time: 84 Distance: 2.88
1962 Time: 87 Distance: 2.98
1963 Time: 84 Distance: 2.88
1964 Time: 87 Distance: 2.98
1965 Time: 87 Distance: 2.98
1966 Time: 87 Distance: 2.98
1967 Time: 87 Distance: 2.98
1968 Time: 87 Distance: 2.98
1969 Time: 87 Distance: 2.98
1970 Time: 87 Distance: 2.98
1971 Time: 87 Distance: 2.98
1972 Time: 87 Distance: 2.98
1973 Time: 87 Distance: 2.98
1974 Time: 87 Distance: 2.98
1975 Time: 87 Distance: 2.98
1976 Time: 84 Distance: 2.88
1977 Time: 87 Distance: 2.98
1978 Time: 84 Distance: 2.88
1979 Time: 87 Distance: 2.98
1980 Time: 84 Distance: 2.88
1981 Time: 87 Distance: 2.98
1982 Time: 87 Distance: 2.98
1983 Time: 87 Distance: 2.98
1984 Time: 87 Distance: 2.98
1985 Time: 87 Distance: 2.98
1986 Time: 87 Distance: 2.98
1987 Time: 87 Distance: 2.98
1988 Time: 87 Distance: 2.98
1989 Time: 87 Distance: 2.98
1990 Time: 87 Distance: 2.98
1991 Time: 84 Distance: 2.88
1992 Time: 87 Distance: 2.98
1993 Time: 84 Distance: 2.88
1994 Time: 87 Distance: 2.98
1995 Time: 84 Distance: 2.88
1996 Time: 87 Distance: 2.98
1997 Time: 87 Distance: 2.98
1998 Time: 87 Distance: 2.98
1999 Time: 87 Distance: 2.98
2000 Time: 87 Distance: 2.98
